Component: ARM Compiler 5.06 update 7 (build 960) Tool: armlink [4d3601]

==============================================================================

Section Cross References

    startup_stm32h723xx.o(STACK) refers (Special) to heapauxi.o(.text) for __use_two_region_memory
    startup_stm32h723xx.o(HEAP) refers (Special) to heapauxi.o(.text) for __use_two_region_memory
    startup_stm32h723xx.o(RESET) refers (Special) to heapauxi.o(.text) for __use_two_region_memory
    startup_stm32h723xx.o(RESET) refers to startup_stm32h723xx.o(STACK) for __initial_sp
    startup_stm32h723xx.o(RESET) refers to startup_stm32h723xx.o(.text) for Reset_Handler
    startup_stm32h723xx.o(RESET) refers to stm32h7xx_it.o(i.NMI_Handler) for NMI_Handler
    startup_stm32h723xx.o(RESET) refers to stm32h7xx_it.o(i.HardFault_Handler) for HardFault_Handler
    startup_stm32h723xx.o(RESET) refers to stm32h7xx_it.o(i.MemManage_Handler) for MemManage_Handler
    startup_stm32h723xx.o(RESET) refers to stm32h7xx_it.o(i.BusFault_Handler) for BusFault_Handler
    startup_stm32h723xx.o(RESET) refers to stm32h7xx_it.o(i.UsageFault_Handler) for UsageFault_Handler
    startup_stm32h723xx.o(RESET) refers to stm32h7xx_it.o(i.SVC_Handler) for SVC_Handler
    startup_stm32h723xx.o(RESET) refers to stm32h7xx_it.o(i.DebugMon_Handler) for DebugMon_Handler
    startup_stm32h723xx.o(RESET) refers to stm32h7xx_it.o(i.PendSV_Handler) for PendSV_Handler
    startup_stm32h723xx.o(RESET) refers to stm32h7xx_it.o(i.SysTick_Handler) for SysTick_Handler
    startup_stm32h723xx.o(RESET) refers to stm32h7xx_it.o(i.EXTI0_IRQHandler) for EXTI0_IRQHandler
    startup_stm32h723xx.o(RESET) refers to stm32h7xx_it.o(i.DMA1_Stream0_IRQHandler) for DMA1_Stream0_IRQHandler
    startup_stm32h723xx.o(RESET) refers to stm32h7xx_it.o(i.DMA1_Stream1_IRQHandler) for DMA1_Stream1_IRQHandler
    startup_stm32h723xx.o(RESET) refers to stm32h7xx_it.o(i.DMA1_Stream2_IRQHandler) for DMA1_Stream2_IRQHandler
    startup_stm32h723xx.o(RESET) refers to stm32h7xx_it.o(i.DMA1_Stream3_IRQHandler) for DMA1_Stream3_IRQHandler
    startup_stm32h723xx.o(RESET) refers to stm32h7xx_it.o(i.DMA1_Stream4_IRQHandler) for DMA1_Stream4_IRQHandler
    startup_stm32h723xx.o(RESET) refers to stm32h7xx_it.o(i.DMA1_Stream5_IRQHandler) for DMA1_Stream5_IRQHandler
    startup_stm32h723xx.o(RESET) refers to stm32h7xx_it.o(i.DMA1_Stream6_IRQHandler) for DMA1_Stream6_IRQHandler
    startup_stm32h723xx.o(RESET) refers to stm32h7xx_it.o(i.FDCAN1_IT0_IRQHandler) for FDCAN1_IT0_IRQHandler
    startup_stm32h723xx.o(RESET) refers to stm32h7xx_it.o(i.FDCAN2_IT0_IRQHandler) for FDCAN2_IT0_IRQHandler
    startup_stm32h723xx.o(RESET) refers to stm32h7xx_it.o(i.SPI2_IRQHandler) for SPI2_IRQHandler
    startup_stm32h723xx.o(RESET) refers to stm32h7xx_it.o(i.USART1_IRQHandler) for USART1_IRQHandler
    startup_stm32h723xx.o(RESET) refers to stm32h7xx_it.o(i.USART2_IRQHandler) for USART2_IRQHandler
    startup_stm32h723xx.o(RESET) refers to stm32h7xx_it.o(i.USART3_IRQHandler) for USART3_IRQHandler
    startup_stm32h723xx.o(RESET) refers to stm32h7xx_it.o(i.EXTI15_10_IRQHandler) for EXTI15_10_IRQHandler
    startup_stm32h723xx.o(RESET) refers to stm32h7xx_it.o(i.DMA1_Stream7_IRQHandler) for DMA1_Stream7_IRQHandler
    startup_stm32h723xx.o(RESET) refers to stm32h7xx_it.o(i.UART5_IRQHandler) for UART5_IRQHandler
    startup_stm32h723xx.o(RESET) refers to stm32h7xx_it.o(i.TIM6_DAC_IRQHandler) for TIM6_DAC_IRQHandler
    startup_stm32h723xx.o(RESET) refers to stm32h7xx_it.o(i.TIM7_IRQHandler) for TIM7_IRQHandler
    startup_stm32h723xx.o(RESET) refers to stm32h7xx_it.o(i.DMA2_Stream0_IRQHandler) for DMA2_Stream0_IRQHandler
    startup_stm32h723xx.o(RESET) refers to stm32h7xx_it.o(i.DMA2_Stream1_IRQHandler) for DMA2_Stream1_IRQHandler
    startup_stm32h723xx.o(RESET) refers to stm32h7xx_it.o(i.DMA2_Stream2_IRQHandler) for DMA2_Stream2_IRQHandler
    startup_stm32h723xx.o(RESET) refers to stm32h7xx_it.o(i.OTG_HS_EP1_OUT_IRQHandler) for OTG_HS_EP1_OUT_IRQHandler
    startup_stm32h723xx.o(RESET) refers to stm32h7xx_it.o(i.OTG_HS_EP1_IN_IRQHandler) for OTG_HS_EP1_IN_IRQHandler
    startup_stm32h723xx.o(RESET) refers to stm32h7xx_it.o(i.OTG_HS_IRQHandler) for OTG_HS_IRQHandler
    startup_stm32h723xx.o(RESET) refers to stm32h7xx_it.o(i.USART10_IRQHandler) for USART10_IRQHandler
    startup_stm32h723xx.o(RESET) refers to stm32h7xx_it.o(i.FDCAN3_IT0_IRQHandler) for FDCAN3_IT0_IRQHandler
    startup_stm32h723xx.o(.text) refers (Special) to heapauxi.o(.text) for __use_two_region_memory
    startup_stm32h723xx.o(.text) refers to system_stm32h7xx.o(i.SystemInit) for SystemInit
    startup_stm32h723xx.o(.text) refers to __main.o(!!!main) for __main
    startup_stm32h723xx.o(.text) refers to startup_stm32h723xx.o(HEAP) for Heap_Mem
    startup_stm32h723xx.o(.text) refers to startup_stm32h723xx.o(STACK) for Stack_Mem
    main.o(i._Z10MPU_Configv) refers to stm32h7xx_hal_cortex.o(i.HAL_MPU_Disable) for HAL_MPU_Disable
[...]
    leida                                    0x24005fb9   Data          15  sense_analysis.o(.bss)
    pTxData                                  0x24005fc8   Data          80  sense_analysis.o(.bss)
    my_game_status                           0x24006018   Data          20  judge.o(.bss)
    my_game_robot_HP_t                       0x2400602c   Data          41  judge.o(.bss)
    my_event_data                            0x24006055   Data          13  judge.o(.bss)
    my_robot_status                          0x24006062   Data          22  judge.o(.bss)
    my_robot_pos_t                           0x24006078   Data          12  judge.o(.bss)
    my_buff                                  0x24006084   Data          16  judge.o(.bss)
    my_robot_hurt                            0x24006094   Data          10  judge.o(.bss)
    my_shoot_data                            0x2400609e   Data          16  judge.o(.bss)
    my_projectile_allowance_t                0x240060ae   Data          17  judge.o(.bss)
    my_ground_robot_position_t               0x240060bf   Data          40  judge.o(.bss)
    my_sentry_info_t                         0x240060e7   Data          15  judge.o(.bss)
    my_map_robot_data_t                      0x240060f6   Data          24  judge.o(.bss)
    my_map_data_t                            0x2400610e   Data         105  judge.o(.bss)
    my_custom_info_t                         0x24006177   Data          34  judge.o(.bss)
    my_remote_control_t                      0x24006199   Data          12  judge.o(.bss)
    Judge_data                               0x240061a5   Data          20  judge.o(.bss)
    IMU_DM_Info                              0x240061bc   Data         204  imu_dm.o(.bss)
    Gun_target_r                             0x24006288   Data          12  forecast.o(.bss)
    __libspace_start                         0x24006294   Data          96  libspace.o(.bss)
    __temporary_stack_top$libspace           0x240062f4   Data           0  libspace.o(.bss)



==============================================================================

Memory Map of the image

  Image Entry point : 0x080002cd

  Load Region LR_IROM1 (Base: 0x08000000, Size: 0x000135d8, Max: 0x00100000, ABSOLUTE, COMPRESSED[0x000133f8])

    Execution Region ER_IROM1 (Exec base: 0x08000000, Load base: 0x08000000, Size: 0x00013260, Max: 0x00100000, ABSOLUTE)

    Exec Addr    Load Addr    Size         Type   Attr      Idx    E Section Name        Object

    0x08000000   0x08000000   0x000002cc   Data   RO            3    RESET               startup_stm32h723xx.o
    0x080002cc   0x080002cc   0x00000008   Code   RO        10371  * !!!main             c_w.l(__main.o)
    0x080002d4   0x080002d4   0x00000034   Code   RO        10877    !!!scatter          c_w.l(__scatter.o)
    0x08000308   0x08000308   0x0000005a   Code   RO        10875    !!dczerorl2         c_w.l(__dczerorl2.o)
    0x08000362   0x08000362   0x00000002   PAD
    0x08000364   0x08000364   0x0000001c   Code   RO        10879    !!handler_zi        c_w.l(__scatter_zi.o)
    0x08000380   0x08000380   0x00000002   Code   RO        10678    .ARM.Collect$$libinit$$00000000  c_w.l(libinit.o)
    0x08000382   0x08000382   0x00000004   Code   RO        10509    .ARM.Collect$$libinit$$00000001  c_w.l(libinit2.o)
    0x08000386   0x08000386   0x00000000   Code   RO        10512    .ARM.Collect$$libinit$$00000004  c_w.l(libinit2.o)
    0x08000386   0x08000386   0x00000000   Code   RO        10515    .ARM.Collect$$libinit$$0000000A  c_w.l(libinit2.o)
    0x08000386   0x08000386   0x00000000   Code   RO        10517    .ARM.Collect$$libinit$$0000000C  c_w.l(libinit2.o)
    0x08000386   0x08000386   0x00000000   Code   RO        10519    .ARM.Collect$$libinit$$0000000E  c_w.l(libinit2.o)
    0x08000386   0x08000386   0x00000000   Code   RO        10522    .ARM.Collect$$libinit$$00000011  c_w.l(libinit2.o)
    0x08000386   0x08000386   0x00000000   Code   RO        10524    .ARM.Collect$$libinit$$00000013  c_w.l(libinit2.o)
    0x08000386   0x08000386   0x00000000   Code   RO        10526    .ARM.Collect$$libinit$$00000015  c_w.l(libinit2.o)
    0x08000386   0x08000386   0x00000000   Code   RO        10528    .ARM.Collect$$libinit$$00000017  c_w.l(libinit2.o)
    0x08000386   0x08000386   0x00000000   Code   RO        10530    .ARM.Collect$$libinit$$00000019  c_w.l(libinit2.o)
    0x08000386   0x08000386   0x00000000   Code   RO        10532    .ARM.Collect$$libinit$$0000001B  c_w.l(libinit2.o)
    0x08000386   0x08000386   0x00000000   Code   RO        10534    .ARM.Collect$$libinit$$0000001D  c_w.l(libinit2.o)
    0x08000386   0x08000386   0x00000000   Code   RO        10536    .ARM.Collect$$libinit$$0000001F  c_w.l(libinit2.o)
    0x08000386   0x08000386   0x00000000   Code   RO        10538    .ARM.Collect$$libinit$$00000021  c_w.l(libinit2.o)
    0x08000386   0x08000386   0x00000000   Code   RO        10540    .ARM.Collect$$libinit$$00000023  c_w.l(libinit2.o)
    0x08000386   0x08000386   0x00000000   Code   RO        10542    .ARM.Collect$$libinit$$00000025  c_w.l(libinit2.o)
    0x08000386   0x08000386   0x00000000   Code   RO        10546    .ARM.Collect$$libinit$$0000002C  c_w.l(libinit2.o)
    0x08000386   0x08000386   0x00000000   Code   RO        10548    .ARM.Collect$$libinit$$0000002E  c_w.l(libinit2.o)
    0x08000386   0x08000386   0x00000000   Code   RO        10550    .ARM.Collect$$libinit$$00000030  c_w.l(libinit2.o)
    0x08000386   0x08000386   0x00000004   Code   RO        10551    .ARM.Collect$$libinit$$00000031  c_w.l(libinit2.o)
    0x0800038a   0x0800038a   0x00000000   Code   RO        10552    .ARM.Collect$$libinit$$00000032  c_w.l(libinit2.o)
    0x0800038a   0x0800038a   0x00000002   Code   RO        10553    .ARM.Collect$$libinit$$00000033  c_w.l(libinit2.o)
    0x0800038c   0x0800038c   0x00000002   Code   RO        10836    .ARM.Collect$$libshutdown$$00000000  c_w.l(libshutdown.o)
    0x0800038e   0x0800038e   0x00000000   Code   RO        10852    .ARM.Collect$$libshutdown$$00000002  c_w.l(libshutdown2.o)
    0x0800038e   0x0800038e   0x00000000   Code   RO        10854    .ARM.Collect$$libshutdown$$00000004  c_w.l(libshutdown2.o)
    0x0800038e   0x0800038e   0x00000000   Code   RO        10856    .ARM.Collect$$libshutdown$$00000006  c_w.l(libshutdown2.o)
    0x0800038e   0x0800038e   0x00000000   Code   RO        10859    .ARM.Collect$$libshutdown$$00000009  c_w.l(libshutdown2.o)
    0x0800038e   0x0800038e   0x00000000   Code   RO        10862    .ARM.Collect$$libshutdown$$0000000C  c_w.l(libshutdown2.o)
    0x0800038e   0x0800038e   0x00000000   Code   RO        10864    .ARM.Collect$$libshutdown$$0000000E  c_w.l(libshutdown2.o)
    0x0800038e   0x0800038e   0x00000000   Code   RO        10867    .ARM.Collect$$libshutdown$$00000011  c_w.l(libshutdown2.o)
    0x0800038e   0x0800038e   0x00000002   Code   RO        10868    .ARM.Collect$$libshutdown$$00000012  c_w.l(libshutdown2.o)
    0x08000390   0x08000390   0x00000000   Code   RO        10500    .ARM.Collect$$rtentry$$00000000  c_w.l(__rtentry.o)
    0x08000390   0x08000390   0x00000000   Code   RO        10630    .ARM.Collect$$rtentry$$00000002  c_w.l(__rtentry2.o)
    0x08000390   0x08000390   0x00000006   Code   RO        10642    .ARM.Collect$$rtentry$$00000004  c_w.l(__rtentry4.o)
    0x08000396   0x08000396   0x00000000   Code   RO        10632    .ARM.Collect$$rtentry$$00000009  c_w.l(__rtentry2.o)
    0x08000396   0x08000396   0x00000004   Code   RO        10633    .ARM.Collect$$rtentry$$0000000A  c_w.l(__rtentry2.o)
    0x0800039a   0x0800039a   0x00000000   Code   RO        10635    .ARM.Collect$$rtentry$$0000000C  c_w.l(__rtentry2.o)
    0x0800039a   0x0800039a   0x00000008   Code   RO        10636    .ARM.Collect$$rtentry$$0000000D  c_w.l(__rtentry2.o)
    0x080003a2   0x080003a2   0x00000002   Code   RO        10688    .ARM.Collect$$rtexit$$00000000  c_w.l(rtexit.o)
    0x080003a4   0x080003a4   0x00000000   Code   RO        10776    .ARM.Collect$$rtexit$$00000002  c_w.l(rtexit2.o)
    0x080003a4   0x080003a4   0x00000004   Code   RO        10777    .ARM.Collect$$rtexit$$00000003  c_w.l(rtexit2.o)
    0x080003a8   0x080003a8   0x00000006   Code   RO        10778    .ARM.Collect$$rtexit$$00000004  c_w.l(rtexit2.o)
    0x080003ae   0x080003ae   0x00000002   PAD
    0x080003b0   0x080003b0   0x00000040   Code   RO            4    .text               startup_stm32h723xx.o
    0x080003f0   0x080003f0   0x000000ee   Code   RO        10359    .text               c_w.l(lludivv7m.o)
    0x080004de   0x080004de   0x0000008a   Code   RO        10361    .text               c_w.l(rt_memcpy_v6.o)
    0x08000568   0x08000568   0x00000064   Code   RO        10363    .text               c_w.l(rt_memcpy_w.o)
    0x080005cc   0x080005cc   0x00000010   Code   RO        10365    .text               c_w.l(aeabi_memset.o)
    0x080005dc   0x080005dc   0x0000004e   Code   RO        10367    .text               c_w.l(rt_memclr_w.o)
    0x0800062a   0x0800062a   0x00000006   Code   RO        10369    .text               c_w.l(heapauxi.o)
    0x08000630   0x08000630   0x00000024   Code   RO        10376    .text               c_w.l(init_aeabi.o)
    0x08000654   0x08000654   0x00000016   Code   RO        10505    .text               c_w.l(_rserrno.o)
    0x0800066a   0x0800066a   0x00000044   Code   RO        10507    .text               c_w.l(rt_memclr.o)
    0x080006ae   0x080006ae   0x00000002   PAD
    0x080006b0   0x080006b0   0x00000008   Code   RO        10649    .text               c_w.l(rt_errno_addr_intlibspace.o)
    0x080006b8   0x080006b8   0x00000008   Code   RO        10658    .text               c_w.l(libspace.o)
    0x080006c0   0x080006c0   0x0000004a   Code   RO        10661    .text               c_w.l(sys_stackheap_outer.o)
    0x0800070a   0x0800070a   0x00000012   Code   RO        10663    .text               c_w.l(exit.o)
    0x0800071c   0x0800071c   0x0000000c   Code   RO        10768    .text               c_w.l(sys_exit.o)
    0x08000728   0x08000728   0x00000002   Code   RO        10770    .text               c_w.l(use_no_semi.o)
    0x0800072a   0x0800072a   0x00000000   Code   RO        10774    .text               c_w.l(indicate_semi.o)
    0x0800072a   0x0800072a   0x00000002   PAD
    0x0800072c   0x0800072c   0x00000020   Code   RO         7582    i.<Func1>           function.o
    0x0800074c   0x0800074c   0x00000006   Code   RO         7583    i.<Func2>           function.o
    0x08000752   0x08000752   0x00000002   PAD
    0x08000754   0x08000754   0x00000020   Code   RO         7957    i.AHRS_init         bmi088.o
    0x08000774   0x08000774   0x00000030   Code   RO         7958    i.AHRS_update       bmi088.o
    0x080007a4   0x080007a4   0x00000010   Code   RO         7959    i.BMI088_ACCEL_NS_H  bmi088.o
    0x080007b4   0x080007b4   0x00000010   Code   RO         7960    i.BMI088_ACCEL_NS_L  bmi088.o
    0x080007c4   0x080007c4   0x00000010   Code   RO         7961    i.BMI088_GYRO_NS_H  bmi088.o
    0x080007d4   0x080007d4   0x00000010   Code   RO         7962    i.BMI088_GYRO_NS_L  bmi088.o
    0x080007e4   0x080007e4   0x00000214   Code   RO         7963    i.BMI088_init       bmi088.o
    0x080009f8   0x080009f8   0x00000028   Code   RO         7964    i.BMI088_read_write_byte  bmi088.o
    0x08000a20   0x08000a20   0x00000002   Code   RO         1307    i.BusFault_Handler  stm32h7xx_it.o
    0x08000a22   0x08000a22   0x00000002   PAD
    0x08000a24   0x08000a24   0x0000002c   Code   RO         1217    i.CDC_Transmit_HS   usbd_cdc_if.o
    0x08000a50   0x08000a50   0x00000080   Code   RO         7965    i.Calibrate         bmi088.o
    0x08000ad0   0x08000ad0   0x0000000c   Code   RO         1308    i.DMA1_Stream0_IRQHandler  stm32h7xx_it.o
    0x08000adc   0x08000adc   0x0000000c   Code   RO         1309    i.DMA1_Stream1_IRQHandler  stm32h7xx_it.o
    0x08000ae8   0x08000ae8   0x0000000c   Code   RO         1310    i.DMA1_Stream2_IRQHandler  stm32h7xx_it.o
    0x08000af4   0x08000af4   0x0000000c   Code   RO         1311    i.DMA1_Stream3_IRQHandler  stm32h7xx_it.o
    0x08000b00   0x08000b00   0x0000000c   Code   RO         1312    i.DMA1_Stream4_IRQHandler  stm32h7xx_it.o
    0x08000b0c   0x08000b0c   0x0000000c   Code   RO         1313    i.DMA1_Stream5_IRQHandler  stm32h7xx_it.o
    0x08000b18   0x08000b18   0x0000000c   Code   RO         1314    i.DMA1_Stream6_IRQHandler  stm32h7xx_it.o
    0x08000b24   0x08000b24   0x0000000c   Code   RO         1315    i.DMA1_Stream7_IRQHandler  stm32h7xx_it.o
    0x08000b30   0x08000b30   0x0000000c   Code   RO         1316    i.DMA2_Stream0_IRQHandler  stm32h7xx_it.o
    0x08000b3c   0x08000b3c   0x0000000c   Code   RO         1317    i.DMA2_Stream1_IRQHandler  stm32h7xx_it.o
    0x08000b48   0x08000b48   0x0000000c   Code   RO         1318    i.DMA2_Stream2_IRQHandler  stm32h7xx_it.o
    0x08000b54   0x08000b54   0x000000c0   Code   RO         2993    i.DMA_CalcBaseAndBitshift  stm32h7xx_hal_dma.o
    0x08000c14   0x08000c14   0x000000a0   Code   RO         2994    i.DMA_CalcDMAMUXChannelBaseAndMask  stm32h7xx_hal_dma.o
    0x08000cb4   0x08000cb4   0x0000007c   Code   RO         2995    i.DMA_CalcDMAMUXRequestGenBaseAndMask  stm32h7xx_hal_dma.o
    0x08000d30   0x08000d30   0x00000078   Code   RO         2996    i.DMA_CheckFifoParam  stm32h7xx_hal_dma.o
    0x08000da8   0x08000da8   0x0000023c   Code   RO         2997    i.DMA_SetConfig     stm32h7xx_hal_dma.o
    0x08000fe4   0x08000fe4   0x00000002   Code   RO         1319    i.DebugMon_Handler  stm32h7xx_it.o
    0x08000fe6   0x08000fe6   0x00000006   Code   RO         1320    i.EXTI0_IRQHandler  stm32h7xx_it.o
    0x08000fec   0x08000fec   0x00000016   Code   RO         1321    i.EXTI15_10_IRQHandler  stm32h7xx_it.o
    0x08001002   0x08001002   0x00000004   Code   RO           13    i.Error_Handler     main.o
    0x08001006   0x08001006   0x00000002   PAD
    0x08001008   0x08001008   0x0000000c   Code   RO         1322    i.FDCAN1_IT0_IRQHandler  stm32h7xx_it.o
    0x08001014   0x08001014   0x0000000c   Code   RO         1323    i.FDCAN2_IT0_IRQHandler  stm32h7xx_it.o
    0x08001020   0x08001020   0x0000000c   Code   RO         1324    i.FDCAN3_IT0_IRQHandler  stm32h7xx_it.o
    0x0800102c   0x0800102c   0x000001b0   Code   RO         4811    i.FDCAN_CalcultateRamBlockAddresses  stm32h7xx_hal_fdcan.o
    0x080011dc   0x080011dc   0x00000074   Code   RO         4812    i.FDCAN_CopyMessageToRAM  stm32h7xx_hal_fdcan.o
    0x08001250   0x08001250   0x00000024   Code   RO         2669    i.FLASH_Erase_Sector  stm32h7xx_hal_flash_ex.o
    0x08001274   0x08001274   0x00000024   Code   RO         2670    i.FLASH_MassErase   stm32h7xx_hal_flash_ex.o
    0x08001298   0x08001298   0x00000078   Code   RO         2561    i.FLASH_WaitForLastOperation  stm32h7xx_hal_flash.o
    0x08001310   0x08001310   0x0000002c   Code   RO        10106    i.Get_CRC16         imu_dm.o
    0x0800133c   0x0800133c   0x00000038   Code   RO         1123    i.Get_SerialNum     usbd_desc.o
    0x08001374   0x08001374   0x0000037c   Code   RO         2998    i.HAL_DMA_Abort     stm32h7xx_hal_dma.o
    0x080016f0   0x080016f0   0x000002b0   Code   RO         2999    i.HAL_DMA_Abort_IT  stm32h7xx_hal_dma.o
    0x080019a0   0x080019a0   0x000001f8   Code   RO         3000    i.HAL_DMA_DeInit    stm32h7xx_hal_dma.o
    0x08001b98   0x08001b98   0x00000004   Code   RO         3001    i.HAL_DMA_GetError  stm32h7xx_hal_dma.o
    0x08001b9c   0x08001b9c   0x000007a8   Code   RO         3003    i.HAL_DMA_IRQHandler  stm32h7xx_hal_dma.o
    0x08002344   0x08002344   0x000003f0   Code   RO         3004    i.HAL_DMA_Init      stm32h7xx_hal_dma.o
    0x08002734   0x08002734   0x000002ec   Code   RO         3008    i.HAL_DMA_Start_IT  stm32h7xx_hal_dma.o
    0x08002a20   0x08002a20   0x00000024   Code   RO         3848    i.HAL_Delay         stm32h7xx_hal.o
    0x08002a44   0x08002a44   0x00000084   Code   RO         4814    i.HAL_FDCAN_ActivateNotification  stm32h7xx_hal_fdcan.o
    0x08002ac8   0x08002ac8   0x0000006c   Code   RO         4816    i.HAL_FDCAN_AddMessageToTxFifoQ  stm32h7xx_hal_fdcan.o
    0x08002b34   0x08002b34   0x00000002   Code   RO         4817    i.HAL_FDCAN_ClockCalibrationCallback  stm32h7xx_hal_fdcan.o
    0x08002b36   0x08002b36   0x00000088   Code   RO         4821    i.HAL_FDCAN_ConfigFilter  stm32h7xx_hal_fdcan.o
    0x08002bbe   0x08002bbe   0x00000030   Code   RO         4822    i.HAL_FDCAN_ConfigGlobalFilter  stm32h7xx_hal_fdcan.o
    0x08002bee   0x08002bee   0x00000002   PAD
    0x08002bf0   0x08002bf0   0x00000078   Code   RO         4830    i.HAL_FDCAN_DeactivateNotification  stm32h7xx_hal_fdcan.o
    0x08002c68   0x08002c68   0x00000002   Code   RO         4843    i.HAL_FDCAN_ErrorCallback  stm32h7xx_hal_fdcan.o
    0x08002c6a   0x08002c6a   0x00000002   Code   RO         4844    i.HAL_FDCAN_ErrorStatusCallback  stm32h7xx_hal_fdcan.o
    0x08002c6c   0x08002c6c   0x000001a8   Code   RO         4855    i.HAL_FDCAN_GetRxMessage  stm32h7xx_hal_fdcan.o
    0x08002e14   0x08002e14   0x0000000c   Code   RO         4860    i.HAL_FDCAN_GetTxFifoFreeLevel  stm32h7xx_hal_fdcan.o
    0x08002e20   0x08002e20   0x00000002   Code   RO         4861    i.HAL_FDCAN_HighPriorityMessageCallback  stm32h7xx_hal_fdcan.o
    0x08002e22   0x08002e22   0x00000002   PAD
    0x08002e24   0x08002e24   0x00000314   Code   RO         4862    i.HAL_FDCAN_IRQHandler  stm32h7xx_hal_fdcan.o
    0x08003138   0x08003138   0x00000304   Code   RO         4863    i.HAL_FDCAN_Init    stm32h7xx_hal_fdcan.o
    0x0800343c   0x0800343c   0x000001ac   Code   RO          598    i.HAL_FDCAN_MspInit  fdcan.o
    0x080035e8   0x080035e8   0x000000a6   Code   RO         4869    i.HAL_FDCAN_RegisterCallback  stm32h7xx_hal_fdcan.o
    0x0800368e   0x0800368e   0x00000032   Code   RO         4872    i.HAL_FDCAN_RegisterRxFifo0Callback  stm32h7xx_hal_fdcan.o
    0x080036c0   0x080036c0   0x00000002   Code   RO         4884    i.HAL_FDCAN_RxBufferNewMessageCallback  stm32h7xx_hal_fdcan.o
    0x080036c2   0x080036c2   0x00000002   Code   RO         4885    i.HAL_FDCAN_RxFifo0Callback  stm32h7xx_hal_fdcan.o
    0x080036c4   0x080036c4   0x00000002   Code   RO         4886    i.HAL_FDCAN_RxFifo1Callback  stm32h7xx_hal_fdcan.o
    0x080036c6   0x080036c6   0x00000030   Code   RO         4887    i.HAL_FDCAN_Start   stm32h7xx_hal_fdcan.o
    0x080036f6   0x080036f6   0x00000002   Code   RO         4909    i.HAL_FDCAN_TT_GlobalTimeCallback  stm32h7xx_hal_fdcan.o
    0x080036f8   0x080036f8   0x00000002   Code   RO         4910    i.HAL_FDCAN_TT_ScheduleSyncCallback  stm32h7xx_hal_fdcan.o
    0x080036fa   0x080036fa   0x00000002   Code   RO         4915    i.HAL_FDCAN_TT_StopWatchCallback  stm32h7xx_hal_fdcan.o
    0x080036fc   0x080036fc   0x00000002   Code   RO         4916    i.HAL_FDCAN_TT_TimeMarkCallback  stm32h7xx_hal_fdcan.o
    0x080036fe   0x080036fe   0x00000002   Code   RO         4917    i.HAL_FDCAN_TimeoutOccurredCallback  stm32h7xx_hal_fdcan.o
    0x08003700   0x08003700   0x00000002   Code   RO         4918    i.HAL_FDCAN_TimestampWraparoundCallback  stm32h7xx_hal_fdcan.o
    0x08003702   0x08003702   0x00000002   Code   RO         4919    i.HAL_FDCAN_TxBufferAbortCallback  stm32h7xx_hal_fdcan.o
    0x08003704   0x08003704   0x00000002   Code   RO         4920    i.HAL_FDCAN_TxBufferCompleteCallback  stm32h7xx_hal_fdcan.o
    0x08003706   0x08003706   0x00000002   Code   RO         4921    i.HAL_FDCAN_TxEventFifoCallback  stm32h7xx_hal_fdcan.o
    0x08003708   0x08003708   0x00000002   Code   RO         4922    i.HAL_FDCAN_TxFifoEmptyCallback  stm32h7xx_hal_fdcan.o
    0x0800370a   0x0800370a   0x00000002   PAD
    0x0800370c   0x0800370c   0x000000d0   Code   RO         2691    i.HAL_FLASHEx_Erase  stm32h7xx_hal_flash_ex.o
    0x080037dc   0x080037dc   0x0000001c   Code   RO         2565    i.HAL_FLASH_Lock    stm32h7xx_hal_flash.o
    0x080037f8   0x080037f8   0x00000094   Code   RO         2570    i.HAL_FLASH_Program  stm32h7xx_hal_flash.o
    0x0800388c   0x0800388c   0x0000002c   Code   RO         2572    i.HAL_FLASH_Unlock  stm32h7xx_hal_flash.o
    0x080038b8   0x080038b8   0x00000138   Code   RO         2843    i.HAL_GPIO_DeInit   stm32h7xx_hal_gpio.o
    0x080039f0   0x080039f0   0x0000004c   Code   RO         7966    i.HAL_GPIO_EXTI_Callback  bmi088.o
    0x08003a3c   0x08003a3c   0x00000018   Code   RO         2845    i.HAL_GPIO_EXTI_IRQHandler  stm32h7xx_hal_gpio.o
    0x08003a54   0x08003a54   0x00000214   Code   RO         2846    i.HAL_GPIO_Init     stm32h7xx_hal_gpio.o
    0x08003c68   0x08003c68   0x0000000e   Code   RO         2850    i.HAL_GPIO_WritePin  stm32h7xx_hal_gpio.o
    0x08003c76   0x08003c76   0x00000002   PAD
    0x08003c78   0x08003c78   0x0000000c   Code   RO         3864    i.HAL_GetTick       stm32h7xx_hal.o
    0x08003c84   0x08003c84   0x00000010   Code   RO         3870    i.HAL_IncTick       stm32h7xx_hal.o
    0x08003c94   0x08003c94   0x0000005c   Code   RO         3871    i.HAL_Init          stm32h7xx_hal.o
    0x08003cf0   0x08003cf0   0x0000004c   Code   RO         3872    i.HAL_InitTick      stm32h7xx_hal.o
    0x08003d3c   0x08003d3c   0x00000054   Code   RO         3689    i.HAL_MPU_ConfigRegion  stm32h7xx_hal_cortex.o
    0x08003d90   0x08003d90   0x0000001c   Code   RO         3690    i.HAL_MPU_Disable   stm32h7xx_hal_cortex.o
    0x08003dac   0x08003dac   0x00000024   Code   RO         3692    i.HAL_MPU_Enable    stm32h7xx_hal_cortex.o
    0x08003dd0   0x08003dd0   0x0000001c   Code   RO         1545    i.HAL_MspInit       stm32h7xx_hal_msp.o
    0x08003dec   0x08003dec   0x00000022   Code   RO         3695    i.HAL_NVIC_DisableIRQ  stm32h7xx_hal_cortex.o
    0x08003e0e   0x08003e0e   0x0000001a   Code   RO         3696    i.HAL_NVIC_EnableIRQ  stm32h7xx_hal_cortex.o
    0x08003e28   0x08003e28   0x00000040   Code   RO         3702    i.HAL_NVIC_SetPriority  stm32h7xx_hal_cortex.o
    0x08003e68   0x08003e68   0x00000024   Code   RO         3703    i.HAL_NVIC_SetPriorityGrouping  stm32h7xx_hal_cortex.o
    0x08003e8c   0x08003e8c   0x00000028   Code   RO         1891    i.HAL_PCDEx_ActivateLPM  stm32h7xx_hal_pcd_ex.o
    0x08003eb4   0x08003eb4   0x00000002   Code   RO         1892    i.HAL_PCDEx_BCD_Callback  stm32h7xx_hal_pcd_ex.o
    0x08003eb6   0x08003eb6   0x00000002   Code   RO         1896    i.HAL_PCDEx_LPM_Callback  stm32h7xx_hal_pcd_ex.o
    0x08003eb8   0x08003eb8   0x00000008   Code   RO         1897    i.HAL_PCDEx_SetRxFiFo  stm32h7xx_hal_pcd_ex.o
    0x08003ec0   0x08003ec0   0x00000042   Code   RO         1898    i.HAL_PCDEx_SetTxFiFo  stm32h7xx_hal_pcd_ex.o
    0x08003f02   0x08003f02   0x00000002   Code   RO         1570    i.HAL_PCD_ConnectCallback  stm32h7xx_hal_pcd.o
    0x08003f04   0x08003f04   0x00000002   Code   RO         1571    i.HAL_PCD_DataInStageCallback  stm32h7xx_hal_pcd.o
    0x08003f06   0x08003f06   0x00000002   Code   RO         1572    i.HAL_PCD_DataOutStageCallback  stm32h7xx_hal_pcd.o
    0x08003f08   0x08003f08   0x00000002   Code   RO         1577    i.HAL_PCD_DisconnectCallback  stm32h7xx_hal_pcd.o
    0x08003f0a   0x08003f0a   0x0000001e   Code   RO         1578    i.HAL_PCD_EP_Abort  stm32h7xx_hal_pcd.o
    0x08003f28   0x08003f28   0x00000048   Code   RO         1579    i.HAL_PCD_EP_Close  stm32h7xx_hal_pcd.o
    0x08003f70   0x08003f70   0x00000058   Code   RO         1580    i.HAL_PCD_EP_ClrStall  stm32h7xx_hal_pcd.o
    0x08003fc8   0x08003fc8   0x00000012   Code   RO         1582    i.HAL_PCD_EP_GetRxCount  stm32h7xx_hal_pcd.o
    0x08003fda   0x08003fda   0x0000005c   Code   RO         1583    i.HAL_PCD_EP_Open   stm32h7xx_hal_pcd.o
    0x08004036   0x08004036   0x00000032   Code   RO         1584    i.HAL_PCD_EP_Receive  stm32h7xx_hal_pcd.o
    0x08004068   0x08004068   0x00000070   Code   RO         1585    i.HAL_PCD_EP_SetStall  stm32h7xx_hal_pcd.o
    0x080040d8   0x080040d8   0x00000032   Code   RO         1586    i.HAL_PCD_EP_Transmit  stm32h7xx_hal_pcd.o
    0x0800410a   0x0800410a   0x0000055a   Code   RO         1588    i.HAL_PCD_IRQHandler  stm32h7xx_hal_pcd.o
    0x08004664   0x08004664   0x00000002   Code   RO         1589    i.HAL_PCD_ISOINIncompleteCallback  stm32h7xx_hal_pcd.o
    0x08004666   0x08004666   0x00000002   Code   RO         1590    i.HAL_PCD_ISOOUTIncompleteCallback  stm32h7xx_hal_pcd.o
    0x08004668   0x08004668   0x00000158   Code   RO         1591    i.HAL_PCD_Init      stm32h7xx_hal_pcd.o
    0x080047c0   0x080047c0   0x00000084   Code   RO          924    i.HAL_PCD_MspInit   usbd_conf.o
    0x08004844   0x08004844   0x000000ce   Code   RO         1595    i.HAL_PCD_RegisterCallback  stm32h7xx_hal_pcd.o
    0x08004912   0x08004912   0x0000004e   Code   RO         1596    i.HAL_PCD_RegisterDataInStageCallback  stm32h7xx_hal_pcd.o
    0x08004960   0x08004960   0x0000004e   Code   RO         1597    i.HAL_PCD_RegisterDataOutStageCallback  stm32h7xx_hal_pcd.o
    0x080049ae   0x080049ae   0x0000004e   Code   RO         1598    i.HAL_PCD_RegisterIsoInIncpltCallback  stm32h7xx_hal_pcd.o
    0x080049fc   0x080049fc   0x0000004e   Code   RO         1599    i.HAL_PCD_RegisterIsoOutIncpltCallback  stm32h7xx_hal_pcd.o
    0x08004a4a   0x08004a4a   0x00000002   Code   RO         1601    i.HAL_PCD_ResetCallback  stm32h7xx_hal_pcd.o
    0x08004a4c   0x08004a4c   0x00000002   Code   RO         1602    i.HAL_PCD_ResumeCallback  stm32h7xx_hal_pcd.o
    0x08004a4e   0x08004a4e   0x00000002   Code   RO         1603    i.HAL_PCD_SOFCallback  stm32h7xx_hal_pcd.o
    0x08004a50   0x08004a50   0x00000026   Code   RO         1604    i.HAL_PCD_SetAddress  stm32h7xx_hal_pcd.o
    0x08004a76   0x08004a76   0x00000002   Code   RO         1606    i.HAL_PCD_SetupStageCallback  stm32h7xx_hal_pcd.o
    0x08004a78   0x08004a78   0x00000042   Code   RO         1607    i.HAL_PCD_Start     stm32h7xx_hal_pcd.o
    0x08004aba   0x08004aba   0x00000002   Code   RO         1609    i.HAL_PCD_SuspendCallback  stm32h7xx_hal_pcd.o
    0x08004abc   0x08004abc   0x00000058   Code   RO         3447    i.HAL_PWREx_ConfigSupply  stm32h7xx_hal_pwr_ex.o
    0x08004b14   0x08004b14   0x00000010   Code   RO         3464    i.HAL_PWREx_EnableUSBVoltageDetector  stm32h7xx_hal_pwr_ex.o
    0x08004b24   0x08004b24   0x00000024   Code   RO         2389    i.HAL_RCCEx_GetD3PCLK1Freq  stm32h7xx_hal_rcc_ex.o
    0x08004b48   0x08004b48   0x000001c0   Code   RO         2391    i.HAL_RCCEx_GetPLL2ClockFreq  stm32h7xx_hal_rcc_ex.o
    0x08004d08   0x08004d08   0x000001c0   Code   RO         2392    i.HAL_RCCEx_GetPLL3ClockFreq  stm32h7xx_hal_rcc_ex.o
    0x08004ec8   0x08004ec8   0x00000990   Code   RO         2398    i.HAL_RCCEx_PeriphCLKConfig  stm32h7xx_hal_rcc_ex.o
    0x08005858   0x08005858   0x0000027c   Code   RO         2274    i.HAL_RCC_ClockConfig  stm32h7xx_hal_rcc.o
    0x08005ad4   0x08005ad4   0x00000044   Code   RO         2279    i.HAL_RCC_GetHCLKFreq  stm32h7xx_hal_rcc.o
    0x08005b18   0x08005b18   0x00000024   Code   RO         2281    i.HAL_RCC_GetPCLK1Freq  stm32h7xx_hal_rcc.o
    0x08005b3c   0x08005b3c   0x00000024   Code   RO         2282    i.HAL_RCC_GetPCLK2Freq  stm32h7xx_hal_rcc.o
    0x08005b60   0x08005b60   0x000001b4   Code   RO         2283    i.HAL_RCC_GetSysClockFreq  stm32h7xx_hal_rcc.o
    0x08005d14   0x08005d14   0x000005d8   Code   RO         2286    i.HAL_RCC_OscConfig  stm32h7xx_hal_rcc.o
    0x080062ec   0x080062ec   0x000000ac   Code   RO         7421    i.HAL_RS485Ex_Init  stm32h7xx_hal_uart_ex.o
    0x08006398   0x08006398   0x00000002   Code   RO         5574    i.HAL_SPI_AbortCpltCallback  stm32h7xx_hal_spi.o
    0x0800639a   0x0800639a   0x0000000e   Code   RO         5578    i.HAL_SPI_DMAStop   stm32h7xx_hal_spi.o
    0x080063a8   0x080063a8   0x00000064   Code   RO         7967    i.HAL_SPI_ErrorCallback  bmi088.o
    0x0800640c   0x0800640c   0x0000024c   Code   RO         5583    i.HAL_SPI_IRQHandler  stm32h7xx_hal_spi.o
    0x08006658   0x08006658   0x000001d0   Code   RO         5584    i.HAL_SPI_Init      stm32h7xx_hal_spi.o
    0x08006828   0x08006828   0x00000130   Code   RO          674    i.HAL_SPI_MspInit   spi.o
    0x08006958   0x08006958   0x00000002   Code   RO         5591    i.HAL_SPI_RxCpltCallback  stm32h7xx_hal_spi.o
    0x0800695a   0x0800695a   0x00000002   Code   RO         5592    i.HAL_SPI_RxHalfCpltCallback  stm32h7xx_hal_spi.o
    0x0800695c   0x0800695c   0x00000002   Code   RO         5593    i.HAL_SPI_SuspendCallback  stm32h7xx_hal_spi.o
    0x0800695e   0x0800695e   0x00000002   PAD
    0x08006960   0x08006960   0x000003b8   Code   RO         5595    i.HAL_SPI_TransmitReceive  stm32h7xx_hal_spi.o
    0x08006d18   0x08006d18   0x00000204   Code   RO         5596    i.HAL_SPI_TransmitReceive_DMA  stm32h7xx_hal_spi.o
    0x08006f1c   0x08006f1c   0x00000002   Code   RO         5600    i.HAL_SPI_TxCpltCallback  stm32h7xx_hal_spi.o
    0x08006f1e   0x08006f1e   0x00000002   Code   RO         5601    i.HAL_SPI_TxHalfCpltCallback  stm32h7xx_hal_spi.o
    0x08006f20   0x08006f20   0x0000008c   Code   RO         7968    i.HAL_SPI_TxRxCpltCallback  bmi088.o
    0x08006fac   0x08006fac   0x00000002   Code   RO         5603    i.HAL_SPI_TxRxHalfCpltCallback  stm32h7xx_hal_spi.o
    0x08006fae   0x08006fae   0x00000028   Code   RO         3707    i.HAL_SYSTICK_Config  stm32h7xx_hal_cortex.o
    0x08006fd6   0x08006fd6   0x00000002   Code   RO         6664    i.HAL_TIMEx_Break2Callback  stm32h7xx_hal_tim_ex.o
    0x08006fd8   0x08006fd8   0x00000002   Code   RO         6665    i.HAL_TIMEx_BreakCallback  stm32h7xx_hal_tim_ex.o
    0x08006fda   0x08006fda   0x00000002   Code   RO         6666    i.HAL_TIMEx_CommutCallback  stm32h7xx_hal_tim_ex.o
    0x08006fdc   0x08006fdc   0x00000002   Code   RO         6667    i.HAL_TIMEx_CommutHalfCpltCallback  stm32h7xx_hal_tim_ex.o
    0x08006fde   0x08006fde   0x00000002   PAD
    0x08006fe0   0x08006fe0   0x0000009c   Code   RO         6668    i.HAL_TIMEx_ConfigBreakDeadTime  stm32h7xx_hal_tim_ex.o
    0x0800707c   0x0800707c   0x000000b4   Code   RO         6687    i.HAL_TIMEx_MasterConfigSynchronization  stm32h7xx_hal_tim_ex.o
    0x08007130   0x08007130   0x00000060   Code   RO         5921    i.HAL_TIM_Base_Init  stm32h7xx_hal_tim.o
    0x08007190   0x08007190   0x00000088   Code   RO          716    i.HAL_TIM_Base_MspInit  tim.o
    0x08007218   0x08007218   0x000000a8   Code   RO         5926    i.HAL_TIM_Base_Start_IT  stm32h7xx_hal_tim.o
    0x080072c0   0x080072c0   0x00000108   Code   RO         5930    i.HAL_TIM_ConfigClockSource  stm32h7xx_hal_tim.o
    0x080073c8   0x080073c8   0x00000002   Code   RO         5951    i.HAL_TIM_ErrorCallback  stm32h7xx_hal_tim.o
    0x080073ca   0x080073ca   0x00000002   Code   RO         5955    i.HAL_TIM_IC_CaptureCallback  stm32h7xx_hal_tim.o
    0x080073cc   0x080073cc   0x00000002   Code   RO         5956    i.HAL_TIM_IC_CaptureHalfCpltCallback  stm32h7xx_hal_tim.o
    0x080073ce   0x080073ce   0x00000174   Code   RO         5969    i.HAL_TIM_IRQHandler  stm32h7xx_hal_tim.o
    0x08007542   0x08007542   0x00000002   PAD
    0x08007544   0x08007544   0x00000084   Code   RO          717    i.HAL_TIM_MspPostInit  tim.o
    0x080075c8   0x080075c8   0x00000002   Code   RO         5972    i.HAL_TIM_OC_DelayElapsedCallback  stm32h7xx_hal_tim.o
    0x080075ca   0x080075ca   0x00000136   Code   RO         5993    i.HAL_TIM_PWM_ConfigChannel  stm32h7xx_hal_tim.o
    0x08007700   0x08007700   0x00000060   Code   RO         5996    i.HAL_TIM_PWM_Init  stm32h7xx_hal_tim.o
    0x08007760   0x08007760   0x00000028   Code   RO          719    i.HAL_TIM_PWM_MspInit  tim.o
    0x08007788   0x08007788   0x00000002   Code   RO         5999    i.HAL_TIM_PWM_PulseFinishedCallback  stm32h7xx_hal_tim.o
    0x0800778a   0x0800778a   0x00000002   Code   RO         6000    i.HAL_TIM_PWM_PulseFinishedHalfCpltCallback  stm32h7xx_hal_tim.o
    0x0800778c   0x0800778c   0x0000013c   Code   RO         6001    i.HAL_TIM_PWM_Start  stm32h7xx_hal_tim.o
    0x080078c8   0x080078c8   0x00000002   Code   RO         6007    i.HAL_TIM_PeriodElapsedCallback  stm32h7xx_hal_tim.o
    0x080078ca   0x080078ca   0x00000002   Code   RO         6008    i.HAL_TIM_PeriodElapsedHalfCpltCallback  stm32h7xx_hal_tim.o
    0x080078cc   0x080078cc   0x0000012c   Code   RO         6010    i.HAL_TIM_RegisterCallback  stm32h7xx_hal_tim.o
    0x080079f8   0x080079f8   0x00000002   Code   RO         6013    i.HAL_TIM_TriggerCallback  stm32h7xx_hal_tim.o
    0x080079fa   0x080079fa   0x00000002   Code   RO         6014    i.HAL_TIM_TriggerHalfCpltCallback  stm32h7xx_hal_tim.o
    0x080079fc   0x080079fc   0x0000003e   Code   RO         7422    i.HAL_UARTEx_DisableFifoMode  stm32h7xx_hal_uart_ex.o
    0x08007a3a   0x08007a3a   0x00000052   Code   RO         7428    i.HAL_UARTEx_ReceiveToIdle_DMA  stm32h7xx_hal_uart_ex.o
    0x08007a8c   0x08007a8c   0x00000002   Code   RO         6976    i.HAL_UARTEx_RxEventCallback  stm32h7xx_hal_uart.o
    0x08007a8e   0x08007a8e   0x00000002   Code   RO         7430    i.HAL_UARTEx_RxFifoFullCallback  stm32h7xx_hal_uart_ex.o
    0x08007a90   0x08007a90   0x0000004c   Code   RO         7431    i.HAL_UARTEx_SetRxFifoThreshold  stm32h7xx_hal_uart_ex.o
    0x08007adc   0x08007adc   0x0000004c   Code   RO         7432    i.HAL_UARTEx_SetTxFifoThreshold  stm32h7xx_hal_uart_ex.o
    0x08007b28   0x08007b28   0x00000002   Code   RO         7434    i.HAL_UARTEx_TxFifoEmptyCallback  stm32h7xx_hal_uart_ex.o
    0x08007b2a   0x08007b2a   0x00000002   Code   RO         7435    i.HAL_UARTEx_WakeupCallback  stm32h7xx_hal_uart_ex.o
    0x08007b2c   0x08007b2c   0x00000002   Code   RO         6978    i.HAL_UART_AbortCpltCallback  stm32h7xx_hal_uart.o
    0x08007b2e   0x08007b2e   0x00000002   Code   RO         6980    i.HAL_UART_AbortReceiveCpltCallback  stm32h7xx_hal_uart.o
    0x08007b30   0x08007b30   0x00000002   Code   RO         6983    i.HAL_UART_AbortTransmitCpltCallback  stm32h7xx_hal_uart.o
    0x08007b32   0x08007b32   0x00000002   PAD
    0x08007b34   0x08007b34   0x00000028   Code   RO         9456    i.HAL_UART_ErrorCallback  ifr_usart.o
    0x08007b5c   0x08007b5c   0x000003ac   Code   RO         6995    i.HAL_UART_IRQHandler  stm32h7xx_hal_uart.o
    0x08007f08   0x08007f08   0x00000088   Code   RO         6996    i.HAL_UART_Init     stm32h7xx_hal_uart.o
    0x08007f90   0x08007f90   0x00000130   Code   RO          793    i.HAL_UART_MspDeInit  usart.o
    0x080080c0   0x080080c0   0x0000054c   Code   RO          794    i.HAL_UART_MspInit  usart.o
    0x0800860c   0x0800860c   0x00000032   Code   RO         7004    i.HAL_UART_RegisterRxEventCallback  stm32h7xx_hal_uart.o
    0x0800863e   0x0800863e   0x00000002   Code   RO         7005    i.HAL_UART_RxCpltCallback  stm32h7xx_hal_uart.o
    0x08008640   0x08008640   0x00000002   Code   RO         7006    i.HAL_UART_RxHalfCpltCallback  stm32h7xx_hal_uart.o
    0x08008642   0x08008642   0x00000002   PAD
    0x08008644   0x08008644   0x00000090   Code   RO         7008    i.HAL_UART_Transmit_DMA  stm32h7xx_hal_uart.o
    0x080086d4   0x080086d4   0x00000002   Code   RO         7010    i.HAL_UART_TxCpltCallback  stm32h7xx_hal_uart.o
    0x080086d6   0x080086d6   0x00000002   Code   RO         7011    i.HAL_UART_TxHalfCpltCallback  stm32h7xx_hal_uart.o
    0x080086d8   0x080086d8   0x00000002   Code   RO         1325    i.HardFault_Handler  stm32h7xx_it.o
    0x080086da   0x080086da   0x00000002   PAD
    0x080086dc   0x080086dc   0x000000dc   Code   RO         8362    i.IFR_DJI_Remote_Analysis  ifr_remote.o
    0x080087b8   0x080087b8   0x00000030   Code   RO         8299    i.IFR_Get_CRC16_Check  ifr_crc.o
    0x080087e8   0x080087e8   0x00000024   Code   RO         8300    i.IFR_Get_CRC8_Check  ifr_crc.o
    0x0800880c   0x0800880c   0x00000158   Code   RO        10107    i.IFR_IMU_DM_Analysis  imu_dm.o
    0x08008964   0x08008964   0x00000064   Code   RO         7969    i.INS_cali_gyro     bmi088.o
    0x080089c8   0x080089c8   0x00000030   Code   RO         7970    i.INS_set_cali_gyro  bmi088.o
    0x080089f8   0x080089f8   0x0000003a   Code   RO         1124    i.IntToUnicode      usbd_desc.o
    0x08008a32   0x08008a32   0x00000002   PAD
    0x08008a34   0x08008a34   0x000002a0   Code   RO        10033    i.JudgeData_analysis  judge.o
    0x08008cd4   0x08008cd4   0x000000dc   Code   RO          570    i.MX_DMA_Init       dma.o
    0x08008db0   0x08008db0   0x0000006c   Code   RO          599    i.MX_FDCAN1_Init    fdcan.o
    0x08008e1c   0x08008e1c   0x00000070   Code   RO          600    i.MX_FDCAN2_Init    fdcan.o
    0x08008e8c   0x08008e8c   0x00000070   Code   RO          601    i.MX_FDCAN3_Init    fdcan.o
    0x08008efc   0x08008efc   0x0000012c   Code   RO          410    i.MX_GPIO_Init      gpio.o
    0x08009028   0x08009028   0x00000060   Code   RO          675    i.MX_SPI2_Init      spi.o
    0x08009088   0x08009088   0x000000d8   Code   RO          720    i.MX_TIM1_Init      tim.o
    0x08009160   0x08009160   0x00000074   Code   RO          721    i.MX_TIM3_Init      tim.o
    0x080091d4   0x080091d4   0x00000048   Code   RO          722    i.MX_TIM6_Init      tim.o
    0x0800921c   0x0800921c   0x00000048   Code   RO          723    i.MX_TIM7_Init      tim.o
    0x08009264   0x08009264   0x0000006c   Code   RO          795    i.MX_UART5_Init     usart.o
    0x080092d0   0x080092d0   0x00000068   Code   RO          796    i.MX_USART10_UART_Init  usart.o
    0x08009338   0x08009338   0x00000068   Code   RO          797    i.MX_USART1_UART_Init  usart.o
    0x080093a0   0x080093a0   0x00000070   Code   RO          798    i.MX_USART2_UART_Init  usart.o
    0x08009410   0x08009410   0x00000070   Code   RO          799    i.MX_USART3_UART_Init  usart.o
    0x08009480   0x08009480   0x00000054   Code   RO          859    i.MX_USB_DEVICE_Init  usb_device.o
    0x080094d4   0x080094d4   0x000001ec   Code   RO         7971    i.MahonyAHRSupdateIMU  bmi088.o
    0x080096c0   0x080096c0   0x00000002   Code   RO         1326    i.MemManage_Handler  stm32h7xx_it.o
    0x080096c2   0x080096c2   0x00000002   Code   RO         1327    i.NMI_Handler       stm32h7xx_it.o
    0x080096c4   0x080096c4   0x0000000c   Code   RO         1328    i.OTG_HS_EP1_IN_IRQHandler  stm32h7xx_it.o
    0x080096d0   0x080096d0   0x0000000c   Code   RO         1329    i.OTG_HS_EP1_OUT_IRQHandler  stm32h7xx_it.o
    0x080096dc   0x080096dc   0x0000000c   Code   RO         1330    i.OTG_HS_IRQHandler  stm32h7xx_it.o
    0x080096e8   0x080096e8   0x00000008   Code   RO          925    i.PCD_ConnectCallback  usbd_conf.o
    0x080096f0   0x080096f0   0x00000012   Code   RO          926    i.PCD_DataInStageCallback  usbd_conf.o
    0x08009702   0x08009702   0x00000014   Code   RO          927    i.PCD_DataOutStageCallback  usbd_conf.o
    0x08009716   0x08009716   0x00000008   Code   RO          928    i.PCD_DisconnectCallback  usbd_conf.o
    0x0800971e   0x0800971e   0x00000002   PAD
    0x08009720   0x08009720   0x00000048   Code   RO         1617    i.PCD_EP_OutSetupPacket_int  stm32h7xx_hal_pcd.o
    0x08009768   0x08009768   0x000000ec   Code   RO         1618    i.PCD_EP_OutXfrComplete_int  stm32h7xx_hal_pcd.o
    0x08009854   0x08009854   0x00000008   Code   RO          929    i.PCD_ISOINIncompleteCallback  usbd_conf.o
    0x0800985c   0x0800985c   0x00000008   Code   RO          930    i.PCD_ISOOUTIncompleteCallback  usbd_conf.o
    0x08009864   0x08009864   0x0000002e   Code   RO          931    i.PCD_ResetCallback  usbd_conf.o
    0x08009892   0x08009892   0x00000008   Code   RO          932    i.PCD_ResumeCallback  usbd_conf.o
    0x0800989a   0x0800989a   0x00000008   Code   RO          933    i.PCD_SOFCallback   usbd_conf.o
    0x080098a2   0x080098a2   0x0000000e   Code   RO          934    i.PCD_SetupStageCallback  usbd_conf.o
    0x080098b0   0x080098b0   0x00000030   Code   RO          935    i.PCD_SuspendCallback  usbd_conf.o
    0x080098e0   0x080098e0   0x0000009c   Code   RO         1619    i.PCD_WriteEmptyTxFifo  stm32h7xx_hal_pcd.o
    0x0800997c   0x0800997c   0x00000002   Code   RO         1331    i.PendSV_Handler    stm32h7xx_it.o
    0x0800997e   0x0800997e   0x00000002   PAD
    0x08009980   0x08009980   0x00000124   Code   RO         2401    i.RCCEx_PLL2_Config  stm32h7xx_hal_rcc_ex.o
    0x08009aa4   0x08009aa4   0x00000124   Code   RO         2402    i.RCCEx_PLL3_Config  stm32h7xx_hal_rcc_ex.o
    0x08009bc8   0x08009bc8   0x0000000c   Code   RO         1332    i.SPI2_IRQHandler   stm32h7xx_it.o
    0x08009bd4   0x08009bd4   0x000000ba   Code   RO         5606    i.SPI_CloseTransfer  stm32h7xx_hal_spi.o
    0x08009c8e   0x08009c8e   0x00000016   Code   RO         5607    i.SPI_DMAAbortOnError  stm32h7xx_hal_spi.o
    0x08009ca4   0x08009ca4   0x00000030   Code   RO         5608    i.SPI_DMAError      stm32h7xx_hal_spi.o
    0x08009cd4   0x08009cd4   0x00000008   Code   RO         5611    i.SPI_DMAHalfTransmitReceiveCplt  stm32h7xx_hal_spi.o
    0x08009cdc   0x08009cdc   0x00000026   Code   RO         5615    i.SPI_DMATransmitReceiveCplt  stm32h7xx_hal_spi.o
    0x08009d02   0x08009d02   0x00000014   Code   RO         5617    i.SPI_GetPacketSize  stm32h7xx_hal_spi.o
    0x08009d16   0x08009d16   0x00000042   Code   RO         5624    i.SPI_WaitOnFlagUntilTimeout  stm32h7xx_hal_spi.o
    0x08009d58   0x08009d58   0x00000002   Code   RO         1333    i.SVC_Handler       stm32h7xx_it.o
    0x08009d5a   0x08009d5a   0x0000000a   Code   RO         9697    i.SWAPBYTE          usbd_ctlreq.o
    0x08009d64   0x08009d64   0x00000004   Code   RO         1334    i.SysTick_Handler   stm32h7xx_it.o
    0x08009d68   0x08009d68   0x000000c0   Code   RO         7546    i.SystemInit        system_stm32h7xx.o
    0x08009e28   0x08009e28   0x0000000c   Code   RO         1335    i.TIM6_DAC_IRQHandler  stm32h7xx_it.o
    0x08009e34   0x08009e34   0x0000000c   Code   RO         1336    i.TIM7_IRQHandler   stm32h7xx_it.o
    0x08009e40   0x08009e40   0x000000e4   Code   RO         6016    i.TIM_Base_SetConfig  stm32h7xx_hal_tim.o
    0x08009f24   0x08009f24   0x0000001a   Code   RO         6017    i.TIM_CCxChannelCmd  stm32h7xx_hal_tim.o
    0x08009f3e   0x08009f3e   0x00000014   Code   RO         6027    i.TIM_ETR_SetConfig  stm32h7xx_hal_tim.o
    0x08009f52   0x08009f52   0x00000002   PAD
    0x08009f54   0x08009f54   0x00000014   Code   RO         6028    i.TIM_ITRx_SetConfig  stm32h7xx_hal_tim.o
    0x08009f68   0x08009f68   0x000000a0   Code   RO         6029    i.TIM_OC1_SetConfig  stm32h7xx_hal_tim.o
    0x0800a008   0x0800a008   0x00000094   Code   RO         6030    i.TIM_OC2_SetConfig  stm32h7xx_hal_tim.o
    0x0800a09c   0x0800a09c   0x00000094   Code   RO         6031    i.TIM_OC3_SetConfig  stm32h7xx_hal_tim.o
    0x0800a130   0x0800a130   0x00000074   Code   RO         6032    i.TIM_OC4_SetConfig  stm32h7xx_hal_tim.o
    0x0800a1a4   0x0800a1a4   0x00000070   Code   RO         6033    i.TIM_OC5_SetConfig  stm32h7xx_hal_tim.o
    0x0800a214   0x0800a214   0x00000070   Code   RO         6034    i.TIM_OC6_SetConfig  stm32h7xx_hal_tim.o
    0x0800a284   0x0800a284   0x00000074   Code   RO         6035    i.TIM_ResetCallback  stm32h7xx_hal_tim.o
    0x0800a2f8   0x0800a2f8   0x00000022   Code   RO         6037    i.TIM_TI1_ConfigInputStage  stm32h7xx_hal_tim.o
    0x0800a31a   0x0800a31a   0x00000024   Code   RO         6039    i.TIM_TI2_ConfigInputStage  stm32h7xx_hal_tim.o
    0x0800a33e   0x0800a33e   0x00000002   PAD
    0x0800a340   0x0800a340   0x0000000c   Code   RO         1337    i.UART5_IRQHandler  stm32h7xx_it.o
    0x0800a34c   0x0800a34c   0x00000048   Code   RO         7436    i.UARTEx_SetNbDataToProcess  stm32h7xx_hal_uart_ex.o
    0x0800a394   0x0800a394   0x000000c8   Code   RO         7014    i.UART_AdvFeatureConfig  stm32h7xx_hal_uart.o
    0x0800a45c   0x0800a45c   0x000000aa   Code   RO         7015    i.UART_CheckIdleState  stm32h7xx_hal_uart.o
    0x0800a506   0x0800a506   0x00000012   Code   RO         7016    i.UART_DMAAbortOnError  stm32h7xx_hal_uart.o
    0x0800a518   0x0800a518   0x00000052   Code   RO         7017    i.UART_DMAError     stm32h7xx_hal_uart.o
    0x0800a56a   0x0800a56a   0x00000088   Code   RO         7018    i.UART_DMAReceiveCplt  stm32h7xx_hal_uart.o
    0x0800a5f2   0x0800a5f2   0x0000001e   Code   RO         7020    i.UART_DMARxHalfCplt  stm32h7xx_hal_uart.o
    0x0800a610   0x0800a610   0x00000040   Code   RO         7022    i.UART_DMATransmitCplt  stm32h7xx_hal_uart.o
    0x0800a650   0x0800a650   0x00000008   Code   RO         7024    i.UART_DMATxHalfCplt  stm32h7xx_hal_uart.o
    0x0800a658   0x0800a658   0x00000054   Code   RO         7026    i.UART_EndRxTransfer  stm32h7xx_hal_uart.o
    0x0800a6ac   0x0800a6ac   0x00000022   Code   RO         7027    i.UART_EndTransmit_IT  stm32h7xx_hal_uart.o
    0x0800a6ce   0x0800a6ce   0x0000002e   Code   RO         7028    i.UART_EndTxTransfer  stm32h7xx_hal_uart.o
    0x0800a6fc   0x0800a6fc   0x00000064   Code   RO         7029    i.UART_InitCallbacksToDefault  stm32h7xx_hal_uart.o
    0x0800a760   0x0800a760   0x0000052e   Code   RO         7034    i.UART_SetConfig    stm32h7xx_hal_uart.o
    0x0800ac8e   0x0800ac8e   0x00000002   PAD
    0x0800ac90   0x0800ac90   0x000000a4   Code   RO         7035    i.UART_Start_Receive_DMA  stm32h7xx_hal_uart.o
    0x0800ad34   0x0800ad34   0x00000098   Code   RO         7041    i.UART_WaitOnFlagUntilTimeout  stm32h7xx_hal_uart.o
    0x0800adcc   0x0800adcc   0x0000000c   Code   RO         1338    i.USART10_IRQHandler  stm32h7xx_it.o
    0x0800add8   0x0800add8   0x0000000c   Code   RO         1339    i.USART1_IRQHandler  stm32h7xx_it.o
    0x0800ade4   0x0800ade4   0x0000000c   Code   RO         1340    i.USART2_IRQHandler  stm32h7xx_it.o
    0x0800adf0   0x0800adf0   0x0000000c   Code   RO         1341    i.USART3_IRQHandler  stm32h7xx_it.o
    0x0800adfc   0x0800adfc   0x00000078   Code   RO         9868    i.USBD_CDC_DataIn   usbd_cdc.o
    0x0800ae74   0x0800ae74   0x0000003e   Code   RO         9869    i.USBD_CDC_DataOut  usbd_cdc.o
    0x0800aeb2   0x0800aeb2   0x00000002   PAD
    0x0800aeb4   0x0800aeb4   0x00000094   Code   RO         9870    i.USBD_CDC_DeInit   usbd_cdc.o
    0x0800af48   0x0800af48   0x00000038   Code   RO         9871    i.USBD_CDC_EP0_RxReady  usbd_cdc.o
    0x0800af80   0x0800af80   0x0000000c   Code   RO         9872    i.USBD_CDC_GetDeviceQualifierDescriptor  usbd_cdc.o
    0x0800af8c   0x0800af8c   0x0000003c   Code   RO         9873    i.USBD_CDC_GetFSCfgDesc  usbd_cdc.o
    0x0800afc8   0x0800afc8   0x00000040   Code   RO         9874    i.USBD_CDC_GetHSCfgDesc  usbd_cdc.o
    0x0800b008   0x0800b008   0x0000003c   Code   RO         9875    i.USBD_CDC_GetOtherSpeedCfgDesc  usbd_cdc.o
    0x0800b044   0x0800b044   0x0000015c   Code   RO         9876    i.USBD_CDC_Init     usbd_cdc.o
    0x0800b1a0   0x0800b1a0   0x00000040   Code   RO         9877    i.USBD_CDC_ReceivePacket  usbd_cdc.o
    0x0800b1e0   0x0800b1e0   0x00000018   Code   RO         9878    i.USBD_CDC_RegisterInterface  usbd_cdc.o
    0x0800b1f8   0x0800b1f8   0x0000001c   Code   RO         9879    i.USBD_CDC_SetRxBuffer  usbd_cdc.o
    0x0800b214   0x0800b214   0x00000020   Code   RO         9880    i.USBD_CDC_SetTxBuffer  usbd_cdc.o
    0x0800b234   0x0800b234   0x0000010a   Code   RO         9881    i.USBD_CDC_Setup    usbd_cdc.o
    0x0800b33e   0x0800b33e   0x00000002   PAD
    0x0800b340   0x0800b340   0x00000050   Code   RO         9882    i.USBD_CDC_TransmitPacket  usbd_cdc.o
    0x0800b390   0x0800b390   0x00000014   Code   RO         9531    i.USBD_ClrClassConfig  usbd_core.o
    0x0800b3a4   0x0800b3a4   0x00000026   Code   RO         9698    i.USBD_ClrFeature   usbd_ctlreq.o
    0x0800b3ca   0x0800b3ca   0x00000004   Code   RO         9532    i.USBD_CoreFindEP   usbd_core.o
    0x0800b3ce   0x0800b3ce   0x00000004   Code   RO         9533    i.USBD_CoreFindIF   usbd_core.o
    0x0800b3d2   0x0800b3d2   0x00000010   Code   RO         9804    i.USBD_CtlContinueRx  usbd_ioreq.o
    0x0800b3e2   0x0800b3e2   0x00000010   Code   RO         9805    i.USBD_CtlContinueSendData  usbd_ioreq.o
    0x0800b3f2   0x0800b3f2   0x00000018   Code   RO         9699    i.USBD_CtlError     usbd_ctlreq.o
    0x0800b40a   0x0800b40a   0x0000001e   Code   RO         9806    i.USBD_CtlPrepareRx  usbd_ioreq.o
    0x0800b428   0x0800b428   0x00000016   Code   RO         9807    i.USBD_CtlReceiveStatus  usbd_ioreq.o
    0x0800b43e   0x0800b43e   0x0000001a   Code   RO         9808    i.USBD_CtlSendData  usbd_ioreq.o
    0x0800b458   0x0800b458   0x00000016   Code   RO         9809    i.USBD_CtlSendStatus  usbd_ioreq.o
    0x0800b46e   0x0800b46e   0x0000003a   Code   RO         9700    i.USBD_GetConfig    usbd_ctlreq.o
    0x0800b4a8   0x0800b4a8   0x000001e4   Code   RO         9701    i.USBD_GetDescriptor  usbd_ctlreq.o
    0x0800b68c   0x0800b68c   0x0000003a   Code   RO         9535    i.USBD_GetEpDesc    usbd_core.o
    0x0800b6c6   0x0800b6c6   0x00000014   Code   RO         9702    i.USBD_GetLen       usbd_ctlreq.o
    0x0800b6da   0x0800b6da   0x0000000e   Code   RO         9536    i.USBD_GetNextDesc  usbd_core.o
    0x0800b6e8   0x0800b6e8   0x0000003c   Code   RO         9703    i.USBD_GetStatus    usbd_ctlreq.o
    0x0800b724   0x0800b724   0x00000050   Code   RO         9704    i.USBD_GetString    usbd_ctlreq.o
    0x0800b774   0x0800b774   0x00000024   Code   RO          936    i.USBD_Get_USB_Status  usbd_conf.o
    0x0800b798   0x0800b798   0x00000030   Code   RO         1125    i.USBD_HS_ConfigStrDescriptor  usbd_desc.o
    0x0800b7c8   0x0800b7c8   0x0000000c   Code   RO         1126    i.USBD_HS_DeviceDescriptor  usbd_desc.o
    0x0800b7d4   0x0800b7d4   0x00000034   Code   RO         1127    i.USBD_HS_InterfaceStrDescriptor  usbd_desc.o
    0x0800b808   0x0800b808   0x0000000c   Code   RO         1128    i.USBD_HS_LangIDStrDescriptor  usbd_desc.o
    0x0800b814   0x0800b814   0x00000028   Code   RO         1129    i.USBD_HS_ManufacturerStrDescriptor  usbd_desc.o
    0x0800b83c   0x0800b83c   0x0000003c   Code   RO         1130    i.USBD_HS_ProductStrDescriptor  usbd_desc.o
    0x0800b878   0x0800b878   0x00000014   Code   RO         1131    i.USBD_HS_SerialStrDescriptor  usbd_desc.o
    0x0800b88c   0x0800b88c   0x00000028   Code   RO         9537    i.USBD_Init         usbd_core.o
    0x0800b8b4   0x0800b8b4   0x00000012   Code   RO          937    i.USBD_LL_ClearStallEP  usbd_conf.o
    0x0800b8c6   0x0800b8c6   0x00000012   Code   RO          938    i.USBD_LL_CloseEP   usbd_conf.o
    0x0800b8d8   0x0800b8d8   0x000000dc   Code   RO         9538    i.USBD_LL_DataInStage  usbd_core.o
    0x0800b9b4   0x0800b9b4   0x000000ca   Code   RO         9539    i.USBD_LL_DataOutStage  usbd_core.o
    0x0800ba7e   0x0800ba7e   0x00000004   Code   RO         9540    i.USBD_LL_DevConnected  usbd_core.o
    0x0800ba82   0x0800ba82   0x00000020   Code   RO         9541    i.USBD_LL_DevDisconnected  usbd_core.o
    0x0800baa2   0x0800baa2   0x00000008   Code   RO          942    i.USBD_LL_GetRxDataSize  usbd_conf.o
    0x0800baaa   0x0800baaa   0x00000002   PAD
    0x0800baac   0x0800baac   0x000000fc   Code   RO          943    i.USBD_LL_Init      usbd_conf.o
    0x0800bba8   0x0800bba8   0x0000001e   Code   RO          944    i.USBD_LL_IsStallEP  usbd_conf.o
    0x0800bbc6   0x0800bbc6   0x0000002a   Code   RO         9542    i.USBD_LL_IsoINIncomplete  usbd_core.o
    0x0800bbf0   0x0800bbf0   0x0000002a   Code   RO         9543    i.USBD_LL_IsoOUTIncomplete  usbd_core.o
    0x0800bc1a   0x0800bc1a   0x00000018   Code   RO          945    i.USBD_LL_OpenEP    usbd_conf.o
    0x0800bc32   0x0800bc32   0x00000012   Code   RO          946    i.USBD_LL_PrepareReceive  usbd_conf.o
    0x0800bc44   0x0800bc44   0x00000060   Code   RO         9544    i.USBD_LL_Reset     usbd_core.o
    0x0800bca4   0x0800bca4   0x00000014   Code   RO         9545    i.USBD_LL_Resume    usbd_core.o
    0x0800bcb8   0x0800bcb8   0x0000001a   Code   RO         9546    i.USBD_LL_SOF       usbd_core.o
    0x0800bcd2   0x0800bcd2   0x00000006   Code   RO         9547    i.USBD_LL_SetSpeed  usbd_core.o
    0x0800bcd8   0x0800bcd8   0x00000012   Code   RO          947    i.USBD_LL_SetUSBAddress  usbd_conf.o
    0x0800bcea   0x0800bcea   0x00000060   Code   RO         9548    i.USBD_LL_SetupStage  usbd_core.o
    0x0800bd4a   0x0800bd4a   0x00000012   Code   RO          948    i.USBD_LL_StallEP   usbd_conf.o
    0x0800bd5c   0x0800bd5c   0x00000012   Code   RO          949    i.USBD_LL_Start     usbd_conf.o
    0x0800bd6e   0x0800bd6e   0x0000001a   Code   RO         9549    i.USBD_LL_Suspend   usbd_core.o
    0x0800bd88   0x0800bd88   0x00000012   Code   RO          951    i.USBD_LL_Transmit  usbd_conf.o
    0x0800bd9a   0x0800bd9a   0x00000032   Code   RO         9705    i.USBD_ParseSetupRequest  usbd_ctlreq.o
    0x0800bdcc   0x0800bdcc   0x0000003a   Code   RO         9550    i.USBD_RegisterClass  usbd_core.o
    0x0800be06   0x0800be06   0x00000004   Code   RO         9551    i.USBD_RunTestMode  usbd_core.o
    0x0800be0a   0x0800be0a   0x00000058   Code   RO         9706    i.USBD_SetAddress   usbd_ctlreq.o
    0x0800be62   0x0800be62   0x00000014   Code   RO         9552    i.USBD_SetClassConfig  usbd_core.o
    0x0800be76   0x0800be76   0x00000002   PAD
    0x0800be78   0x0800be78   0x000000dc   Code   RO         9707    i.USBD_SetConfig    usbd_ctlreq.o
    0x0800bf54   0x0800bf54   0x00000024   Code   RO         9708    i.USBD_SetFeature   usbd_ctlreq.o
    0x0800bf78   0x0800bf78   0x00000004   Code   RO         9553    i.USBD_Start        usbd_core.o
    0x0800bf7c   0x0800bf7c   0x00000076   Code   RO         9709    i.USBD_StdDevReq    usbd_ctlreq.o
    0x0800bff2   0x0800bff2   0x00000220   Code   RO         9710    i.USBD_StdEPReq     usbd_ctlreq.o
    0x0800c212   0x0800c212   0x0000008e   Code   RO         9711    i.USBD_StdItfReq    usbd_ctlreq.o
    0x0800c2a0   0x0800c2a0   0x00000002   Code   RO          952    i.USBD_static_free  usbd_conf.o
    0x0800c2a2   0x0800c2a2   0x00000002   PAD
    0x0800c2a4   0x0800c2a4   0x00000008   Code   RO          953    i.USBD_static_malloc  usbd_conf.o
    0x0800c2ac   0x0800c2ac   0x00000084   Code   RO         1963    i.USB_ActivateEndpoint  stm32h7xx_ll_usb.o
    0x0800c330   0x0800c330   0x0000001c   Code   RO         1965    i.USB_ActivateSetup  stm32h7xx_ll_usb.o
    0x0800c34c   0x0800c34c   0x0000009c   Code   RO         1967    i.USB_CoreInit      stm32h7xx_ll_usb.o
    0x0800c3e8   0x0800c3e8   0x00000044   Code   RO         1968    i.USB_CoreReset     stm32h7xx_ll_usb.o
    0x0800c42c   0x0800c42c   0x000000c8   Code   RO         1971    i.USB_DeactivateEndpoint  stm32h7xx_ll_usb.o
    0x0800c4f4   0x0800c4f4   0x0000001c   Code   RO         1972    i.USB_DevConnect    stm32h7xx_ll_usb.o
    0x0800c510   0x0800c510   0x0000001c   Code   RO         1973    i.USB_DevDisconnect  stm32h7xx_ll_usb.o
    0x0800c52c   0x0800c52c   0x0000016c   Code   RO         1974    i.USB_DevInit       stm32h7xx_ll_usb.o
    0x0800c698   0x0800c698   0x0000000c   Code   RO         1975    i.USB_DisableGlobalInt  stm32h7xx_ll_usb.o
    0x0800c6a4   0x0800c6a4   0x00000054   Code   RO         1978    i.USB_EP0_OutStart  stm32h7xx_ll_usb.o
    0x0800c6f8   0x0800c6f8   0x00000058   Code   RO         1979    i.USB_EPClearStall  stm32h7xx_ll_usb.o
    0x0800c750   0x0800c750   0x00000058   Code   RO         1980    i.USB_EPSetStall    stm32h7xx_ll_usb.o
    0x0800c7a8   0x0800c7a8   0x0000024c   Code   RO         1981    i.USB_EPStartXfer   stm32h7xx_ll_usb.o
    0x0800c9f4   0x0800c9f4   0x000000a4   Code   RO         1982    i.USB_EPStopXfer    stm32h7xx_ll_usb.o
    0x0800ca98   0x0800ca98   0x0000000c   Code   RO         1983    i.USB_EnableGlobalInt  stm32h7xx_ll_usb.o
    0x0800caa4   0x0800caa4   0x00000040   Code   RO         1984    i.USB_FlushRxFifo   stm32h7xx_ll_usb.o
    0x0800cae4   0x0800cae4   0x00000044   Code   RO         1985    i.USB_FlushTxFifo   stm32h7xx_ll_usb.o
    0x0800cb28   0x0800cb28   0x00000020   Code   RO         1987    i.USB_GetDevSpeed   stm32h7xx_ll_usb.o
    0x0800cb48   0x0800cb48   0x00000008   Code   RO         1989    i.USB_GetMode       stm32h7xx_ll_usb.o
    0x0800cb50   0x0800cb50   0x0000000e   Code   RO         1997    i.USB_ReadDevAllInEpInterrupt  stm32h7xx_ll_usb.o
    0x0800cb5e   0x0800cb5e   0x0000000e   Code   RO         1998    i.USB_ReadDevAllOutEpInterrupt  stm32h7xx_ll_usb.o
    0x0800cb6c   0x0800cb6c   0x00000024   Code   RO         1999    i.USB_ReadDevInEPInterrupt  stm32h7xx_ll_usb.o
    0x0800cb90   0x0800cb90   0x00000010   Code   RO         2000    i.USB_ReadDevOutEPInterrupt  stm32h7xx_ll_usb.o
    0x0800cba0   0x0800cba0   0x00000008   Code   RO         2001    i.USB_ReadInterrupts  stm32h7xx_ll_usb.o
    0x0800cba8   0x0800cba8   0x0000003e   Code   RO         2002    i.USB_ReadPacket    stm32h7xx_ll_usb.o
    0x0800cbe6   0x0800cbe6   0x00000060   Code   RO         2004    i.USB_SetCurrentMode  stm32h7xx_ll_usb.o
    0x0800cc46   0x0800cc46   0x0000001e   Code   RO         2005    i.USB_SetDevAddress  stm32h7xx_ll_usb.o
    0x0800cc64   0x0800cc64   0x0000000e   Code   RO         2006    i.USB_SetDevSpeed   stm32h7xx_ll_usb.o
    0x0800cc72   0x0800cc72   0x00000002   PAD
    0x0800cc74   0x0800cc74   0x000000f4   Code   RO         2007    i.USB_SetTurnaroundTime  stm32h7xx_ll_usb.o
    0x0800cd68   0x0800cd68   0x00000028   Code   RO         2010    i.USB_WritePacket   stm32h7xx_ll_usb.o
    0x0800cd90   0x0800cd90   0x00000002   Code   RO         1342    i.UsageFault_Handler  stm32h7xx_it.o
    0x0800cd92   0x0800cd92   0x0000004e   Code   RO           14    i._Z10MPU_Configv   main.o
    0x0800cde0   0x0800cde0   0x00000098   Code   RO         7584    i._Z10USART_losev   function.o
    0x0800ce78   0x0800ce78   0x00000028   Code   RO         7585    i._Z10fashe_turnPt  function.o
    0x0800cea0   0x0800cea0   0x0000000c   Code   RO         7972    i._Z10flash_readjPjj  bmi088.o
    0x0800ceac   0x0800ceac   0x00000024   Code   RO         1218    i._Z11CDC_Init_HSv  usbd_cdc_if.o
    0x0800ced0   0x0800ced0   0x00000010   Code   RO        10146    i._Z11shoot_speedv  forecast.o
    0x0800cee0   0x0800cee0   0x00000040   Code   RO         7586    i._Z12Heat_controlv  function.o
    0x0800cf20   0x0800cf20   0x000000d4   Code   RO         7587    i._Z12USART_handleP5Robot  function.o
    0x0800cff4   0x0800cff4   0x000000f4   Code   RO         9978    i._Z12leida_handlePhh  sense_analysis.o
    0x0800d0e8   0x0800d0e8   0x0000001a   Code   RO         9189    i._Z13Byte_to_floatPh  ifr_robstride.o
    0x0800d102   0x0800d102   0x00000004   Code   RO         1219    i._Z13CDC_DeInit_HSv  usbd_cdc_if.o
    0x0800d106   0x0800d106   0x00000002   PAD
    0x0800d108   0x0800d108   0x00000198   Code   RO        10148    i._Z13Motor_foreastdRK7TF_Vec3S1_PfS2_  forecast.o
    0x0800d2a0   0x0800d2a0   0x000000ac   Code   RO         7589    i._Z13Sentry_relivev  function.o
    0x0800d34c   0x0800d34c   0x000002b4   Code   RO         7590    i._Z13TIM7_Functionv  function.o
    0x0800d600   0x0800d600   0x0000002c   Code   RO        10149    i._Z13err_calculatefPfS_  forecast.o
    0x0800d62c   0x0800d62c   0x0000004a   Code   RO         9190    i._Z13float_to_uintfffi  ifr_robstride.o
    0x0800d676   0x0800d676   0x00000002   PAD
    0x0800d678   0x0800d678   0x0000004c   Code   RO         7592    i._Z13ramp_functionff  function.o
    0x0800d6c4   0x0800d6c4   0x00000008   Code   RO         1220    i._Z14CDC_Control_HShPht  usbd_cdc_if.o
    0x0800d6cc   0x0800d6cc   0x0000002c   Code   RO         1221    i._Z14CDC_Receive_HSPhPj  usbd_cdc_if.o
    0x0800d6f8   0x0800d6f8   0x0000009c   Code   RO         9401    i._Z14IFR_TIM_ID_GETP19__TIM_HandleTypeDef  ifr_tim.o
    0x0800d794   0x0800d794   0x00000034   Code   RO         7593    i._Z14Transmit_underv  function.o
    0x0800d7c8   0x0800d7c8   0x00000090   Code   RO         7973    i._Z14cali_data_readv  bmi088.o
    0x0800d858   0x0800d858   0x00000040   Code   RO         7974    i._Z14cali_gyro_hookPjh  bmi088.o
    0x0800d898   0x0800d898   0x00000024   Code   RO         7975    i._Z14cali_head_hookPjh  bmi088.o
    0x0800d8bc   0x0800d8bc   0x000000a4   Code   RO         7976    i._Z14imu_cali_slovePfS_P16BMI088_REAL_DATA  bmi088.o
    0x0800d960   0x0800d960   0x0000005c   Code   RO         9457    i._Z15IFR_Uart_ID_GetP20__UART_HandleTypeDef  ifr_usart.o
    0x0800d9bc   0x0800d9bc   0x0000007c   Code   RO        10150    i._Z15Motor_calcPitchdd  forecast.o
    0x0800da38   0x0800da38   0x000000a0   Code   RO         9979    i._Z15Sense_send_data14IMU_DM_TypeDefhhhfii  sense_analysis.o
    0x0800dad8   0x0800dad8   0x00000088   Code   RO         7977    i._Z15cali_data_writev  bmi088.o
    0x0800db60   0x0800db60   0x0000009c   Code   RO         7978    i._Z15imu_cmd_spi_dmav  bmi088.o
    0x0800dbfc   0x0800dbfc   0x00000028   Code   RO         9191    i._Z15uint16_to_floattffi  ifr_robstride.o
    0x0800dc24   0x0800dc24   0x00000030   Code   RO         8708    i._Z16IFR_FDCAN_ID_GetP21__FDCAN_HandleTypeDef  ifr_fdcan.o
    0x0800dc54   0x0800dc54   0x000000a0   Code   RO        10151    i._Z16Time_calculationRK7TF_Vec3d  forecast.o
    0x0800dcf4   0x0800dcf4   0x0000003c   Code   RO         7979    i._Z16imu_temp_controlf  bmi088.o
    0x0800dd30   0x0800dd30   0x000000ec   Code   RO         9980    i._Z17Auto_TransmitTaskii  sense_analysis.o
    0x0800de1c   0x0800de1c   0x00000264   Code   RO         7981    i._Z18GyroAngle_Analysisv  bmi088.o
    0x0800e080   0x0800e080   0x00000034   Code   RO         7595    i._Z18Judge_HalfTurnJumpfff  function.o
    0x0800e0b4   0x0800e0b4   0x0000009c   Code   RO           15    i._Z18SystemClock_Configv  main.o
    0x0800e150   0x0800e150   0x00000260   Code   RO         7596    i._Z18Tar_motor_analysisv  function.o
    0x0800e3b0   0x0800e3b0   0x00000040   Code   RO         7597    i._Z18Target_yuntai_initv  function.o
    0x0800e3f0   0x0800e3f0   0x00000004   Code   RO         1222    i._Z19CDC_TransmitCplt_HSPhPjh  usbd_cdc_if.o
    0x0800e3f4   0x0800e3f4   0x000000e8   Code   RO         7598    i._Z19Fashe_control_remotv  function.o
    0x0800e4dc   0x0800e4dc   0x00000024   Code   RO         7599    i._Z19InitializeRxCanDatav  function.o
    0x0800e500   0x0800e500   0x00000024   Code   RO         7982    i._Z20BMI088_read_muli_reghPhh  bmi088.o
    0x0800e524   0x0800e524   0x00000016   Code   RO         7983    i._Z22BMI088_read_single_reghPh  bmi088.o
    0x0800e53a   0x0800e53a   0x00000002   PAD
    0x0800e53c   0x0800e53c   0x0000010c   Code   RO         7600    i._Z22Transmit_to_slave_datat  function.o
    0x0800e648   0x0800e648   0x00000012   Code   RO         7984    i._Z23BMI088_write_single_reghh  bmi088.o
    0x0800e65a   0x0800e65a   0x0000001e   Code   RO         7985    i._Z25BMI088_gyro_read_muli_reghPhh  bmi088.o
    0x0800e678   0x0800e678   0x00000018   Code   RO         9402    i._Z25IFR_TIM_Overflow_CallbackP19__TIM_HandleTypeDef  ifr_tim.o
    0x0800e690   0x0800e690   0x000000f4   Code   RO         7602    i._Z25Yuntai_control_Little_Yawv  function.o
    0x0800e784   0x0800e784   0x00000026   Code   RO         7986    i._Z26BMI088_accel_read_muli_reghPhh  bmi088.o
    0x0800e7aa   0x0800e7aa   0x0000001a   Code   RO         7987    i._Z27BMI088_gyro_read_single_reghPh  bmi088.o
    0x0800e7c4   0x0800e7c4   0x00000018   Code   RO         8709    i._Z27IFR_FDCAN_Recevice_CallbackP21__FDCAN_HandleTypeDefj  ifr_fdcan.o
    0x0800e7dc   0x0800e7dc   0x00000018   Code   RO         8710    i._Z27IFR_FDCAN_Transmit_CallbackP21__FDCAN_HandleTypeDef  ifr_fdcan.o
    0x0800e7f4   0x0800e7f4   0x00000028   Code   RO         7988    i._Z28BMI088_accel_read_single_reghPh  bmi088.o
    0x0800e81c   0x0800e81c   0x0000001a   Code   RO         7989    i._Z28BMI088_gyro_write_single_reghh  bmi088.o
    0x0800e836   0x0800e836   0x0000001a   Code   RO         7990    i._Z29BMI088_accel_write_single_reghh  bmi088.o
    0x0800e850   0x0800e850   0x0000001c   Code   RO         9458    i._Z39IFR_Uart_DoubleBuffer_Recevice_CallbackP20__UART_HandleTypeDeft  ifr_usart.o
    0x0800e86c   0x0800e86c   0x00000058   Code   RO         7603    i._Z4turnf          function.o
    0x0800e8c4   0x0800e8c4   0x00000034   Code   RO         7604    i._Z5killGf         function.o
    0x0800e8f8   0x0800e8f8   0x000002e8   Code   RO         7605    i._Z8ALL_initv      function.o
    0x0800ebe0   0x0800ebe0   0x00000590   Code   RO         7606    i._Z9AutoShootv     function.o
    0x0800f170   0x0800f170   0x00000144   Code   RO         7607    i._Z9Motor_setv     function.o
    0x0800f2b4   0x0800f2b4   0x0000006c   Code   RO         7608    i._Z9Set_all_0v     function.o
    0x0800f320   0x0800f320   0x000000c4   Code   RO         7991    i._Z9get_anglePfS_S_S_  bmi088.o
    0x0800f3e4   0x0800f3e4   0x00000120   Code   RO        10301    i._ZN11TF_LazyMat44calcEv  tf.o
    0x0800f504   0x0800f504   0x00000018   Code   RO        10302    i._ZN11TF_LazyMat46getMatEv  tf.o
    0x0800f51c   0x0800f51c   0x00000018   Code   RO        10304    i._ZN11TF_LazyMat49getInvMatEv  tf.o
    0x0800f534   0x0800f534   0x00000080   Code   RO         7834    i._ZN11TF_LazyMat4C1Effffff  function.o
    0x0800f5b4   0x0800f5b4   0x0000002c   Code   RO         8682    i._ZN12IFR_DM_Motor13uint_to_floatEifi  ifr_dmmotor.o
    0x0800f5e0   0x0800f5e0   0x00000006   Code   RO         8532    i._ZN12IFR_DM_Motor14Get_DMMotor_IdEv  ifr_dmmotor.o
    0x0800f5e6   0x0800f5e6   0x00000002   PAD
    0x0800f5e8   0x0800f5e8   0x000000f4   Code   RO         8535    i._ZN12IFR_DM_Motor17DM_Motor_AnalysisEPhj  ifr_dmmotor.o
    0x0800f6dc   0x0800f6dc   0x0000004c   Code   RO         9194    i._ZN12IFR_LZ_Motor12Enable_MotorEv  ifr_robstride.o
    0x0800f728   0x0800f728   0x00000050   Code   RO         9195    i._ZN12IFR_LZ_Motor13Disable_MotorEh  ifr_robstride.o
    0x0800f778   0x0800f778   0x000001c0   Code   RO         9197    i._ZN12IFR_LZ_Motor17LZ_Motor_AnalysisEPhj  ifr_robstride.o
    0x0800f938   0x0800f938   0x00000164   Code   RO         9199    i._ZN12IFR_LZ_Motor21LZ_Motor_move_controlEfffff  ifr_robstride.o
    0x0800fa9c   0x0800fa9c   0x00000020   Code   RO         9204    i._ZN12IFR_LZ_Motor23LZ_Motor_Torque_controlEf  ifr_robstride.o
    0x0800fabc   0x0800fabc   0x00000014   Code   RO         9206    i._ZN12IFR_LZ_MotorC1EPFffEh  ifr_robstride.o
    0x0800fad0   0x0800fad0   0x00000010   Code   RO         9207    i._ZN12IFR_LZ_MotorC1Eh  ifr_robstride.o
    0x0800fae0   0x0800fae0   0x00000004   Code   RO         8989    i._ZN13IFR_DJI_Motor16Get_DJIMotor_NumEv  ifr_motor.o
    0x0800fae4   0x0800fae4   0x00000068   Code   RO         8990    i._ZN13IFR_DJI_Motor18DJI_Motor_AnalysisEPhj  ifr_motor.o
    0x0800fb4c   0x0800fb4c   0x00000004   Code   RO         8991    i._ZN13IFR_DJI_Motor19Get_DJIMotor_OutputEv  ifr_motor.o
    0x0800fb50   0x0800fb50   0x00000004   Code   RO         8992    i._ZN13IFR_DJI_Motor19Set_DJIMotor_OutputEi  ifr_motor.o
    0x0800fb54   0x0800fb54   0x0000000a   Code   RO         8993    i._ZN13IFR_DJI_MotorC1Et  ifr_motor.o
    0x0800fb5e   0x0800fb5e   0x0000002a   Code   RO         8995    i._ZN13IFR_Pos_Motor15Motor_Speed_SetEs  ifr_motor.o
    0x0800fb88   0x0800fb88   0x00000004   Code   RO         8998    i._ZN13IFR_Pos_MotorC1Et  ifr_motor.o
    0x0800fb8c   0x0800fb8c   0x0000002e   Code   RO         8999    i._ZN15IFR_Speed_Motor15Motor_Speed_SetEs  ifr_motor.o
    0x0800fbba   0x0800fbba   0x00000004   Code   RO         9000    i._ZN15IFR_Speed_MotorC1Et  ifr_motor.o
    0x0800fbbe   0x0800fbbe   0x00000002   PAD
    0x0800fbc0   0x0800fbc0   0x00000034   Code   RO         9404    i._ZN16IFR_TIM_ClassDef11TIM_ITStartEP19__TIM_HandleTypeDefPFvvE  ifr_tim.o
    0x0800fbf4   0x0800fbf4   0x0000000a   Code   RO         9405    i._ZN16IFR_TIM_ClassDef17TaskFunction_CallEv  ifr_tim.o
    0x0800fbfe   0x0800fbfe   0x00000002   PAD
    0x0800fc00   0x0800fc00   0x0000009c   Code   RO         8711    i._ZN18IFR_FDCAN_ClassDef10FDCAN_InitEP21__FDCAN_HandleTypeDef  ifr_fdcan.o
    0x0800fc9c   0x0800fc9c   0x00000024   Code   RO         8713    i._ZN18IFR_FDCAN_ClassDef10FDCAN_InitEP21__FDCAN_HandleTypeDefP12IFR_LZ_Motor  ifr_fdcan.o
    0x0800fcc0   0x0800fcc0   0x0000001a   Code   RO         8714    i._ZN18IFR_FDCAN_ClassDef10FDCAN_InitEP21__FDCAN_HandleTypeDefP13IFR_DJI_Motor  ifr_fdcan.o
    0x0800fcda   0x0800fcda   0x000000a8   Code   RO         8715    i._ZN18IFR_FDCAN_ClassDef14FDCAN_ReceviceEv  ifr_fdcan.o
    0x0800fd82   0x0800fd82   0x0000009a   Code   RO         8716    i._ZN18IFR_FDCAN_ClassDef14FDCAN_TransmitEP21FDCAN_TxHeaderTypeDefPh  ifr_fdcan.o
    0x0800fe1c   0x0800fe1c   0x00000216   Code   RO         8717    i._ZN18IFR_FDCAN_ClassDef22FDCAN_TransmitForMotorEv  ifr_fdcan.o
    0x08010032   0x08010032   0x0000004e   Code   RO         8720    i._ZN18IFR_FDCAN_ClassDef27FDCAN_MultiMessage_TransmitEv  ifr_fdcan.o
    0x08010080   0x08010080   0x00000032   Code   RO         8722    i._ZN18IFR_FDCAN_ClassDef32FDCAN_Robstride_Motor_All_EnableEv  ifr_fdcan.o
    0x080100b2   0x080100b2   0x00000002   PAD
    0x080100b4   0x080100b4   0x000000e4   Code   RO         9459    i._ZN18IFR_UDBRx_ClassDef12Uart_RestartEv  ifr_usart.o
    0x08010198   0x08010198   0x000000ec   Code   RO         9460    i._ZN18IFR_UDBRx_ClassDef17UDB_Recevice_InitEP20__UART_HandleTypeDefPFvPhhE  ifr_usart.o
    0x08010284   0x08010284   0x00000104   Code   RO         9462    i._ZN18IFR_UDBRx_ClassDef26Uart_DoubleBuffer_ReceviceEt  ifr_usart.o
    0x08010388   0x08010388   0x0000000a   Code   RO         9214    i._ZN24IFR_GyroControl_LZ_Motor12IMU_Data_GetEff  ifr_robstride.o
    0x08010392   0x08010392   0x0000004e   Code   RO         9215    i._ZN24IFR_GyroControl_LZ_Motor15Motor_Angle_SetEf  ifr_robstride.o
    0x080103e0   0x080103e0   0x00000004   Code   RO         9216    i._ZN24IFR_GyroControl_LZ_MotorC1EPFffEh  ifr_robstride.o
    0x080103e4   0x080103e4   0x0000001a   Code   RO         9217    i._ZN24IFR_GyroControl_LZ_MotorC1Eh  ifr_robstride.o
    0x080103fe   0x080103fe   0x00000002   PAD
    0x08010400   0x08010400   0x000000e8   Code   RO         9110    i._ZN7IFR_PID14Positional_PIDEff  ifr_pid.o
    0x080104e8   0x080104e8   0x0000001e   Code   RO         9112    i._ZN7IFR_PID8PID_InitEfffffff  ifr_pid.o
    0x08010506   0x08010506   0x00000002   PAD
    0x08010508   0x08010508   0x0000002c   Code   RO         7846    i._ZN7TF_Mat4C1Eb   function.o
    0x08010534   0x08010534   0x0000010c   Code   RO         7858    i._ZN7TF_Tree10makeSentryEv  function.o
    0x08010640   0x08010640   0x0000000e   Code   RO         7852    i._ZN7TF_Vec3C1Efff  function.o
    0x0801064e   0x0801064e   0x00000002   PAD
    0x08010650   0x08010650   0x00000208   Code   RO        10152    i._ZN8AntiGyro6updateEffffPfS0_  forecast.o
    0x08010858   0x08010858   0x0000004c   Code   RO         7840    i._ZNK7TF_Vec312radian2angleEv  function.o
    0x080108a4   0x080108a4   0x0000002e   Code   RO        10227    i._ZNK7TF_Vec3mlEf  forecast.o
    0x080108d2   0x080108d2   0x00000042   Code   RO        10233    i._ZNK7TF_Vec3plES_  forecast.o
    0x08010914   0x08010914   0x0000007c   Code   RO        10154    i._ZNK8AntiGyro6isJumpEv  forecast.o
    0x08010990   0x08010990   0x00000004   Code   RO        10245    i._ZSt3cosf         forecast.o
    0x08010994   0x08010994   0x00000004   Code   RO        10239    i._ZSt3sinf         forecast.o
    0x08010998   0x08010998   0x00000030   Code   RO        10583    i.__ARM_fpclassify  m_wv.l(fpclassify.o)
    0x080109c8   0x080109c8   0x00000026   Code   RO        10585    i.__ARM_fpclassifyf  m_wv.l(fpclassifyf.o)
    0x080109ee   0x080109ee   0x00000020   Code   RO         3709    i.__NVIC_SetPriority  stm32h7xx_hal_cortex.o
    0x08010a0e   0x08010a0e   0x00000024   Code   RO        10385    i.__aeabi_vec_ctor_nocookie_nodtor  cpprt_w.l(aeabi_vec_ctor_nocookie_nodtor.o)
    0x08010a32   0x08010a32   0x00000006   PAD
    0x08010a38   0x08010a38   0x00000208   Code   RO        10388    i.__hardfp_asin     m_wv.l(asin.o)
    0x08010c40   0x08010c40   0x00000138   Code   RO        10402    i.__hardfp_asinf    m_wv.l(asinf.o)
    0x08010d78   0x08010d78   0x000002b4   Code   RO        10414    i.__hardfp_atan2f   m_wv.l(atan2f.o)
    0x0801102c   0x0801102c   0x00000004   PAD
    0x08011030   0x08011030   0x000000b0   Code   RO        10426    i.__hardfp_cos      m_wv.l(cos.o)
    0x080110e0   0x080110e0   0x00000150   Code   RO        10438    i.__hardfp_cosf     m_wv.l(cosf.o)
    0x08011230   0x08011230   0x00000658   Code   RO        10450    i.__hardfp_powf     m_wv.l(powf.o)
    0x08011888   0x08011888   0x000000b0   Code   RO        10464    i.__hardfp_sin      m_wv.l(sin.o)
    0x08011938   0x08011938   0x00000194   Code   RO        10476    i.__hardfp_sinf     m_wv.l(sinf.o)
    0x08011acc   0x08011acc   0x00000004   PAD
    0x08011ad0   0x08011ad0   0x00000310   Code   RO        10603    i.__ieee754_rem_pio2  m_wv.l(rred.o)
    0x08011de0   0x08011de0   0x000000e0   Code   RO        10560    i.__kernel_cos      m_wv.l(cos_i.o)
    0x08011ec0   0x08011ec0   0x00000070   Code   RO        10601    i.__kernel_poly     m_wv.l(poly.o)
    0x08011f30   0x08011f30   0x000000a8   Code   RO        10611    i.__kernel_sin      m_wv.l(sin_i.o)
    0x08011fd8   0x08011fd8   0x00000006   Code   RO        10564    i.__mathlib_dbl_infnan  m_wv.l(dunder.o)
    0x08011fde   0x08011fde   0x00000002   PAD
    0x08011fe0   0x08011fe0   0x00000018   Code   RO        10566    i.__mathlib_dbl_invalid  m_wv.l(dunder.o)
    0x08011ff8   0x08011ff8   0x00000018   Code   RO        10569    i.__mathlib_dbl_underflow  m_wv.l(dunder.o)
    0x08012010   0x08012010   0x00000018   Code   RO        10587    i.__mathlib_flt_divzero  m_wv.l(funder.o)
    0x08012028   0x08012028   0x00000006   Code   RO        10588    i.__mathlib_flt_infnan  m_wv.l(funder.o)
    0x0801202e   0x0801202e   0x00000006   Code   RO        10589    i.__mathlib_flt_infnan2  m_wv.l(funder.o)
    0x08012034   0x08012034   0x00000010   Code   RO        10590    i.__mathlib_flt_invalid  m_wv.l(funder.o)
    0x08012044   0x08012044   0x00000010   Code   RO        10591    i.__mathlib_flt_overflow  m_wv.l(funder.o)
    0x08012054   0x08012054   0x00000010   Code   RO        10593    i.__mathlib_flt_underflow  m_wv.l(funder.o)
    0x08012064   0x08012064   0x00000154   Code   RO        10608    i.__mathlib_rredf2  m_wv.l(rredf.o)
    0x080121b8   0x080121b8   0x000002d4   Code   RO         7609    i.__sti___12_Function_cpp_null  function.o
    0x0801248c   0x0801248c   0x0000001c   Code   RO        10155    i.__sti___12_forecast_cpp_e871c508  forecast.o
    0x080124a8   0x080124a8   0x000000a0   Code   RO         7992    i.bmi088_accel_init  bmi088.o
    0x08012548   0x08012548   0x000000a0   Code   RO         7993    i.bmi088_gyro_init  bmi088.o
    0x080125e8   0x080125e8   0x00000078   Code   RO         7994    i.cali_param_init   bmi088.o
    0x08012660   0x08012660   0x00000018   Code   RO        10579    i.fabs              m_wv.l(fabs.o)
    0x08012678   0x08012678   0x00000042   Code   RO         7995    i.flash_erase_address  bmi088.o
    0x080126ba   0x080126ba   0x00000002   PAD
    0x080126bc   0x080126bc   0x00000070   Code   RO         7996    i.flash_write_single_address  bmi088.o
    0x0801272c   0x0801272c   0x0000006c   Code   RO         7997    i.get_h7_flash_sector  bmi088.o
    0x08012798   0x08012798   0x0000004c   Code   RO         7999    i.gyro_offset_calc  bmi088.o
    0x080127e4   0x080127e4   0x0000002c   Code   RO         8000    i.invSqrt           bmi088.o
    0x08012810   0x08012810   0x00000070   Code   RO           16    i.main              main.o
    0x08012880   0x08012880   0x00000040   Code   RO        10034    i.need_data_analysis  judge.o
    0x080128c0   0x080128c0   0x0000006a   Code   RO        10619    i.sqrt              m_wv.l(sqrt.o)
    0x0801292a   0x0801292a   0x0000003e   Code   RO        10490    i.sqrtf             m_wv.l(sqrtf.o)
    0x08012968   0x08012968   0x0000000a   Code   RO        10656    x$fpl$fpinit        fz_wv.l(fpinit.o)
    0x08012972   0x08012972   0x00000000   Code   RO        10559    x$fpl$usenofp       fz_wv.l(usenofp.o)
    0x08012972   0x08012972   0x00000008   Data   RO         3010    .constdata          stm32h7xx_hal_dma.o
    0x0801297a   0x0801297a   0x00000002   PAD
    0x0801297c   0x0801297c   0x0000005c   Data   RO         4935    .constdata          stm32h7xx_hal_fdcan.o
    0x080129d8   0x080129d8   0x00000018   Data   RO         7042    .constdata          stm32h7xx_hal_uart.o
    0x080129f0   0x080129f0   0x00000010   Data   RO         7438    .constdata          stm32h7xx_hal_uart_ex.o
    0x08012a00   0x08012a00   0x00000010   Data   RO         7547    .constdata          system_stm32h7xx.o
    0x08012a10   0x08012a10   0x00000030   Data   RO         8051    .constdata          bmi088.o
    0x08012a40   0x08012a40   0x00000300   Data   RO         8301    .constdata          ifr_crc.o
    0x08012d40   0x08012d40   0x00000024   Data   RO         9986    .constdata          sense_analysis.o
    0x08012d64   0x08012d64   0x00000200   Data   RO        10111    .constdata          imu_dm.o
    0x08012f64   0x08012f64   0x00000004   PAD
    0x08012f68   0x08012f68   0x00000050   Data   RO        10391    .constdata          m_wv.l(asin.o)
    0x08012fb8   0x08012fb8   0x00000140   Data   RO        10453    .constdata          m_wv.l(powf.o)
    0x080130f8   0x080130f8   0x00000030   Data   RO        10561    .constdata          m_wv.l(cos_i.o)
    0x08013128   0x08013128   0x000000c8   Data   RO        10605    .constdata          m_wv.l(rred.o)
    0x080131f0   0x080131f0   0x00000020   Data   RO        10609    .constdata          m_wv.l(rredf.o)
    0x08013210   0x08013210   0x00000028   Data   RO        10612    .constdata          m_wv.l(sin_i.o)
    0x08013238   0x08013238   0x00000020   Data   RO        10873    Region$$Table       anon$$obj.o
    0x08013258   0x08013258   0x00000004   Data   RO         7691    .init_array         function.o
    0x0801325c   0x08013258   0x00000004   Data   RO        10169    .init_array         forecast.o
    0x08013260   0x08013258   0x00000000   Data   RO        10374    .init_array         c_w.l(init_aeabi.o)


    Execution Region RW_IRAM2 (Exec base: 0x24000000, Load base: 0x08013260, Size: 0x000068f8, Max: 0x00050000, ABSOLUTE, COMPRESSED[0x00000198])

    Exec Addr    Load Addr    Size         Type   Attr      Idx    E Section Name        Object

    0x24000000   COMPRESSED   0x00000004   Data   RW          603    .data               fdcan.o
    0x24000004   COMPRESSED   0x00000020   Data   RW         1134    .data               usbd_desc.o
    0x24000024   COMPRESSED   0x0000003e   Data   RW         1135    .data               usbd_desc.o
    0x24000062   COMPRESSED   0x00000002   PAD
    0x24000064   COMPRESSED   0x00000014   Data   RW         1230    .data               usbd_cdc_if.o
    0x24000078   COMPRESSED   0x0000000c   Data   RW         3895    .data               stm32h7xx_hal.o
    0x24000084   COMPRESSED   0x00000008   Data   RW         7548    .data               system_stm32h7xx.o
    0x2400008c   COMPRESSED   0x00000004   PAD
    0x24000090   COMPRESSED   0x00000088   Data   RW         7652    .data               function.o
    0x24000118   COMPRESSED   0x000000fc   Data   RW         8052    .data               bmi088.o
    0x24000214   COMPRESSED   0x00000008   Data   RW         8055    .data               bmi088.o
    0x2400021c   COMPRESSED   0x00000022   Data   RW         8368    .data               ifr_remote.o
    0x2400023e   COMPRESSED   0x0000002c   Data   RW         9247    .data               ifr_robstride.o
    0x2400026a   COMPRESSED   0x00000001   Data   RW         9712    .data               usbd_ctlreq.o
    0x2400026b   COMPRESSED   0x00000001   PAD
    0x2400026c   COMPRESSED   0x00000053   Data   RW         9883    .data               usbd_cdc.o
    0x240002bf   COMPRESSED   0x00000001   PAD
    0x240002c0   COMPRESSED   0x00000038   Data   RW         9884    .data               usbd_cdc.o
    0x240002f8   COMPRESSED   0x0000001c   Data   RW         9987    .data               sense_analysis.o
    0x24000314   COMPRESSED   0x0000002e   Data   RW        10051    .data               judge.o
    0x24000342   COMPRESSED   0x00000001   Data   RW        10112    .data               imu_dm.o
    0x24000343   COMPRESSED   0x00000005   PAD
    0x24000348   COMPRESSED   0x00000030   Data   RW        10168    .data               forecast.o
    0x24000378        -       0x000002c4   Zero   RW          602    .bss                fdcan.o
    0x2400063c        -       0x000001a4   Zero   RW          676    .bss                spi.o
    0x240007e0        -       0x000002f0   Zero   RW          724    .bss                tim.o
    0x24000ad0        -       0x00000834   Zero   RW          800    .bss                usart.o
    0x24001304        -       0x000002dc   Zero   RW          860    .bss                usb_device.o
    0x240015e0        -       0x00000740   Zero   RW          954    .bss                usbd_conf.o
    0x24001d20        -       0x00000200   Zero   RW         1133    .bss                usbd_desc.o
    0x24001f20        -       0x00001032   Zero   RW         1229    .bss                usbd_cdc_if.o
    0x24002f52   COMPRESSED   0x00000002   PAD
    0x24002f54        -       0x0000001c   Zero   RW         2573    .bss                stm32h7xx_hal_flash.o
    0x24002f70        -       0x00002c88   Zero   RW         7639    .bss                function.o
    0x24005bf8   COMPRESSED   0x00000008   PAD
    0x24005c00        -       0x000001c5   Zero   RW         8045    .bss                bmi088.o
    0x24005dc5   COMPRESSED   0x00000003   PAD
    0x24005dc8        -       0x00000014   Zero   RW         8047    .bss                bmi088.o
    0x24005ddc        -       0x00000020   Zero   RW         8048    .bss                bmi088.o
    0x24005dfc        -       0x00000020   Zero   RW         8049    .bss                bmi088.o
    0x24005e1c        -       0x000000fa   Zero   RW         8366    .bss                ifr_remote.o
    0x24005f16   COMPRESSED   0x00000002   PAD
    0x24005f18        -       0x00000010   Zero   RW         8742    .bss                ifr_fdcan.o
    0x24005f28        -       0x0000003c   Zero   RW         9411    .bss                ifr_tim.o
    0x24005f64        -       0x0000004c   Zero   RW         9472    .bss                ifr_usart.o
    0x24005fb0        -       0x00000068   Zero   RW         9985    .bss                sense_analysis.o
    0x24006018        -       0x000001a1   Zero   RW        10039    .bss                judge.o
    0x240061b9   COMPRESSED   0x00000003   PAD
    0x240061bc        -       0x000000cc   Zero   RW        10110    .bss                imu_dm.o
    0x24006288        -       0x0000000c   Zero   RW        10166    .bss                forecast.o
    0x24006294        -       0x00000060   Zero   RW        10659    .bss                c_w.l(libspace.o)
    0x240062f4   COMPRESSED   0x00000004   PAD
    0x240062f8        -       0x00000200   Zero   RW            2    HEAP                startup_stm32h723xx.o
    0x240064f8        -       0x00000400   Zero   RW            1    STACK               startup_stm32h723xx.o


==============================================================================

Image component sizes


      Code (inc. data)   RO Data    RW Data    ZI Data      Debug   Object Name

      4488        282         48        260        537      36837   bmi088.o
       220          4          0          0          0       1026   dma.o
       760         58          0          4        708       3641   fdcan.o
      1544        104          4         48         12      15994   forecast.o
      6996        860          4        136      11400      55986   function.o
       300         16          0          0          0    1258523   gpio.o
        84          8        768          0          0       2340   ifr_crc.o
       294         18          0          0          0       6860   ifr_dmmotor.o
      1298         46          0          0         16     943590   ifr_fdcan.o
       222          0          0          0          0       5384   ifr_motor.o
       262          4          0          0          0       1652   ifr_pid.o
       220          4          0         34        250       4012   ifr_remote.o
      1286         78          0         44          0      14071   ifr_robstride.o
       242         54          0          0         60       3714   ifr_tim.o
       884         68          0          0         76       6223   ifr_usart.o
       388         16        512          1        204       3191   imu_dm.o
       736         42          0         46        417      13004   judge.o
       350          4          0          0          0    1218638   main.o
       640         92         36         28        104       6244   sense_analysis.o
       400         36          0          0        420       2143   spi.o
        64         26        716          0       1536        840   startup_stm32h723xx.o
       232         42          0         12          0      23857   stm32h7xx_hal.o
       380         30          0          0          0      42771   stm32h7xx_hal_cortex.o
      6972        152          8          0          0      16478   stm32h7xx_hal_dma.o
      3386        138         92          0          0      28551   stm32h7xx_hal_fdcan.o
       340         40          0          0         28      13986   stm32h7xx_hal_flash.o
       280         22          0          0          0       2925   stm32h7xx_hal_flash_ex.o
       882         84          0          0          0       4129   stm32h7xx_hal_gpio.o
        28          6          0          0          0        946   stm32h7xx_hal_msp.o
      3334         80          0          0          0      25760   stm32h7xx_hal_pcd.o
       118          6          0          0          0       3978   stm32h7xx_hal_pcd_ex.o
       104         10          0          0          0       1442   stm32h7xx_hal_pwr_ex.o
      2708        118          0          0          0       8208   stm32h7xx_hal_rcc.o
      3964        120          0          0          0       8485   stm32h7xx_hal_rcc_ex.o
      2936         86          0          0          0      16351   stm32h7xx_hal_spi.o
      3218        402          0          0          0      24368   stm32h7xx_hal_tim.o
       344         44          0          0          0       5011   stm32h7xx_hal_tim_ex.o
      3900        214         24          0          0      43313   stm32h7xx_hal_uart.o
       546         16         16          0          0       7708   stm32h7xx_hal_uart_ex.o
       348        150          0          0          0      17379   stm32h7xx_it.o
      2786        120          0          0          0      24344   stm32h7xx_ll_usb.o
       192         34         16          8          0       1466   system_stm32h7xx.o
       336          0          0          0          0       5608   tf.o
       784         82          0          0        752       5285   tim.o
      2200        166          0          0       2100       7127   usart.o
        84         18          0          0        732       6716   usb_device.o
      1424         40          0        139          0      15113   usbd_cdc.o
       140         26          0         20       4146       6048   usbd_cdc_if.o
       812         70          0          0       1856      16181   usbd_conf.o
      1038          0          0          0          0      16921   usbd_core.o
      1972         22          0          1          0      18712   usbd_ctlreq.o
       358        112          0         94        512       7045   usbd_desc.o
       132          0          0          0          0       4776   usbd_ioreq.o

    ----------------------------------------------------------------------
     68028       4270       2282        888      25884    4034901   Object Totals
         0          0         32          0          0          0   (incl. Generated)
        72          0          6         13         18          0   (incl. Padding)

    ----------------------------------------------------------------------

      Code (inc. data)   RO Data    RW Data    ZI Data      Debug   Library Member Name

        90          0          0          0          0          0   __dczerorl2.o
         8          0          0          0          0         68   __main.o
         0          0          0          0          0          0   __rtentry.o
        12          0          0          0          0          0   __rtentry2.o
         6          0          0          0          0          0   __rtentry4.o
        52          8          0          0          0          0   __scatter.o
        28          0          0          0          0          0   __scatter_zi.o
        22          0          0          0          0        100   _rserrno.o
        16          0          0          0          0         68   aeabi_memset.o
        18          0          0          0          0         80   exit.o
         6          0          0          0          0        152   heapauxi.o
         0          0          0          0          0          0   indicate_semi.o
        36         10          0          0          0         80   init_aeabi.o
         2          0          0          0          0          0   libinit.o
        10          0          0          0          0          0   libinit2.o
         2          0          0          0          0          0   libshutdown.o
         2          0          0          0          0          0   libshutdown2.o
         8          4          0          0         96         68   libspace.o
       238          0          0          0          0        100   lludivv7m.o
         8          4          0          0          0         68   rt_errno_addr_intlibspace.o
        68          0          0          0          0         68   rt_memclr.o
        78          0          0          0          0         80   rt_memclr_w.o
       138          0          0          0          0         68   rt_memcpy_v6.o
       100          0          0          0          0         80   rt_memcpy_w.o
         2          0          0          0          0          0   rtexit.o
        10          0          0          0          0          0   rtexit2.o
        12          4          0          0          0         68   sys_exit.o
        74          0          0          0          0         80   sys_stackheap_outer.o
         2          0          0          0          0         68   use_no_semi.o
        36          0          0          0          0         84   aeabi_vec_ctor_nocookie_nodtor.o
        10          0          0          0          0        116   fpinit.o
         0          0          0          0          0          0   usenofp.o
       520         88         80          0          0        252   asin.o
       312         54          0          0          0        176   asinf.o
       692         98          0          0          0        208   atan2f.o
       176         18          0          0          0        156   cos.o
       224         42         48          0          0        184   cos_i.o
       336         60          0          0          0        136   cosf.o
        54         28          0          0          0        348   dunder.o
        24          0          0          0          0        124   fabs.o
        48          0          0          0          0        124   fpclassify.o
        38          0          0          0          0        116   fpclassifyf.o
        84         28          0          0          0        696   funder.o
       112          0          0          0          0        116   poly.o
      1624        130        320          0          0        400   powf.o
       784        138        200          0          0        172   rred.o
       340         24         32          0          0        160   rredf.o
       176         18          0          0          0        160   sin.o
       168         24         40          0          0        196   sin_i.o
       404         60          0          0          0        212   sinf.o
       106          0          0          0          0        140   sqrt.o
        62          0          0          0          0        136   sqrtf.o

    ----------------------------------------------------------------------
      7402        848        720          0        100       5708   Library Totals
        24          8          0          0          4          0   (incl. Padding)

    ----------------------------------------------------------------------

      Code (inc. data)   RO Data    RW Data    ZI Data      Debug   Library Name

      1048         30          0          0         96       1296   c_w.l
        36          0          0          0          0         84   cpprt_w.l
        10          0          0          0          0        116   fz_wv.l
      6284        810        720          0          0       4212   m_wv.l

    ----------------------------------------------------------------------
      7402        848        720          0        100       5708   Library Totals

    ----------------------------------------------------------------------

==============================================================================


      Code (inc. data)   RO Data    RW Data    ZI Data      Debug   

     75430       5118       3002        888      25984    3984433   Grand Totals
     75430       5118       3002        408      25984    3984433   ELF Image Totals (compressed)
     75430       5118       3002        408          0          0   ROM Totals

==============================================================================

    Total RO  Size (Code + RO Data)                78432 (  76.59kB)
    Total RW  Size (RW Data + ZI Data)             26872 (  26.24kB)
    Total ROM Size (Code + RO Data + RW Data)      78840 (  76.99kB)

==============================================================================

