Component: ARM Compiler 5.06 update 7 (build 960) Tool: armlink [4d3601]

==============================================================================

Section Cross References

    startup_stm32f407xx.o(STACK) refers (Special) to heapauxi.o(.text) for __use_two_region_memory
    startup_stm32f407xx.o(HEAP) refers (Special) to heapauxi.o(.text) for __use_two_region_memory
    startup_stm32f407xx.o(RESET) refers (Special) to heapauxi.o(.text) for __use_two_region_memory
    startup_stm32f407xx.o(RESET) refers to startup_stm32f407xx.o(STACK) for __initial_sp
    startup_stm32f407xx.o(RESET) refers to startup_stm32f407xx.o(.text) for Reset_Handler
    startup_stm32f407xx.o(RESET) refers to stm32f4xx_it_1.o(i.NMI_Handler) for NMI_Handler
    startup_stm32f407xx.o(RESET) refers to stm32f4xx_it_1.o(i.HardFault_Handler) for HardFault_Handler
    startup_stm32f407xx.o(RESET) refers to stm32f4xx_it_1.o(i.MemManage_Handler) for MemManage_Handler
    startup_stm32f407xx.o(RESET) refers to stm32f4xx_it_1.o(i.BusFault_Handler) for BusFault_Handler
    startup_stm32f407xx.o(RESET) refers to stm32f4xx_it_1.o(i.UsageFault_Handler) for UsageFault_Handler
    startup_stm32f407xx.o(RESET) refers to stm32f4xx_it_1.o(i.SVC_Handler) for SVC_Handler
    startup_stm32f407xx.o(RESET) refers to stm32f4xx_it_1.o(i.DebugMon_Handler) for DebugMon_Handler
    startup_stm32f407xx.o(RESET) refers to stm32f4xx_it_1.o(i.PendSV_Handler) for PendSV_Handler
    startup_stm32f407xx.o(RESET) refers to stm32f4xx_it_1.o(i.SysTick_Handler) for SysTick_Handler
    startup_stm32f407xx.o(RESET) refers to stm32f4xx_it_1.o(i.EXTI0_IRQHandler) for EXTI0_IRQHandler
    startup_stm32f407xx.o(RESET) refers to stm32f4xx_it_1.o(i.EXTI4_IRQHandler) for EXTI4_IRQHandler
    startup_stm32f407xx.o(RESET) refers to stm32f4xx_it_1.o(i.DMA1_Stream1_IRQHandler) for DMA1_Stream1_IRQHandler
    startup_stm32f407xx.o(RESET) refers to stm32f4xx_it_1.o(i.CAN1_TX_IRQHandler) for CAN1_TX_IRQHandler
    startup_stm32f407xx.o(RESET) refers to stm32f4xx_it_1.o(i.CAN1_RX0_IRQHandler) for CAN1_RX0_IRQHandler
    startup_stm32f407xx.o(RESET) refers to stm32f4xx_it_1.o(i.CAN1_RX1_IRQHandler) for CAN1_RX1_IRQHandler
    startup_stm32f407xx.o(RESET) refers to stm32f4xx_it_1.o(i.EXTI9_5_IRQHandler) for EXTI9_5_IRQHandler
    startup_stm32f407xx.o(RESET) refers to stm32f4xx_it_1.o(i.USART1_IRQHandler) for USART1_IRQHandler
    startup_stm32f407xx.o(RESET) refers to stm32f4xx_it_1.o(i.USART3_IRQHandler) for USART3_IRQHandler
    startup_stm32f407xx.o(RESET) refers to stm32f4xx_it_1.o(i.TIM7_IRQHandler) for TIM7_IRQHandler
    startup_stm32f407xx.o(RESET) refers to stm32f4xx_it_1.o(i.DMA2_Stream0_IRQHandler) for DMA2_Stream0_IRQHandler
    startup_stm32f407xx.o(RESET) refers to stm32f4xx_it_1.o(i.DMA2_Stream2_IRQHandler) for DMA2_Stream2_IRQHandler
    startup_stm32f407xx.o(RESET) refers to stm32f4xx_it_1.o(i.DMA2_Stream3_IRQHandler) for DMA2_Stream3_IRQHandler
    startup_stm32f407xx.o(RESET) refers to stm32f4xx_it_1.o(i.CAN2_TX_IRQHandler) for CAN2_TX_IRQHandler
    startup_stm32f407xx.o(RESET) refers to stm32f4xx_it_1.o(i.CAN2_RX0_IRQHandler) for CAN2_RX0_IRQHandler
    startup_stm32f407xx.o(RESET) refers to stm32f4xx_it_1.o(i.USART6_IRQHandler) for USART6_IRQHandler
    startup_stm32f407xx.o(.text) refers (Special) to heapauxi.o(.text) for __use_two_region_memory
    startup_stm32f407xx.o(.text) refers to system_stm32f4xx.o(i.SystemInit) for SystemInit
    startup_stm32f407xx.o(.text) refers to __main.o(!!!main) for __main
    startup_stm32f407xx.o(.text) refers to startup_stm32f407xx.o(HEAP) for Heap_Mem
    startup_stm32f407xx.o(.text) refers to startup_stm32f407xx.o(STACK) for Stack_Mem
    main.o(i._Z18SystemClock_Configv) refers to stm32f4xx_hal_rcc.o(i.HAL_RCC_OscConfig) for HAL_RCC_OscConfig
    main.o(i._Z18SystemClock_Configv) refers to main.o(i.Error_Handler) for Error_Handler
    main.o(i._Z18SystemClock_Configv) refers to stm32f4xx_hal_rcc.o(i.HAL_RCC_ClockConfig) for HAL_RCC_ClockConfig
    main.o(i.main) refers to stm32f4xx_hal.o(i.HAL_Init) for HAL_Init
    main.o(i.main) refers to main.o(i._Z18SystemClock_Configv) for SystemClock_Config()
    main.o(i.main) refers to gpio.o(i.MX_GPIO_Init) for MX_GPIO_Init
    main.o(i.main) refers to dma.o(i.MX_DMA_Init) for MX_DMA_Init
    main.o(i.main) refers to can.o(i.MX_CAN1_Init) for MX_CAN1_Init
    main.o(i.main) refers to can.o(i.MX_CAN2_Init) for MX_CAN2_Init
    main.o(i.main) refers to spi.o(i.MX_SPI1_Init) for MX_SPI1_Init
    main.o(i.main) refers to usart.o(i.MX_USART1_UART_Init) for MX_USART1_UART_Init
    main.o(i.main) refers to usart.o(i.MX_USART3_UART_Init) for MX_USART3_UART_Init
    main.o(i.main) refers to usart.o(i.MX_USART6_UART_Init) for MX_USART6_UART_Init
    main.o(i.main) refers to tim.o(i.MX_TIM7_Init) for MX_TIM7_Init
    main.o(i.main) refers to tim.o(i.MX_TIM10_Init) for MX_TIM10_Init
    main.o(i.main) refers to bmi088.o(i.cali_param_init) for cali_param_init
[...]
    FLASH_Erase_Sector                       0x08000a19   Thumb Code    76  stm32f4xx_hal_flash_ex.o(i.FLASH_Erase_Sector)
    FLASH_FlushCaches                        0x08000a69   Thumb Code    84  stm32f4xx_hal_flash_ex.o(i.FLASH_FlushCaches)
    FLASH_WaitForLastOperation               0x08000bf9   Thumb Code    88  stm32f4xx_hal_flash.o(i.FLASH_WaitForLastOperation)
    HAL_CAN_ActivateNotification             0x08000c59   Thumb Code    36  stm32f4xx_hal_can.o(i.HAL_CAN_ActivateNotification)
    HAL_CAN_AddTxMessage                     0x08000c7d   Thumb Code   260  stm32f4xx_hal_can.o(i.HAL_CAN_AddTxMessage)
    HAL_CAN_ConfigFilter                     0x08000d81   Thumb Code   290  stm32f4xx_hal_can.o(i.HAL_CAN_ConfigFilter)
    HAL_CAN_DeactivateNotification           0x08000ea9   Thumb Code    38  stm32f4xx_hal_can.o(i.HAL_CAN_DeactivateNotification)
    HAL_CAN_ErrorCallback                    0x08000ecf   Thumb Code     2  stm32f4xx_hal_can.o(i.HAL_CAN_ErrorCallback)
    HAL_CAN_GetRxMessage                     0x08000ed1   Thumb Code   364  stm32f4xx_hal_can.o(i.HAL_CAN_GetRxMessage)
    HAL_CAN_GetTxMailboxesFreeLevel          0x0800103d   Thumb Code    50  stm32f4xx_hal_can.o(i.HAL_CAN_GetTxMailboxesFreeLevel)
    HAL_CAN_IRQHandler                       0x0800106f   Thumb Code   568  stm32f4xx_hal_can.o(i.HAL_CAN_IRQHandler)
    HAL_CAN_Init                             0x080012a9   Thumb Code   420  stm32f4xx_hal_can.o(i.HAL_CAN_Init)
    HAL_CAN_MspInit                          0x08001485   Thumb Code   278  can.o(i.HAL_CAN_MspInit)
    HAL_CAN_RegisterCallback                 0x080015b1   Thumb Code   176  stm32f4xx_hal_can.o(i.HAL_CAN_RegisterCallback)
    HAL_CAN_RxFifo0FullCallback              0x08001661   Thumb Code     2  stm32f4xx_hal_can.o(i.HAL_CAN_RxFifo0FullCallback)
    HAL_CAN_RxFifo0MsgPendingCallback        0x08001663   Thumb Code     2  stm32f4xx_hal_can.o(i.HAL_CAN_RxFifo0MsgPendingCallback)
    HAL_CAN_RxFifo1FullCallback              0x08001665   Thumb Code     2  stm32f4xx_hal_can.o(i.HAL_CAN_RxFifo1FullCallback)
    HAL_CAN_RxFifo1MsgPendingCallback        0x08001667   Thumb Code     2  stm32f4xx_hal_can.o(i.HAL_CAN_RxFifo1MsgPendingCallback)
    HAL_CAN_SleepCallback                    0x08001669   Thumb Code     2  stm32f4xx_hal_can.o(i.HAL_CAN_SleepCallback)
    HAL_CAN_Start                            0x0800166b   Thumb Code   100  stm32f4xx_hal_can.o(i.HAL_CAN_Start)
    HAL_CAN_TxMailbox0AbortCallback          0x080016cf   Thumb Code     2  stm32f4xx_hal_can.o(i.HAL_CAN_TxMailbox0AbortCallback)
    HAL_CAN_TxMailbox0CompleteCallback       0x080016d1   Thumb Code     2  stm32f4xx_hal_can.o(i.HAL_CAN_TxMailbox0CompleteCallback)
    HAL_CAN_TxMailbox1AbortCallback          0x080016d3   Thumb Code     2  stm32f4xx_hal_can.o(i.HAL_CAN_TxMailbox1AbortCallback)
    HAL_CAN_TxMailbox1CompleteCallback       0x080016d5   Thumb Code     2  stm32f4xx_hal_can.o(i.HAL_CAN_TxMailbox1CompleteCallback)
    HAL_CAN_TxMailbox2AbortCallback          0x080016d7   Thumb Code     2  stm32f4xx_hal_can.o(i.HAL_CAN_TxMailbox2AbortCallback)
    HAL_CAN_TxMailbox2CompleteCallback       0x080016d9   Thumb Code     2  stm32f4xx_hal_can.o(i.HAL_CAN_TxMailbox2CompleteCallback)
    HAL_CAN_WakeUpFromRxMsgCallback          0x080016db   Thumb Code     2  stm32f4xx_hal_can.o(i.HAL_CAN_WakeUpFromRxMsgCallback)
    HAL_DMA_Abort                            0x080016dd   Thumb Code   162  stm32f4xx_hal_dma.o(i.HAL_DMA_Abort)
    HAL_DMA_Abort_IT                         0x0800177f   Thumb Code    36  stm32f4xx_hal_dma.o(i.HAL_DMA_Abort_IT)
    HAL_DMA_DeInit                           0x080017a3   Thumb Code   106  stm32f4xx_hal_dma.o(i.HAL_DMA_DeInit)
    HAL_DMA_IRQHandler                       0x0800180d   Thumb Code   488  stm32f4xx_hal_dma.o(i.HAL_DMA_IRQHandler)
    HAL_DMA_Init                             0x080019f9   Thumb Code   230  stm32f4xx_hal_dma.o(i.HAL_DMA_Init)
    HAL_DMA_Start_IT                         0x08001ae5   Thumb Code   112  stm32f4xx_hal_dma.o(i.HAL_DMA_Start_IT)
    HAL_Delay                                0x08001b55   Thumb Code    34  stm32f4xx_hal.o(i.HAL_Delay)
    HAL_FLASHEx_Erase                        0x08001b7d   Thumb Code   162  stm32f4xx_hal_flash_ex.o(i.HAL_FLASHEx_Erase)
    HAL_FLASH_Lock                           0x08001c29   Thumb Code    14  stm32f4xx_hal_flash.o(i.HAL_FLASH_Lock)
    HAL_FLASH_Program                        0x08001c3d   Thumb Code   118  stm32f4xx_hal_flash.o(i.HAL_FLASH_Program)
    HAL_FLASH_Unlock                         0x08001cbd   Thumb Code    34  stm32f4xx_hal_flash.o(i.HAL_FLASH_Unlock)
    HAL_GPIO_DeInit                          0x08001cf1   Thumb Code   322  stm32f4xx_hal_gpio.o(i.HAL_GPIO_DeInit)
    HAL_GPIO_EXTI_Callback                   0x08001e41   Thumb Code    88  bmi088.o(i.HAL_GPIO_EXTI_Callback)
    HAL_GPIO_EXTI_IRQHandler                 0x08001e9d   Thumb Code    18  stm32f4xx_hal_gpio.o(i.HAL_GPIO_EXTI_IRQHandler)
    HAL_GPIO_Init                            0x08001eb5   Thumb Code   538  stm32f4xx_hal_gpio.o(i.HAL_GPIO_Init)
    HAL_GPIO_WritePin                        0x080020e5   Thumb Code    14  stm32f4xx_hal_gpio.o(i.HAL_GPIO_WritePin)
    HAL_GetTick                              0x080020f5   Thumb Code     6  stm32f4xx_hal.o(i.HAL_GetTick)
    HAL_IncTick                              0x08002101   Thumb Code    12  stm32f4xx_hal.o(i.HAL_IncTick)
    HAL_Init                                 0x08002111   Thumb Code    48  stm32f4xx_hal.o(i.HAL_Init)
    HAL_InitTick                             0x08002145   Thumb Code    58  stm32f4xx_hal.o(i.HAL_InitTick)
    HAL_MspInit                              0x08002189   Thumb Code    42  stm32f4xx_hal_msp.o(i.HAL_MspInit)
    HAL_NVIC_DisableIRQ                      0x080021bd   Thumb Code    36  stm32f4xx_hal_cortex.o(i.HAL_NVIC_DisableIRQ)
    HAL_NVIC_EnableIRQ                       0x080021e1   Thumb Code    28  stm32f4xx_hal_cortex.o(i.HAL_NVIC_EnableIRQ)
    HAL_NVIC_SetPriority                     0x080021fd   Thumb Code    98  stm32f4xx_hal_cortex.o(i.HAL_NVIC_SetPriority)
    HAL_NVIC_SetPriorityGrouping             0x08002265   Thumb Code    30  stm32f4xx_hal_cortex.o(i.HAL_NVIC_SetPriorityGrouping)
    HAL_RCC_ClockConfig                      0x08002289   Thumb Code   354  stm32f4xx_hal_rcc.o(i.HAL_RCC_ClockConfig)
    HAL_RCC_GetHCLKFreq                      0x08002405   Thumb Code     6  stm32f4xx_hal_rcc.o(i.HAL_RCC_GetHCLKFreq)
    HAL_RCC_GetPCLK1Freq                     0x08002411   Thumb Code    22  stm32f4xx_hal_rcc.o(i.HAL_RCC_GetPCLK1Freq)
    HAL_RCC_GetPCLK2Freq                     0x08002431   Thumb Code    22  stm32f4xx_hal_rcc.o(i.HAL_RCC_GetPCLK2Freq)
    HAL_RCC_GetSysClockFreq                  0x08002451   Thumb Code    94  stm32f4xx_hal_rcc.o(i.HAL_RCC_GetSysClockFreq)
    HAL_RCC_OscConfig                        0x080024c1   Thumb Code  1154  stm32f4xx_hal_rcc.o(i.HAL_RCC_OscConfig)
    HAL_SPI_AbortCpltCallback                0x08002943   Thumb Code     2  stm32f4xx_hal_spi.o(i.HAL_SPI_AbortCpltCallback)
    HAL_SPI_DMAStop                          0x08002945   Thumb Code    68  stm32f4xx_hal_spi.o(i.HAL_SPI_DMAStop)
    HAL_SPI_ErrorCallback                    0x08002989   Thumb Code    96  bmi088.o(i.HAL_SPI_ErrorCallback)
    HAL_SPI_Init                             0x080029ed   Thumb Code   230  stm32f4xx_hal_spi.o(i.HAL_SPI_Init)
    HAL_SPI_MspInit                          0x08002af9   Thumb Code   232  spi.o(i.HAL_SPI_MspInit)
    HAL_SPI_RxCpltCallback                   0x08002c01   Thumb Code     2  stm32f4xx_hal_spi.o(i.HAL_SPI_RxCpltCallback)
    HAL_SPI_RxHalfCpltCallback               0x08002c03   Thumb Code     2  stm32f4xx_hal_spi.o(i.HAL_SPI_RxHalfCpltCallback)
    HAL_SPI_TransmitReceive                  0x08002c05   Thumb Code   504  stm32f4xx_hal_spi.o(i.HAL_SPI_TransmitReceive)
    HAL_SPI_TransmitReceive_DMA              0x08002dfd   Thumb Code   302  stm32f4xx_hal_spi.o(i.HAL_SPI_TransmitReceive_DMA)
    HAL_SPI_TxCpltCallback                   0x08002f41   Thumb Code     2  stm32f4xx_hal_spi.o(i.HAL_SPI_TxCpltCallback)
    HAL_SPI_TxHalfCpltCallback               0x08002f43   Thumb Code     2  stm32f4xx_hal_spi.o(i.HAL_SPI_TxHalfCpltCallback)
    HAL_SPI_TxRxCpltCallback                 0x08002f45   Thumb Code   142  bmi088.o(i.HAL_SPI_TxRxCpltCallback)
    HAL_SPI_TxRxHalfCpltCallback             0x08002fdd   Thumb Code     2  stm32f4xx_hal_spi.o(i.HAL_SPI_TxRxHalfCpltCallback)
    HAL_SYSTICK_Config                       0x08002fe1   Thumb Code    36  stm32f4xx_hal_cortex.o(i.HAL_SYSTICK_Config)
    HAL_TIMEx_BreakCallback                  0x08003009   Thumb Code     2  stm32f4xx_hal_tim_ex.o(i.HAL_TIMEx_BreakCallback)
    HAL_TIMEx_CommutCallback                 0x0800300b   Thumb Code     2  stm32f4xx_hal_tim_ex.o(i.HAL_TIMEx_CommutCallback)
    HAL_TIMEx_CommutHalfCpltCallback         0x0800300d   Thumb Code     2  stm32f4xx_hal_tim_ex.o(i.HAL_TIMEx_CommutHalfCpltCallback)
    HAL_TIMEx_MasterConfigSynchronization    0x0800300f   Thumb Code   154  stm32f4xx_hal_tim_ex.o(i.HAL_TIMEx_MasterConfigSynchronization)
    HAL_TIM_Base_Init                        0x080030a9   Thumb Code   106  stm32f4xx_hal_tim.o(i.HAL_TIM_Base_Init)
    HAL_TIM_Base_MspInit                     0x08003119   Thumb Code    82  tim.o(i.HAL_TIM_Base_MspInit)
    HAL_TIM_Base_Start_IT                    0x08003175   Thumb Code   138  stm32f4xx_hal_tim.o(i.HAL_TIM_Base_Start_IT)
    HAL_TIM_ErrorCallback                    0x080031ff   Thumb Code     2  stm32f4xx_hal_tim.o(i.HAL_TIM_ErrorCallback)
    HAL_TIM_IC_CaptureCallback               0x08003201   Thumb Code     2  stm32f4xx_hal_tim.o(i.HAL_TIM_IC_CaptureCallback)
    HAL_TIM_IC_CaptureHalfCpltCallback       0x08003203   Thumb Code     2  stm32f4xx_hal_tim.o(i.HAL_TIM_IC_CaptureHalfCpltCallback)
    HAL_TIM_IRQHandler                       0x08003205   Thumb Code   404  stm32f4xx_hal_tim.o(i.HAL_TIM_IRQHandler)
    HAL_TIM_MspPostInit                      0x08003399   Thumb Code    70  tim.o(i.HAL_TIM_MspPostInit)
    HAL_TIM_OC_DelayElapsedCallback          0x080033e9   Thumb Code     2  stm32f4xx_hal_tim.o(i.HAL_TIM_OC_DelayElapsedCallback)
    HAL_TIM_PWM_ConfigChannel                0x080033eb   Thumb Code   216  stm32f4xx_hal_tim.o(i.HAL_TIM_PWM_ConfigChannel)
    HAL_TIM_PWM_Init                         0x080034c5   Thumb Code   106  stm32f4xx_hal_tim.o(i.HAL_TIM_PWM_Init)
    HAL_TIM_PWM_MspInit                      0x08003535   Thumb Code     2  stm32f4xx_hal_tim.o(i.HAL_TIM_PWM_MspInit)
    HAL_TIM_PWM_PulseFinishedCallback        0x08003537   Thumb Code     2  stm32f4xx_hal_tim.o(i.HAL_TIM_PWM_PulseFinishedCallback)
    HAL_TIM_PWM_PulseFinishedHalfCpltCallback 0x08003539   Thumb Code     2  stm32f4xx_hal_tim.o(i.HAL_TIM_PWM_PulseFinishedHalfCpltCallback)
    HAL_TIM_PWM_Start                        0x0800353d   Thumb Code   210  stm32f4xx_hal_tim.o(i.HAL_TIM_PWM_Start)
    HAL_TIM_PeriodElapsedCallback            0x08003619   Thumb Code     2  stm32f4xx_hal_tim.o(i.HAL_TIM_PeriodElapsedCallback)
    HAL_TIM_PeriodElapsedHalfCpltCallback    0x0800361b   Thumb Code     2  stm32f4xx_hal_tim.o(i.HAL_TIM_PeriodElapsedHalfCpltCallback)
    HAL_TIM_RegisterCallback                 0x0800361d   Thumb Code   320  stm32f4xx_hal_tim.o(i.HAL_TIM_RegisterCallback)
    HAL_TIM_TriggerCallback                  0x0800375d   Thumb Code     2  stm32f4xx_hal_tim.o(i.HAL_TIM_TriggerCallback)
    HAL_TIM_TriggerHalfCpltCallback          0x0800375f   Thumb Code     2  stm32f4xx_hal_tim.o(i.HAL_TIM_TriggerHalfCpltCallback)
    HAL_UARTEx_ReceiveToIdle_DMA             0x08003761   Thumb Code    98  stm32f4xx_hal_uart.o(i.HAL_UARTEx_ReceiveToIdle_DMA)
    HAL_UARTEx_RxEventCallback               0x080037c3   Thumb Code     2  stm32f4xx_hal_uart.o(i.HAL_UARTEx_RxEventCallback)
    HAL_UART_AbortCpltCallback               0x080037c5   Thumb Code     2  stm32f4xx_hal_uart.o(i.HAL_UART_AbortCpltCallback)
    HAL_UART_AbortReceiveCpltCallback        0x080037c7   Thumb Code     2  stm32f4xx_hal_uart.o(i.HAL_UART_AbortReceiveCpltCallback)
    HAL_UART_AbortTransmitCpltCallback       0x080037c9   Thumb Code     2  stm32f4xx_hal_uart.o(i.HAL_UART_AbortTransmitCpltCallback)
    HAL_UART_ErrorCallback                   0x080037cd   Thumb Code    32  ifr_usart.o(i.HAL_UART_ErrorCallback)
    HAL_UART_IRQHandler                      0x080037f5   Thumb Code   624  stm32f4xx_hal_uart.o(i.HAL_UART_IRQHandler)
    HAL_UART_Init                            0x08003a69   Thumb Code   114  stm32f4xx_hal_uart.o(i.HAL_UART_Init)
    HAL_UART_MspDeInit                       0x08003ae1   Thumb Code   146  usart.o(i.HAL_UART_MspDeInit)
    HAL_UART_MspInit                         0x08003b8d   Thumb Code   434  usart.o(i.HAL_UART_MspInit)
    HAL_UART_RxCpltCallback                  0x08003d6d   Thumb Code     2  stm32f4xx_hal_uart.o(i.HAL_UART_RxCpltCallback)
    HAL_UART_RxHalfCpltCallback              0x08003d6f   Thumb Code     2  stm32f4xx_hal_uart.o(i.HAL_UART_RxHalfCpltCallback)
    HAL_UART_TxCpltCallback                  0x08003d71   Thumb Code     2  stm32f4xx_hal_uart.o(i.HAL_UART_TxCpltCallback)
    HAL_UART_TxHalfCpltCallback              0x08003d73   Thumb Code     2  stm32f4xx_hal_uart.o(i.HAL_UART_TxHalfCpltCallback)
    HardFault_Handler                        0x08003d75   Thumb Code     2  stm32f4xx_it_1.o(i.HardFault_Handler)
    IFR_GPIO_EXTI_Callback                   0x08003d77   Thumb Code     2  bmi088.o(i.IFR_GPIO_EXTI_Callback)
    INS_cali_gyro                            0x08003d79   Thumb Code    94  bmi088.o(i.INS_cali_gyro)
    INS_set_cali_gyro                        0x08003de1   Thumb Code    42  bmi088.o(i.INS_set_cali_gyro)
    MX_CAN1_Init                             0x08003e11   Thumb Code    62  can.o(i.MX_CAN1_Init)
    MX_CAN2_Init                             0x08003e59   Thumb Code    62  can.o(i.MX_CAN2_Init)
    MX_DMA_Init                              0x08003ea1   Thumb Code   104  dma.o(i.MX_DMA_Init)
    MX_GPIO_Init                             0x08003f0d   Thumb Code   276  gpio.o(i.MX_GPIO_Init)
    MX_SPI1_Init                             0x08004035   Thumb Code    64  spi.o(i.MX_SPI1_Init)
    MX_TIM10_Init                            0x0800407d   Thumb Code   100  tim.o(i.MX_TIM10_Init)
    MX_TIM7_Init                             0x080040e9   Thumb Code    66  tim.o(i.MX_TIM7_Init)
    MX_USART1_UART_Init                      0x08004135   Thumb Code    48  usart.o(i.MX_USART1_UART_Init)
    MX_USART3_UART_Init                      0x0800416d   Thumb Code    54  usart.o(i.MX_USART3_UART_Init)
    MX_USART6_UART_Init                      0x080041b1   Thumb Code    48  usart.o(i.MX_USART6_UART_Init)
    MahonyAHRSupdateIMU                      0x080041e9   Thumb Code   482  bmi088.o(i.MahonyAHRSupdateIMU)
    MemManage_Handler                        0x080043d5   Thumb Code     2  stm32f4xx_it_1.o(i.MemManage_Handler)
    NMI_Handler                              0x080043d7   Thumb Code     2  stm32f4xx_it_1.o(i.NMI_Handler)
    PendSV_Handler                           0x080043d9   Thumb Code     2  stm32f4xx_it_1.o(i.PendSV_Handler)
    SVC_Handler                              0x080046a1   Thumb Code     2  stm32f4xx_it_1.o(i.SVC_Handler)
    SysTick_Handler                          0x080046a3   Thumb Code     4  stm32f4xx_it_1.o(i.SysTick_Handler)
    SystemInit                               0x080046a9   Thumb Code    12  system_stm32f4xx.o(i.SystemInit)
    TIM7_IRQHandler                          0x080046b9   Thumb Code     6  stm32f4xx_it_1.o(i.TIM7_IRQHandler)
    TIM_Base_SetConfig                       0x080046c5   Thumb Code   182  stm32f4xx_hal_tim.o(i.TIM_Base_SetConfig)
    TIM_CCxChannelCmd                        0x08004791   Thumb Code    30  stm32f4xx_hal_tim.o(i.TIM_CCxChannelCmd)
    TIM_OC2_SetConfig                        0x08004821   Thumb Code   112  stm32f4xx_hal_tim.o(i.TIM_OC2_SetConfig)
    TIM_ResetCallback                        0x08004969   Thumb Code    80  stm32f4xx_hal_tim.o(i.TIM_ResetCallback)
    UART_InitCallbacksToDefault              0x08004b5d   Thumb Code    38  stm32f4xx_hal_uart.o(i.UART_InitCallbacksToDefault)
    UART_Start_Receive_DMA                   0x08004d6d   Thumb Code   134  stm32f4xx_hal_uart.o(i.UART_Start_Receive_DMA)
    USART1_IRQHandler                        0x08004e61   Thumb Code     6  stm32f4xx_it_1.o(i.USART1_IRQHandler)
    USART3_IRQHandler                        0x08004e6d   Thumb Code     6  stm32f4xx_it_1.o(i.USART3_IRQHandler)
    USART6_IRQHandler                        0x08004e79   Thumb Code     6  stm32f4xx_it_1.o(i.USART6_IRQHandler)
    UsageFault_Handler                       0x08004e85   Thumb Code     2  stm32f4xx_it_1.o(i.UsageFault_Handler)
    flash_read(unsigned, unsigned*, unsigned) 0x08004e87   Thumb Code    12  bmi088.o(i._Z10flash_readjPjj)
    Duolun_angle(unsigned short, float*, unsigned short, float*) 0x08004e95   Thumb Code   116  function.o(i._Z12Duolun_angletPftS_)
    Tar_analysis()                           0x08004f11   Thumb Code   350  function.o(i._Z12Tar_analysisv)
    TIM7_Function()                          0x080050a5   Thumb Code    80  function.o(i._Z13TIM7_Functionv)
    RXCAN_Analysis(unsigned char*, unsigned) 0x080051ed   Thumb Code   116  function.o(i._Z14RXCAN_AnalysisPhj)
    uint16_to_float(unsigned short, float, float, int) 0x08005579   Thumb Code    42  function.o(i._Z15uint16_to_floattffi)
    RXCAN_Analysis_LZ(unsigned char*, unsigned) 0x0800565d   Thumb Code   130  function.o(i._Z17RXCAN_Analysis_LZPhj)
    GyroAngle_Analysis()                     0x080056f5   Thumb Code   598  bmi088.o(i._Z18GyroAngle_Analysisv)
    SystemClock_Config()                     0x08005979   Thumb Code   142  main.o(i._Z18SystemClock_Configv)
    Calculate_excursion()                    0x08005a11   Thumb Code   208  function.o(i._Z19Calculate_excursionv)
    InitializeRxCanData(Rx_can_data*)        0x08005af1   Thumb Code    24  function.o(i._Z19InitializeRxCanDataP11Rx_can_data)
    Wheel_analytic_function(float, float, float) 0x08005b59   Thumb Code   498  function.o(i._Z23Wheel_analytic_functionfff)
    IFR_CAN_Recevice_Callback(__CAN_HandleTypeDef*) 0x08005d89   Thumb Code    20  ifr_can.o(i._Z25IFR_CAN_Recevice_CallbackP19__CAN_HandleTypeDef)
    IFR_CAN_Transmit_Callback(__CAN_HandleTypeDef*) 0x08005da1   Thumb Code    20  ifr_can.o(i._Z25IFR_CAN_Transmit_CallbackP19__CAN_HandleTypeDef)
    IFR_TIM_Overflow_Callback(__TIM_HandleTypeDef*) 0x08005db9   Thumb Code    20  ifr_tim.o(i._Z25IFR_TIM_Overflow_CallbackP19__TIM_HandleTypeDef)
    Motor_tar_optimize_change(float, float*, float*) 0x08005dd1   Thumb Code    76  function.o(i._Z25Motor_tar_optimize_changefPfS_)
    ALL_init()                               0x08005ebd   Thumb Code   612  function.o(i._Z8ALL_initv)
    Motor_set()                              0x08006191   Thumb Code   264  function.o(i._Z9Motor_setv)
    Set_all_0()                              0x080062bd   Thumb Code    70  function.o(i._Z9Set_all_0v)
    get_angle(float*, float*, float*, float*) 0x08006325   Thumb Code   192  bmi088.o(i._Z9get_anglePfS_S_S_)
    IFR_DM_Motor::Get_DMMotor_Id()           0x080063e9   Thumb Code     6  ifr_dmmotor.o(i._ZN12IFR_DM_Motor14Get_DMMotor_IdEv)
    IFR_DM_Motor::DM_Motor_Analysis(unsigned char*, unsigned) 0x080063f1   Thumb Code   284  ifr_dmmotor.o(i._ZN12IFR_DM_Motor17DM_Motor_AnalysisEPhj)
    IFR_DJI_Motor::Get_DJIMotor_Num()        0x08006531   Thumb Code     4  ifr_motor.o(i._ZN13IFR_DJI_Motor16Get_DJIMotor_NumEv)
    IFR_DJI_Motor::DJI_Motor_Analysis(unsigned char*, unsigned) 0x08006535   Thumb Code   114  ifr_motor.o(i._ZN13IFR_DJI_Motor18DJI_Motor_AnalysisEPhj)
    IFR_DJI_Motor::Get_DJIMotor_Output()     0x080065a7   Thumb Code     6  ifr_motor.o(i._ZN13IFR_DJI_Motor19Get_DJIMotor_OutputEv)
    IFR_DJI_Motor::Set_DJIMotor_Output(short) 0x080065ad   Thumb Code     4  ifr_motor.o(i._ZN13IFR_DJI_Motor19Set_DJIMotor_OutputEs)
    IFR_DJI_Motor::IFR_DJI_Motor(unsigned short) 0x080065b1   Thumb Code    10  ifr_motor.o(i._ZN13IFR_DJI_MotorC1Et)
    IFR_DJI_Motor::IFR_DJI_Motor__sub_object(unsigned short) 0x080065b1   Thumb Code     0  ifr_motor.o(i._ZN13IFR_DJI_MotorC1Et)
    IFR_Pos_Motor::Motor_Pos_Set(int)        0x080065bb   Thumb Code   122  ifr_motor.o(i._ZN13IFR_Pos_Motor13Motor_Pos_SetEi)
    IFR_Pos_Motor::IFR_Pos_Motor(unsigned short) 0x08006635   Thumb Code     4  ifr_motor.o(i._ZN13IFR_Pos_MotorC1Et)
    IFR_Pos_Motor::IFR_Pos_Motor__sub_object(unsigned short) 0x08006635   Thumb Code     0  ifr_motor.o(i._ZN13IFR_Pos_MotorC1Et)
    IFR_Speed_Motor::Motor_Speed_Set(short)  0x08006639   Thumb Code    48  ifr_motor.o(i._ZN15IFR_Speed_Motor15Motor_Speed_SetEs)
    IFR_Speed_Motor::IFR_Speed_Motor(unsigned short) 0x08006669   Thumb Code     4  ifr_motor.o(i._ZN15IFR_Speed_MotorC1Et)
    IFR_Speed_Motor::IFR_Speed_Motor__sub_object(unsigned short) 0x08006669   Thumb Code     0  ifr_motor.o(i._ZN15IFR_Speed_MotorC1Et)
    IFR_CAN_ClassDef::CAN_Recevice()         0x0800666d   Thumb Code   148  ifr_can.o(i._ZN16IFR_CAN_ClassDef12CAN_ReceviceEv)
    IFR_CAN_ClassDef::CAN_Transmit(CAN_TxHeaderTypeDef*, unsigned char*) 0x08006701   Thumb Code   170  ifr_can.o(i._ZN16IFR_CAN_ClassDef12CAN_TransmitEP19CAN_TxHeaderTypeDefPh)
    IFR_CAN_ClassDef::CAN_Base_Init(__CAN_HandleTypeDef*) 0x080067b1   Thumb Code   160  ifr_can.o(i._ZN16IFR_CAN_ClassDef13CAN_Base_InitEP19__CAN_HandleTypeDef)
    IFR_CAN_ClassDef::CAN_TransmitForMotor() 0x0800685d   Thumb Code   532  ifr_can.o(i._ZN16IFR_CAN_ClassDef20CAN_TransmitForMotorEv)
    IFR_CAN_ClassDef::CAN_MultiMessage_Transmit() 0x08006a71   Thumb Code    66  ifr_can.o(i._ZN16IFR_CAN_ClassDef25CAN_MultiMessage_TransmitEv)
    IFR_CAN_ClassDef::CAN_Init(__CAN_HandleTypeDef*, IFR_DJI_Motor*) 0x08006ab3   Thumb Code    26  ifr_can.o(i._ZN16IFR_CAN_ClassDef8CAN_InitEP19__CAN_HandleTypeDefP13IFR_DJI_Motor)
    IFR_TIM_ClassDef::TIM_ITStart(__TIM_HandleTypeDef*, void(*)()) 0x08006acd   Thumb Code    42  ifr_tim.o(i._ZN16IFR_TIM_ClassDef11TIM_ITStartEP19__TIM_HandleTypeDefPFvvE)
    IFR_TIM_ClassDef::TaskFunction_Call()    0x08006b01   Thumb Code    10  ifr_tim.o(i._ZN16IFR_TIM_ClassDef17TaskFunction_CallEv)
    IFR_UDBRx_ClassDef::Uart_Restart()       0x08006b0b   Thumb Code    74  ifr_usart.o(i._ZN18IFR_UDBRx_ClassDef12Uart_RestartEv)
    IFR_PID::Positional_PID(float, float)    0x08006b55   Thumb Code   268  ifr_pid.o(i._ZN7IFR_PID14Positional_PIDEff)
    IFR_PID::PID_Init(float, float, float, float, float, float, float) 0x08006c65   Thumb Code    30  ifr_pid.o(i._ZN7IFR_PID8PID_InitEfffffff)
    __ARM_fpclassify                         0x08006c83   Thumb Code    48  fpclassify.o(i.__ARM_fpclassify)
    __ARM_fpclassifyf                        0x08006cb3   Thumb Code    38  fpclassifyf.o(i.__ARM_fpclassifyf)
    __hardfp_asinf                           0x08006cd9   Thumb Code   258  asinf.o(i.__hardfp_asinf)
    __hardfp_atan2f                          0x08006e05   Thumb Code   594  atan2f.o(i.__hardfp_atan2f)
    __hardfp_cos                             0x080070b1   Thumb Code   180  cos.o(i.__hardfp_cos)
    __hardfp_cosf                            0x08007179   Thumb Code   280  cosf.o(i.__hardfp_cosf)
    __hardfp_sin                             0x080072c9   Thumb Code   180  sin.o(i.__hardfp_sin)
    __hardfp_sinf                            0x08007391   Thumb Code   344  sinf.o(i.__hardfp_sinf)
    __hardfp_sqrtf                           0x08007521   Thumb Code    58  sqrtf.o(i.__hardfp_sqrtf)
    __ieee754_rem_pio2                       0x08007561   Thumb Code   938  rred.o(i.__ieee754_rem_pio2)
    __kernel_cos                             0x08007999   Thumb Code   322  cos_i.o(i.__kernel_cos)
    __kernel_poly                            0x08007b09   Thumb Code   248  poly.o(i.__kernel_poly)
    __kernel_sin                             0x08007c01   Thumb Code   280  sin_i.o(i.__kernel_sin)
    __mathlib_dbl_infnan                     0x08007d31   Thumb Code    20  dunder.o(i.__mathlib_dbl_infnan)
    __mathlib_dbl_invalid                    0x08007d49   Thumb Code    24  dunder.o(i.__mathlib_dbl_invalid)
    __mathlib_dbl_underflow                  0x08007d69   Thumb Code    24  dunder.o(i.__mathlib_dbl_underflow)
    __mathlib_flt_infnan                     0x08007d89   Thumb Code     6  funder.o(i.__mathlib_flt_infnan)
    __mathlib_flt_infnan2                    0x08007d8f   Thumb Code     6  funder.o(i.__mathlib_flt_infnan2)
    __mathlib_flt_invalid                    0x08007d95   Thumb Code    10  funder.o(i.__mathlib_flt_invalid)
    __mathlib_flt_underflow                  0x08007da5   Thumb Code    10  funder.o(i.__mathlib_flt_underflow)
    __mathlib_rredf2                         0x08007db5   Thumb Code   316  rredf.o(i.__mathlib_rredf2)
    bmi088_accel_init                        0x08007f81   Thumb Code   156  bmi088.o(i.bmi088_accel_init)
    bmi088_gyro_init                         0x08008021   Thumb Code   156  bmi088.o(i.bmi088_gyro_init)
    cali_param_init                          0x080080c1   Thumb Code   106  bmi088.o(i.cali_param_init)
    fabs                                     0x08008135   Thumb Code    24  fabs.o(i.fabs)
    flash_erase_address                      0x0800814d   Thumb Code    42  bmi088.o(i.flash_erase_address)
    flash_write_single_address               0x08008179   Thumb Code   104  bmi088.o(i.flash_write_single_address)
    ger_sector                               0x080081e5   Thumb Code   212  bmi088.o(i.ger_sector)
    get_next_flash_address                   0x080082b9   Thumb Code   200  bmi088.o(i.get_next_flash_address)
    gyro_offset_calc                         0x080083ad   Thumb Code    72  bmi088.o(i.gyro_offset_calc)
    invSqrt                                  0x080083f9   Thumb Code    40  bmi088.o(i.invSqrt)
    main                                     0x08008425   Thumb Code    88  main.o(i.main)
    sqrtf                                    0x0800847d   Thumb Code    62  sqrtf.o(i.sqrtf)
    __aeabi_dneg                             0x080084bb   Thumb Code     0  basic.o(x$fpl$basic)
    _dneg                                    0x080084bb   Thumb Code     6  basic.o(x$fpl$basic)
    __aeabi_fneg                             0x080084c1   Thumb Code     0  basic.o(x$fpl$basic)
    _fneg                                    0x080084c1   Thumb Code     6  basic.o(x$fpl$basic)
    _dabs                                    0x080084c7   Thumb Code     6  basic.o(x$fpl$basic)
    _fabs                                    0x080084cd   Thumb Code     6  basic.o(x$fpl$basic)
    __aeabi_d2f                              0x080084d5   Thumb Code     0  d2f.o(x$fpl$d2f)
    _d2f                                     0x080084d5   Thumb Code    98  d2f.o(x$fpl$d2f)
    __aeabi_dadd                             0x08008539   Thumb Code     0  daddsub_clz.o(x$fpl$dadd)
    _dadd                                    0x08008539   Thumb Code   332  daddsub_clz.o(x$fpl$dadd)
    __aeabi_ddiv                             0x08008689   Thumb Code     0  ddiv.o(x$fpl$ddiv)
    _ddiv                                    0x08008689   Thumb Code   552  ddiv.o(x$fpl$ddiv)
    __aeabi_d2iz                             0x08008939   Thumb Code     0  dfix.o(x$fpl$dfix)
    _dfix                                    0x08008939   Thumb Code    94  dfix.o(x$fpl$dfix)
    __aeabi_i2d                              0x08008997   Thumb Code     0  dflt_clz.o(x$fpl$dflt)
    _dflt                                    0x08008997   Thumb Code    46  dflt_clz.o(x$fpl$dflt)
    __aeabi_ui2d                             0x080089c5   Thumb Code     0  dflt_clz.o(x$fpl$dfltu)
    _dfltu                                   0x080089c5   Thumb Code    38  dflt_clz.o(x$fpl$dfltu)
    __aeabi_dmul                             0x080089ed   Thumb Code     0  dmul.o(x$fpl$dmul)
    _dmul                                    0x080089ed   Thumb Code   332  dmul.o(x$fpl$dmul)
    __fpl_dnaninf                            0x08008b41   Thumb Code   156  dnaninf.o(x$fpl$dnaninf)
    __fpl_dretinf                            0x08008bdd   Thumb Code    12  dretinf.o(x$fpl$dretinf)
    __aeabi_drsub                            0x08008be9   Thumb Code     0  daddsub_clz.o(x$fpl$drsb)
    _drsb                                    0x08008be9   Thumb Code    22  daddsub_clz.o(x$fpl$drsb)
    __aeabi_dsub                             0x08008c01   Thumb Code     0  daddsub_clz.o(x$fpl$dsub)
    _dsub                                    0x08008c01   Thumb Code   464  daddsub_clz.o(x$fpl$dsub)
    __aeabi_f2d                              0x08008dd5   Thumb Code     0  f2d.o(x$fpl$f2d)
    _f2d                                     0x08008dd5   Thumb Code    86  f2d.o(x$fpl$f2d)
    __fpl_fnaninf                            0x08008e2b   Thumb Code   140  fnaninf.o(x$fpl$fnaninf)
    _fp_init                                 0x08008eb7   Thumb Code    10  fpinit.o(x$fpl$fpinit)
    __fplib_config_fpu_vfp                   0x08008ebf   Thumb Code     0  fpinit.o(x$fpl$fpinit)
    __fplib_config_pureend_doubles           0x08008ebf   Thumb Code     0  fpinit.o(x$fpl$fpinit)
    __fpl_fretinf                            0x08008ec1   Thumb Code    10  fretinf.o(x$fpl$fretinf)
    AHBPrescTable                            0x08008eca   Data          16  system_stm32f4xx.o(.constdata)
    __I$use$fp                               0x08008eca   Number         0  usenofp.o(x$fpl$usenofp)
    APBPrescTable                            0x08008eda   Data           8  system_stm32f4xx.o(.constdata)
    Region$$Table$$Base                      0x08009040   Number         0  anon$$obj.o(Region$$Table)
    Region$$Table$$Limit                     0x08009060   Number         0  anon$$obj.o(Region$$Table)
    SHT$$INIT_ARRAY$$Base                    0x08009060   Number         0  function.o(.init_array)
    SHT$$INIT_ARRAY$$Limit                   0x08009064   Number         0  init_aeabi.o(.init_array)
    SystemCoreClock                          0x20000004   Data           4  system_stm32f4xx.o(.data)
    angle_LF_w                               0x20000008   Data           4  function.o(.data)
    angle_RF_w                               0x2000000c   Data           4  function.o(.data)
    angle_RB_w                               0x20000010   Data           4  function.o(.data)
    angle_LB_w                               0x20000014   Data           4  function.o(.data)
    connect                                  0x20000018   Data           4  function.o(.data)
    copies                                   0x2000001c   Data           4  function.o(.data)
    last_top                                 0x20000020   Data           4  function.o(.data)
    Wm                                       0x20000024   Data           4  function.o(.data)
    XY                                       0x20000028   Data           4  function.o(.data)
    TIM_7                                    0x2000002c   Data           4  function.o(.data)
    tar_x_0                                  0x20000030   Data           4  function.o(.data)
    tar_y_0                                  0x20000034   Data           4  function.o(.data)
    limit_dipan                              0x20000038   Data           4  function.o(.data)
    Change                                   0x20000040   Data           8  function.o(.data)
    SPI_UpdataFlag                           0x20000048   Data           1  bmi088.o(.data)
    Accel_flag                               0x2000004b   Data           1  bmi088.o(.data)
    Temperate_flag                           0x2000004c   Data           1  bmi088.o(.data)
    Gyro_flag                                0x2000004d   Data           1  bmi088.o(.data)
    twoKp                                    0x20000054   Data           4  bmi088.o(.data)
    twoKi                                    0x20000058   Data           4  bmi088.o(.data)
    integralFBx                              0x2000005c   Data           4  bmi088.o(.data)
    integralFBy                              0x20000060   Data           4  bmi088.o(.data)
    integralFBz                              0x20000064   Data           4  bmi088.o(.data)
    BMI088_ACCEL_SEN                         0x20000068   Data           4  bmi088.o(.data)
    BMI088_GYRO_SEN                          0x2000006c   Data           4  bmi088.o(.data)
    accel_temp_dma_tx_buf                    0x20000070   Data           4  bmi088.o(.data)
    accel_temp_dma_rx_buf                    0x20000088   Data           4  bmi088.o(.data)
    gyro_dma_tx_buf                          0x2000008c   Data           8  bmi088.o(.data)
    gyro_dma_rx_buf                          0x20000094   Data           8  bmi088.o(.data)
    accel_dma_tx_buf                         0x200000d0   Data           9  bmi088.o(.data)
    gyro_scale_factor                        0x200000dc   Data          36  bmi088.o(.data)
    accel_scale_factor                       0x20000100   Data          36  bmi088.o(.data)
    INS_quat                                 0x20000124   Data          16  bmi088.o(.data)
    cali_hook_fun                            0x20000134   Data          16  bmi088.o(.data)
    j                                        0x2000014c   Data           4  ifr_can.o(.data)
    uwTickFreq                               0x20000150   Data           1  stm32f4xx_hal.o(.data)
    uwTickPrio                               0x20000154   Data           4  stm32f4xx_hal.o(.data)
    uwTick                                   0x20000158   Data           4  stm32f4xx_hal.o(.data)
    hcan1                                    0x2000015c   Data         100  can.o(.bss)
    hcan2                                    0x200001c0   Data         100  can.o(.bss)
    hspi1                                    0x20000224   Data         128  spi.o(.bss)
    hdma_spi1_rx                             0x200002a4   Data          96  spi.o(.bss)
    hdma_spi1_tx                             0x20000304   Data          96  spi.o(.bss)
    htim7                                    0x20000364   Data         180  tim.o(.bss)
    htim10                                   0x20000418   Data         180  tim.o(.bss)
    huart1                                   0x200004cc   Data         116  usart.o(.bss)
    huart3                                   0x20000540   Data         116  usart.o(.bss)
    huart6                                   0x200005b4   Data         116  usart.o(.bss)
    hdma_usart1_rx                           0x20000628   Data          96  usart.o(.bss)
    hdma_usart3_rx                           0x20000688   Data          96  usart.o(.bss)
    CAN_1                                    0x200006e8   Data        1176  function.o(.bss)
    CAN_2                                    0x20000b80   Data        1176  function.o(.bss)
    Motor_LF                                 0x20001018   Data          76  function.o(.bss)
    Motor_RF                                 0x20001064   Data          76  function.o(.bss)
    Motor_RB                                 0x200010b0   Data          76  function.o(.bss)
    Motor_LB                                 0x200010fc   Data          76  function.o(.bss)
    Motor_direction_LF                       0x20001148   Data         132  function.o(.bss)
    Motor_direction_RF                       0x200011cc   Data         132  function.o(.bss)
    Motor_direction_RB                       0x20001250   Data         132  function.o(.bss)
    Motor_direction_LB                       0x200012d4   Data         132  function.o(.bss)
    robot                                    0x20001358   Data          76  function.o(.bss)
    vehicle                                  0x200013a4   Data          52  function.o(.bss)
    rx_can_data                              0x200013d8   Data          16  function.o(.bss)
    Judge_data                               0x200013e8   Data          20  function.o(.bss)
    yaw_info                                 0x200013fc   Data          20  function.o(.bss)
    INS_gyro                                 0x20001434   Data          12  bmi088.o(.bss)
    INS_accel                                0x20001440   Data          12  bmi088.o(.bss)
    IMU_Info                                 0x2000144c   Data          48  bmi088.o(.bss)
    flash_write_buf                          0x2000147c   Data         116  bmi088.o(.bss)
    cali_sensor                              0x200014f0   Data          52  bmi088.o(.bss)
    accel_offset                             0x20001524   Data          12  bmi088.o(.bss)
    gyro_cali_offset                         0x20001530   Data          12  bmi088.o(.bss)
    gyro_offset                              0x2000153c   Data          12  bmi088.o(.bss)
    bmi088_real_data                         0x20001548   Data          36  bmi088.o(.bss)
    Temp_Pid                                 0x2000156c   Data          52  bmi088.o(.bss)
    accel_dma_rx_buf                         0x200015a0   Data           9  bmi088.o(.bss)
    CAN_Pointer                              0x200015f0   Data          12  ifr_can.o(.bss)
    TIM_Pointer                              0x200015fc   Data          60  ifr_tim.o(.bss)
    CountError                               0x20001638   Data          40  ifr_usart.o(.bss)
    UDB_Pointer                              0x20001660   Data          36  ifr_usart.o(.bss)
    pFlash                                   0x20001684   Data          32  stm32f4xx_hal_flash.o(.bss)
    __libspace_start                         0x200016a4   Data          96  libspace.o(.bss)
    __temporary_stack_top$libspace           0x20001704   Data           0  libspace.o(.bss)



==============================================================================

Memory Map of the image

  Image Entry point : 0x08000189

  Load Region LR_IROM1 (Base: 0x08000000, Size: 0x000091c0, Max: 0x00100000, ABSOLUTE, COMPRESSED[0x000090e0])

    Execution Region ER_IROM1 (Exec base: 0x08000000, Load base: 0x08000000, Size: 0x00009064, Max: 0x00100000, ABSOLUTE)

    Exec Addr    Load Addr    Size         Type   Attr      Idx    E Section Name        Object

    0x08000000   0x08000000   0x00000188   Data   RO            3    RESET               startup_stm32f407xx.o
    0x08000188   0x08000188   0x00000008   Code   RO         5732  * !!!main             c_w.l(__main.o)
    0x08000190   0x08000190   0x00000034   Code   RO         6096    !!!scatter          c_w.l(__scatter.o)
    0x080001c4   0x080001c4   0x0000005a   Code   RO         6094    !!dczerorl2         c_w.l(__dczerorl2.o)
    0x0800021e   0x0800021e   0x00000002   PAD
    0x08000220   0x08000220   0x0000001c   Code   RO         6098    !!handler_zi        c_w.l(__scatter_zi.o)
    0x0800023c   0x0800023c   0x00000002   Code   RO         6018    .ARM.Collect$$libinit$$00000000  c_w.l(libinit.o)
    0x0800023e   0x0800023e   0x00000004   Code   RO         5845    .ARM.Collect$$libinit$$00000001  c_w.l(libinit2.o)
    0x08000242   0x08000242   0x00000000   Code   RO         5848    .ARM.Collect$$libinit$$00000004  c_w.l(libinit2.o)
    0x08000242   0x08000242   0x00000000   Code   RO         5851    .ARM.Collect$$libinit$$0000000A  c_w.l(libinit2.o)
    0x08000242   0x08000242   0x00000000   Code   RO         5853    .ARM.Collect$$libinit$$0000000C  c_w.l(libinit2.o)
    0x08000242   0x08000242   0x00000000   Code   RO         5855    .ARM.Collect$$libinit$$0000000E  c_w.l(libinit2.o)
    0x08000242   0x08000242   0x00000000   Code   RO         5858    .ARM.Collect$$libinit$$00000011  c_w.l(libinit2.o)
    0x08000242   0x08000242   0x00000000   Code   RO         5860    .ARM.Collect$$libinit$$00000013  c_w.l(libinit2.o)
    0x08000242   0x08000242   0x00000000   Code   RO         5862    .ARM.Collect$$libinit$$00000015  c_w.l(libinit2.o)
    0x08000242   0x08000242   0x00000000   Code   RO         5864    .ARM.Collect$$libinit$$00000017  c_w.l(libinit2.o)
    0x08000242   0x08000242   0x00000000   Code   RO         5866    .ARM.Collect$$libinit$$00000019  c_w.l(libinit2.o)
    0x08000242   0x08000242   0x00000000   Code   RO         5868    .ARM.Collect$$libinit$$0000001B  c_w.l(libinit2.o)
    0x08000242   0x08000242   0x00000000   Code   RO         5870    .ARM.Collect$$libinit$$0000001D  c_w.l(libinit2.o)
    0x08000242   0x08000242   0x00000000   Code   RO         5872    .ARM.Collect$$libinit$$0000001F  c_w.l(libinit2.o)
    0x08000242   0x08000242   0x00000000   Code   RO         5874    .ARM.Collect$$libinit$$00000021  c_w.l(libinit2.o)
    0x08000242   0x08000242   0x00000000   Code   RO         5876    .ARM.Collect$$libinit$$00000023  c_w.l(libinit2.o)
    0x08000242   0x08000242   0x00000000   Code   RO         5878    .ARM.Collect$$libinit$$00000025  c_w.l(libinit2.o)
    0x08000242   0x08000242   0x00000000   Code   RO         5882    .ARM.Collect$$libinit$$0000002C  c_w.l(libinit2.o)
    0x08000242   0x08000242   0x00000000   Code   RO         5884    .ARM.Collect$$libinit$$0000002E  c_w.l(libinit2.o)
    0x08000242   0x08000242   0x00000000   Code   RO         5886    .ARM.Collect$$libinit$$00000030  c_w.l(libinit2.o)
    0x08000242   0x08000242   0x00000004   Code   RO         5887    .ARM.Collect$$libinit$$00000031  c_w.l(libinit2.o)
    0x08000246   0x08000246   0x00000000   Code   RO         5888    .ARM.Collect$$libinit$$00000032  c_w.l(libinit2.o)
    0x08000246   0x08000246   0x00000002   Code   RO         5889    .ARM.Collect$$libinit$$00000033  c_w.l(libinit2.o)
    0x08000248   0x08000248   0x00000002   Code   RO         6059    .ARM.Collect$$libshutdown$$00000000  c_w.l(libshutdown.o)
    0x0800024a   0x0800024a   0x00000000   Code   RO         6075    .ARM.Collect$$libshutdown$$00000002  c_w.l(libshutdown2.o)
    0x0800024a   0x0800024a   0x00000000   Code   RO         6077    .ARM.Collect$$libshutdown$$00000004  c_w.l(libshutdown2.o)
    0x0800024a   0x0800024a   0x00000000   Code   RO         6079    .ARM.Collect$$libshutdown$$00000006  c_w.l(libshutdown2.o)
    0x0800024a   0x0800024a   0x00000000   Code   RO         6082    .ARM.Collect$$libshutdown$$00000009  c_w.l(libshutdown2.o)
    0x0800024a   0x0800024a   0x00000000   Code   RO         6085    .ARM.Collect$$libshutdown$$0000000C  c_w.l(libshutdown2.o)
    0x0800024a   0x0800024a   0x00000000   Code   RO         6087    .ARM.Collect$$libshutdown$$0000000E  c_w.l(libshutdown2.o)
    0x0800024a   0x0800024a   0x00000000   Code   RO         6090    .ARM.Collect$$libshutdown$$00000011  c_w.l(libshutdown2.o)
    0x0800024a   0x0800024a   0x00000002   Code   RO         6091    .ARM.Collect$$libshutdown$$00000012  c_w.l(libshutdown2.o)
    0x0800024c   0x0800024c   0x00000000   Code   RO         5836    .ARM.Collect$$rtentry$$00000000  c_w.l(__rtentry.o)
    0x0800024c   0x0800024c   0x00000000   Code   RO         5949    .ARM.Collect$$rtentry$$00000002  c_w.l(__rtentry2.o)
    0x0800024c   0x0800024c   0x00000006   Code   RO         5961    .ARM.Collect$$rtentry$$00000004  c_w.l(__rtentry4.o)
    0x08000252   0x08000252   0x00000000   Code   RO         5951    .ARM.Collect$$rtentry$$00000009  c_w.l(__rtentry2.o)
    0x08000252   0x08000252   0x00000004   Code   RO         5952    .ARM.Collect$$rtentry$$0000000A  c_w.l(__rtentry2.o)
    0x08000256   0x08000256   0x00000000   Code   RO         5954    .ARM.Collect$$rtentry$$0000000C  c_w.l(__rtentry2.o)
    0x08000256   0x08000256   0x00000008   Code   RO         5955    .ARM.Collect$$rtentry$$0000000D  c_w.l(__rtentry2.o)
    0x0800025e   0x0800025e   0x00000002   Code   RO         6021    .ARM.Collect$$rtexit$$00000000  c_w.l(rtexit.o)
    0x08000260   0x08000260   0x00000000   Code   RO         6041    .ARM.Collect$$rtexit$$00000002  c_w.l(rtexit2.o)
    0x08000260   0x08000260   0x00000004   Code   RO         6042    .ARM.Collect$$rtexit$$00000003  c_w.l(rtexit2.o)
    0x08000264   0x08000264   0x00000006   Code   RO         6043    .ARM.Collect$$rtexit$$00000004  c_w.l(rtexit2.o)
    0x0800026a   0x0800026a   0x00000002   PAD
    0x0800026c   0x0800026c   0x00000040   Code   RO            4    .text               startup_stm32f407xx.o
    0x080002ac   0x080002ac   0x000000ee   Code   RO         5726    .text               c_w.l(lludivv7m.o)
    0x0800039a   0x0800039a   0x0000008a   Code   RO         5728    .text               c_w.l(rt_memcpy_v6.o)
    0x08000424   0x08000424   0x00000006   Code   RO         5730    .text               c_w.l(heapauxi.o)
    0x0800042a   0x0800042a   0x00000002   PAD
    0x0800042c   0x0800042c   0x00000024   Code   RO         5737    .text               c_w.l(init_aeabi.o)
    0x08000450   0x08000450   0x00000016   Code   RO         5841    .text               c_w.l(_rserrno.o)
    0x08000466   0x08000466   0x00000064   Code   RO         5843    .text               c_w.l(rt_memcpy_w.o)
    0x080004ca   0x080004ca   0x00000002   PAD
    0x080004cc   0x080004cc   0x00000008   Code   RO         5968    .text               c_w.l(rt_errno_addr_intlibspace.o)
    0x080004d4   0x080004d4   0x00000008   Code   RO         5998    .text               c_w.l(libspace.o)
    0x080004dc   0x080004dc   0x0000004a   Code   RO         6001    .text               c_w.l(sys_stackheap_outer.o)
    0x08000526   0x08000526   0x00000012   Code   RO         6003    .text               c_w.l(exit.o)
    0x08000538   0x08000538   0x0000000c   Code   RO         6035    .text               c_w.l(sys_exit.o)
    0x08000544   0x08000544   0x00000002   Code   RO         6037    .text               c_w.l(use_no_semi.o)
    0x08000546   0x08000546   0x00000000   Code   RO         6039    .text               c_w.l(indicate_semi.o)
    0x08000546   0x08000546   0x00000002   PAD
    0x08000548   0x08000548   0x00000020   Code   RO         1144    i.AHRS_init         bmi088.o
    0x08000568   0x08000568   0x00000030   Code   RO         1145    i.AHRS_update       bmi088.o
    0x08000598   0x08000598   0x00000010   Code   RO         1146    i.BMI088_ACCEL_NS_H  bmi088.o
    0x080005a8   0x080005a8   0x00000010   Code   RO         1147    i.BMI088_ACCEL_NS_L  bmi088.o
    0x080005b8   0x080005b8   0x00000010   Code   RO         1148    i.BMI088_GYRO_NS_H  bmi088.o
    0x080005c8   0x080005c8   0x00000010   Code   RO         1149    i.BMI088_GYRO_NS_L  bmi088.o
    0x080005d8   0x080005d8   0x00000224   Code   RO         1150    i.BMI088_init       bmi088.o
    0x080007fc   0x080007fc   0x00000024   Code   RO         1151    i.BMI088_read_write_byte  bmi088.o
    0x08000820   0x08000820   0x00000002   Code   RO          584    i.BusFault_Handler  stm32f4xx_it_1.o
    0x08000822   0x08000822   0x00000002   PAD
    0x08000824   0x08000824   0x0000000c   Code   RO          585    i.CAN1_RX0_IRQHandler  stm32f4xx_it_1.o
    0x08000830   0x08000830   0x0000000c   Code   RO          586    i.CAN1_RX1_IRQHandler  stm32f4xx_it_1.o
    0x0800083c   0x0800083c   0x0000000c   Code   RO          587    i.CAN1_TX_IRQHandler  stm32f4xx_it_1.o
    0x08000848   0x08000848   0x0000000c   Code   RO          588    i.CAN2_RX0_IRQHandler  stm32f4xx_it_1.o
    0x08000854   0x08000854   0x0000000c   Code   RO          589    i.CAN2_TX_IRQHandler  stm32f4xx_it_1.o
    0x08000860   0x08000860   0x00000084   Code   RO         1152    i.Calibrate         bmi088.o
    0x080008e4   0x080008e4   0x0000000c   Code   RO          590    i.DMA1_Stream1_IRQHandler  stm32f4xx_it_1.o
    0x080008f0   0x080008f0   0x0000000c   Code   RO          591    i.DMA2_Stream0_IRQHandler  stm32f4xx_it_1.o
    0x080008fc   0x080008fc   0x0000000c   Code   RO          592    i.DMA2_Stream2_IRQHandler  stm32f4xx_it_1.o
    0x08000908   0x08000908   0x0000000c   Code   RO          593    i.DMA2_Stream3_IRQHandler  stm32f4xx_it_1.o
    0x08000914   0x08000914   0x00000034   Code   RO         3326    i.DMA_CalcBaseAndBitshift  stm32f4xx_hal_dma.o
    0x08000948   0x08000948   0x0000007e   Code   RO         3327    i.DMA_CheckFifoParam  stm32f4xx_hal_dma.o
    0x080009c6   0x080009c6   0x00000038   Code   RO         3328    i.DMA_SetConfig     stm32f4xx_hal_dma.o
    0x080009fe   0x080009fe   0x00000002   Code   RO          594    i.DebugMon_Handler  stm32f4xx_it_1.o
    0x08000a00   0x08000a00   0x00000006   Code   RO          595    i.EXTI0_IRQHandler  stm32f4xx_it_1.o
    0x08000a06   0x08000a06   0x00000006   Code   RO          596    i.EXTI4_IRQHandler  stm32f4xx_it_1.o
    0x08000a0c   0x08000a0c   0x00000006   Code   RO          597    i.EXTI9_5_IRQHandler  stm32f4xx_it_1.o
    0x08000a12   0x08000a12   0x00000004   Code   RO           13    i.Error_Handler     main.o
    0x08000a16   0x08000a16   0x00000002   PAD
    0x08000a18   0x08000a18   0x00000050   Code   RO         3096    i.FLASH_Erase_Sector  stm32f4xx_hal_flash_ex.o
    0x08000a68   0x08000a68   0x00000058   Code   RO         3097    i.FLASH_FlushCaches  stm32f4xx_hal_flash_ex.o
    0x08000ac0   0x08000ac0   0x00000028   Code   RO         3098    i.FLASH_MassErase   stm32f4xx_hal_flash_ex.o
    0x08000ae8   0x08000ae8   0x00000020   Code   RO         2978    i.FLASH_Program_Byte  stm32f4xx_hal_flash.o
    0x08000b08   0x08000b08   0x00000034   Code   RO         2979    i.FLASH_Program_DoubleWord  stm32f4xx_hal_flash.o
    0x08000b3c   0x08000b3c   0x00000024   Code   RO         2980    i.FLASH_Program_HalfWord  stm32f4xx_hal_flash.o
    0x08000b60   0x08000b60   0x00000024   Code   RO         2981    i.FLASH_Program_Word  stm32f4xx_hal_flash.o
    0x08000b84   0x08000b84   0x00000074   Code   RO         2982    i.FLASH_SetErrorCode  stm32f4xx_hal_flash.o
    0x08000bf8   0x08000bf8   0x00000060   Code   RO         2983    i.FLASH_WaitForLastOperation  stm32f4xx_hal_flash.o
    0x08000c58   0x08000c58   0x00000024   Code   RO         2577    i.HAL_CAN_ActivateNotification  stm32f4xx_hal_can.o
    0x08000c7c   0x08000c7c   0x00000104   Code   RO         2578    i.HAL_CAN_AddTxMessage  stm32f4xx_hal_can.o
    0x08000d80   0x08000d80   0x00000128   Code   RO         2579    i.HAL_CAN_ConfigFilter  stm32f4xx_hal_can.o
    0x08000ea8   0x08000ea8   0x00000026   Code   RO         2581    i.HAL_CAN_DeactivateNotification  stm32f4xx_hal_can.o
    0x08000ece   0x08000ece   0x00000002   Code   RO         2582    i.HAL_CAN_ErrorCallback  stm32f4xx_hal_can.o
    0x08000ed0   0x08000ed0   0x0000016c   Code   RO         2585    i.HAL_CAN_GetRxMessage  stm32f4xx_hal_can.o
    0x0800103c   0x0800103c   0x00000032   Code   RO         2587    i.HAL_CAN_GetTxMailboxesFreeLevel  stm32f4xx_hal_can.o
    0x0800106e   0x0800106e   0x00000238   Code   RO         2589    i.HAL_CAN_IRQHandler  stm32f4xx_hal_can.o
    0x080012a6   0x080012a6   0x00000002   PAD
    0x080012a8   0x080012a8   0x000001dc   Code   RO         2590    i.HAL_CAN_Init      stm32f4xx_hal_can.o
    0x08001484   0x08001484   0x0000012c   Code   RO          359    i.HAL_CAN_MspInit   can.o
    0x080015b0   0x080015b0   0x000000b0   Code   RO         2595    i.HAL_CAN_RegisterCallback  stm32f4xx_hal_can.o
    0x08001660   0x08001660   0x00000002   Code   RO         2598    i.HAL_CAN_RxFifo0FullCallback  stm32f4xx_hal_can.o
    0x08001662   0x08001662   0x00000002   Code   RO         2599    i.HAL_CAN_RxFifo0MsgPendingCallback  stm32f4xx_hal_can.o
    0x08001664   0x08001664   0x00000002   Code   RO         2600    i.HAL_CAN_RxFifo1FullCallback  stm32f4xx_hal_can.o
    0x08001666   0x08001666   0x00000002   Code   RO         2601    i.HAL_CAN_RxFifo1MsgPendingCallback  stm32f4xx_hal_can.o
    0x08001668   0x08001668   0x00000002   Code   RO         2602    i.HAL_CAN_SleepCallback  stm32f4xx_hal_can.o
    0x0800166a   0x0800166a   0x00000064   Code   RO         2603    i.HAL_CAN_Start     stm32f4xx_hal_can.o
    0x080016ce   0x080016ce   0x00000002   Code   RO         2605    i.HAL_CAN_TxMailbox0AbortCallback  stm32f4xx_hal_can.o
    0x080016d0   0x080016d0   0x00000002   Code   RO         2606    i.HAL_CAN_TxMailbox0CompleteCallback  stm32f4xx_hal_can.o
    0x080016d2   0x080016d2   0x00000002   Code   RO         2607    i.HAL_CAN_TxMailbox1AbortCallback  stm32f4xx_hal_can.o
    0x080016d4   0x080016d4   0x00000002   Code   RO         2608    i.HAL_CAN_TxMailbox1CompleteCallback  stm32f4xx_hal_can.o
    0x080016d6   0x080016d6   0x00000002   Code   RO         2609    i.HAL_CAN_TxMailbox2AbortCallback  stm32f4xx_hal_can.o
    0x080016d8   0x080016d8   0x00000002   Code   RO         2610    i.HAL_CAN_TxMailbox2CompleteCallback  stm32f4xx_hal_can.o
    0x080016da   0x080016da   0x00000002   Code   RO         2613    i.HAL_CAN_WakeUpFromRxMsgCallback  stm32f4xx_hal_can.o
    0x080016dc   0x080016dc   0x000000a2   Code   RO         3329    i.HAL_DMA_Abort     stm32f4xx_hal_dma.o
    0x0800177e   0x0800177e   0x00000024   Code   RO         3330    i.HAL_DMA_Abort_IT  stm32f4xx_hal_dma.o
    0x080017a2   0x080017a2   0x0000006a   Code   RO         3331    i.HAL_DMA_DeInit    stm32f4xx_hal_dma.o
    0x0800180c   0x0800180c   0x000001ec   Code   RO         3334    i.HAL_DMA_IRQHandler  stm32f4xx_hal_dma.o
    0x080019f8   0x080019f8   0x000000ec   Code   RO         3335    i.HAL_DMA_Init      stm32f4xx_hal_dma.o
    0x08001ae4   0x08001ae4   0x00000070   Code   RO         3339    i.HAL_DMA_Start_IT  stm32f4xx_hal_dma.o
    0x08001b54   0x08001b54   0x00000028   Code   RO         3743    i.HAL_Delay         stm32f4xx_hal.o
    0x08001b7c   0x08001b7c   0x000000ac   Code   RO         3108    i.HAL_FLASHEx_Erase  stm32f4xx_hal_flash_ex.o
    0x08001c28   0x08001c28   0x00000014   Code   RO         2987    i.HAL_FLASH_Lock    stm32f4xx_hal_flash.o
    0x08001c3c   0x08001c3c   0x00000080   Code   RO         2992    i.HAL_FLASH_Program  stm32f4xx_hal_flash.o
    0x08001cbc   0x08001cbc   0x00000034   Code   RO         2994    i.HAL_FLASH_Unlock  stm32f4xx_hal_flash.o
    0x08001cf0   0x08001cf0   0x00000150   Code   RO         3219    i.HAL_GPIO_DeInit   stm32f4xx_hal_gpio.o
    0x08001e40   0x08001e40   0x0000005c   Code   RO         1153    i.HAL_GPIO_EXTI_Callback  bmi088.o
    0x08001e9c   0x08001e9c   0x00000018   Code   RO         3221    i.HAL_GPIO_EXTI_IRQHandler  stm32f4xx_hal_gpio.o
    0x08001eb4   0x08001eb4   0x00000230   Code   RO         3222    i.HAL_GPIO_Init     stm32f4xx_hal_gpio.o
    0x080020e4   0x080020e4   0x0000000e   Code   RO         3226    i.HAL_GPIO_WritePin  stm32f4xx_hal_gpio.o
    0x080020f2   0x080020f2   0x00000002   PAD
    0x080020f4   0x080020f4   0x0000000c   Code   RO         3749    i.HAL_GetTick       stm32f4xx_hal.o
    0x08002100   0x08002100   0x00000010   Code   RO         3755    i.HAL_IncTick       stm32f4xx_hal.o
    0x08002110   0x08002110   0x00000034   Code   RO         3756    i.HAL_Init          stm32f4xx_hal.o
    0x08002144   0x08002144   0x00000044   Code   RO         3757    i.HAL_InitTick      stm32f4xx_hal.o
    0x08002188   0x08002188   0x00000034   Code   RO          756    i.HAL_MspInit       stm32f4xx_hal_msp.o
    0x080021bc   0x080021bc   0x00000024   Code   RO         3610    i.HAL_NVIC_DisableIRQ  stm32f4xx_hal_cortex.o
    0x080021e0   0x080021e0   0x0000001c   Code   RO         3611    i.HAL_NVIC_EnableIRQ  stm32f4xx_hal_cortex.o
    0x080021fc   0x080021fc   0x00000068   Code   RO         3617    i.HAL_NVIC_SetPriority  stm32f4xx_hal_cortex.o
    0x08002264   0x08002264   0x00000024   Code   RO         3618    i.HAL_NVIC_SetPriorityGrouping  stm32f4xx_hal_cortex.o
    0x08002288   0x08002288   0x0000017c   Code   RO         2823    i.HAL_RCC_ClockConfig  stm32f4xx_hal_rcc.o
    0x08002404   0x08002404   0x0000000c   Code   RO         2828    i.HAL_RCC_GetHCLKFreq  stm32f4xx_hal_rcc.o
    0x08002410   0x08002410   0x00000020   Code   RO         2830    i.HAL_RCC_GetPCLK1Freq  stm32f4xx_hal_rcc.o
    0x08002430   0x08002430   0x00000020   Code   RO         2831    i.HAL_RCC_GetPCLK2Freq  stm32f4xx_hal_rcc.o
    0x08002450   0x08002450   0x00000070   Code   RO         2832    i.HAL_RCC_GetSysClockFreq  stm32f4xx_hal_rcc.o
    0x080024c0   0x080024c0   0x00000482   Code   RO         2835    i.HAL_RCC_OscConfig  stm32f4xx_hal_rcc.o
    0x08002942   0x08002942   0x00000002   Code   RO         3995    i.HAL_SPI_AbortCpltCallback  stm32f4xx_hal_spi.o
    0x08002944   0x08002944   0x00000044   Code   RO         3999    i.HAL_SPI_DMAStop   stm32f4xx_hal_spi.o
    0x08002988   0x08002988   0x00000064   Code   RO         1154    i.HAL_SPI_ErrorCallback  bmi088.o
    0x080029ec   0x080029ec   0x0000010c   Code   RO         4005    i.HAL_SPI_Init      stm32f4xx_hal_spi.o
    0x08002af8   0x08002af8   0x00000108   Code   RO          435    i.HAL_SPI_MspInit   spi.o
    0x08002c00   0x08002c00   0x00000002   Code   RO         4012    i.HAL_SPI_RxCpltCallback  stm32f4xx_hal_spi.o
    0x08002c02   0x08002c02   0x00000002   Code   RO         4013    i.HAL_SPI_RxHalfCpltCallback  stm32f4xx_hal_spi.o
    0x08002c04   0x08002c04   0x000001f8   Code   RO         4015    i.HAL_SPI_TransmitReceive  stm32f4xx_hal_spi.o
    0x08002dfc   0x08002dfc   0x00000144   Code   RO         4016    i.HAL_SPI_TransmitReceive_DMA  stm32f4xx_hal_spi.o
    0x08002f40   0x08002f40   0x00000002   Code   RO         4020    i.HAL_SPI_TxCpltCallback  stm32f4xx_hal_spi.o
    0x08002f42   0x08002f42   0x00000002   Code   RO         4021    i.HAL_SPI_TxHalfCpltCallback  stm32f4xx_hal_spi.o
    0x08002f44   0x08002f44   0x00000098   Code   RO         1155    i.HAL_SPI_TxRxCpltCallback  bmi088.o
    0x08002fdc   0x08002fdc   0x00000002   Code   RO         4023    i.HAL_SPI_TxRxHalfCpltCallback  stm32f4xx_hal_spi.o
    0x08002fde   0x08002fde   0x00000002   PAD
    0x08002fe0   0x08002fe0   0x00000028   Code   RO         3622    i.HAL_SYSTICK_Config  stm32f4xx_hal_cortex.o
    0x08003008   0x08003008   0x00000002   Code   RO         5063    i.HAL_TIMEx_BreakCallback  stm32f4xx_hal_tim_ex.o
    0x0800300a   0x0800300a   0x00000002   Code   RO         5064    i.HAL_TIMEx_CommutCallback  stm32f4xx_hal_tim_ex.o
    0x0800300c   0x0800300c   0x00000002   Code   RO         5065    i.HAL_TIMEx_CommutHalfCpltCallback  stm32f4xx_hal_tim_ex.o
    0x0800300e   0x0800300e   0x0000009a   Code   RO         5082    i.HAL_TIMEx_MasterConfigSynchronization  stm32f4xx_hal_tim_ex.o
    0x080030a8   0x080030a8   0x00000070   Code   RO         4330    i.HAL_TIM_Base_Init  stm32f4xx_hal_tim.o
    0x08003118   0x08003118   0x0000005c   Code   RO          477    i.HAL_TIM_Base_MspInit  tim.o
    0x08003174   0x08003174   0x0000008a   Code   RO         4335    i.HAL_TIM_Base_Start_IT  stm32f4xx_hal_tim.o
    0x080031fe   0x080031fe   0x00000002   Code   RO         4360    i.HAL_TIM_ErrorCallback  stm32f4xx_hal_tim.o
    0x08003200   0x08003200   0x00000002   Code   RO         4364    i.HAL_TIM_IC_CaptureCallback  stm32f4xx_hal_tim.o
    0x08003202   0x08003202   0x00000002   Code   RO         4365    i.HAL_TIM_IC_CaptureHalfCpltCallback  stm32f4xx_hal_tim.o
    0x08003204   0x08003204   0x00000194   Code   RO         4378    i.HAL_TIM_IRQHandler  stm32f4xx_hal_tim.o
    0x08003398   0x08003398   0x00000050   Code   RO          478    i.HAL_TIM_MspPostInit  tim.o
    0x080033e8   0x080033e8   0x00000002   Code   RO         4381    i.HAL_TIM_OC_DelayElapsedCallback  stm32f4xx_hal_tim.o
    0x080033ea   0x080033ea   0x000000d8   Code   RO         4402    i.HAL_TIM_PWM_ConfigChannel  stm32f4xx_hal_tim.o
    0x080034c2   0x080034c2   0x00000002   PAD
    0x080034c4   0x080034c4   0x00000070   Code   RO         4405    i.HAL_TIM_PWM_Init  stm32f4xx_hal_tim.o
    0x08003534   0x08003534   0x00000002   Code   RO         4407    i.HAL_TIM_PWM_MspInit  stm32f4xx_hal_tim.o
    0x08003536   0x08003536   0x00000002   Code   RO         4408    i.HAL_TIM_PWM_PulseFinishedCallback  stm32f4xx_hal_tim.o
    0x08003538   0x08003538   0x00000002   Code   RO         4409    i.HAL_TIM_PWM_PulseFinishedHalfCpltCallback  stm32f4xx_hal_tim.o
    0x0800353a   0x0800353a   0x00000002   PAD
    0x0800353c   0x0800353c   0x000000dc   Code   RO         4410    i.HAL_TIM_PWM_Start  stm32f4xx_hal_tim.o
    0x08003618   0x08003618   0x00000002   Code   RO         4416    i.HAL_TIM_PeriodElapsedCallback  stm32f4xx_hal_tim.o
    0x0800361a   0x0800361a   0x00000002   Code   RO         4417    i.HAL_TIM_PeriodElapsedHalfCpltCallback  stm32f4xx_hal_tim.o
    0x0800361c   0x0800361c   0x00000140   Code   RO         4419    i.HAL_TIM_RegisterCallback  stm32f4xx_hal_tim.o
    0x0800375c   0x0800375c   0x00000002   Code   RO         4422    i.HAL_TIM_TriggerCallback  stm32f4xx_hal_tim.o
    0x0800375e   0x0800375e   0x00000002   Code   RO         4423    i.HAL_TIM_TriggerHalfCpltCallback  stm32f4xx_hal_tim.o
    0x08003760   0x08003760   0x00000062   Code   RO         5339    i.HAL_UARTEx_ReceiveToIdle_DMA  stm32f4xx_hal_uart.o
    0x080037c2   0x080037c2   0x00000002   Code   RO         5341    i.HAL_UARTEx_RxEventCallback  stm32f4xx_hal_uart.o
    0x080037c4   0x080037c4   0x00000002   Code   RO         5343    i.HAL_UART_AbortCpltCallback  stm32f4xx_hal_uart.o
    0x080037c6   0x080037c6   0x00000002   Code   RO         5345    i.HAL_UART_AbortReceiveCpltCallback  stm32f4xx_hal_uart.o
    0x080037c8   0x080037c8   0x00000002   Code   RO         5348    i.HAL_UART_AbortTransmitCpltCallback  stm32f4xx_hal_uart.o
    0x080037ca   0x080037ca   0x00000002   PAD
    0x080037cc   0x080037cc   0x00000028   Code   RO         2501    i.HAL_UART_ErrorCallback  ifr_usart.o
    0x080037f4   0x080037f4   0x00000274   Code   RO         5358    i.HAL_UART_IRQHandler  stm32f4xx_hal_uart.o
    0x08003a68   0x08003a68   0x00000078   Code   RO         5359    i.HAL_UART_Init     stm32f4xx_hal_uart.o
    0x08003ae0   0x08003ae0   0x000000ac   Code   RO          530    i.HAL_UART_MspDeInit  usart.o
    0x08003b8c   0x08003b8c   0x000001e0   Code   RO          531    i.HAL_UART_MspInit  usart.o
    0x08003d6c   0x08003d6c   0x00000002   Code   RO         5367    i.HAL_UART_RxCpltCallback  stm32f4xx_hal_uart.o
    0x08003d6e   0x08003d6e   0x00000002   Code   RO         5368    i.HAL_UART_RxHalfCpltCallback  stm32f4xx_hal_uart.o
    0x08003d70   0x08003d70   0x00000002   Code   RO         5372    i.HAL_UART_TxCpltCallback  stm32f4xx_hal_uart.o
    0x08003d72   0x08003d72   0x00000002   Code   RO         5373    i.HAL_UART_TxHalfCpltCallback  stm32f4xx_hal_uart.o
    0x08003d74   0x08003d74   0x00000002   Code   RO          598    i.HardFault_Handler  stm32f4xx_it_1.o
    0x08003d76   0x08003d76   0x00000002   Code   RO         1156    i.IFR_GPIO_EXTI_Callback  bmi088.o
    0x08003d78   0x08003d78   0x00000068   Code   RO         1157    i.INS_cali_gyro     bmi088.o
    0x08003de0   0x08003de0   0x00000030   Code   RO         1158    i.INS_set_cali_gyro  bmi088.o
    0x08003e10   0x08003e10   0x00000048   Code   RO          360    i.MX_CAN1_Init      can.o
    0x08003e58   0x08003e58   0x00000048   Code   RO          361    i.MX_CAN2_Init      can.o
    0x08003ea0   0x08003ea0   0x0000006c   Code   RO          407    i.MX_DMA_Init       dma.o
    0x08003f0c   0x08003f0c   0x00000128   Code   RO          228    i.MX_GPIO_Init      gpio.o
    0x08004034   0x08004034   0x00000048   Code   RO          436    i.MX_SPI1_Init      spi.o
    0x0800407c   0x0800407c   0x0000006c   Code   RO          479    i.MX_TIM10_Init     tim.o
    0x080040e8   0x080040e8   0x0000004c   Code   RO          480    i.MX_TIM7_Init      tim.o
    0x08004134   0x08004134   0x00000038   Code   RO          532    i.MX_USART1_UART_Init  usart.o
    0x0800416c   0x0800416c   0x00000044   Code   RO          533    i.MX_USART3_UART_Init  usart.o
    0x080041b0   0x080041b0   0x00000038   Code   RO          534    i.MX_USART6_UART_Init  usart.o
    0x080041e8   0x080041e8   0x000001ec   Code   RO         1159    i.MahonyAHRSupdateIMU  bmi088.o
    0x080043d4   0x080043d4   0x00000002   Code   RO          599    i.MemManage_Handler  stm32f4xx_it_1.o
    0x080043d6   0x080043d6   0x00000002   Code   RO          600    i.NMI_Handler       stm32f4xx_it_1.o
    0x080043d8   0x080043d8   0x00000002   Code   RO          601    i.PendSV_Handler    stm32f4xx_it_1.o
    0x080043da   0x080043da   0x0000001e   Code   RO         4035    i.SPI_DMAError      stm32f4xx_hal_spi.o
    0x080043f8   0x080043f8   0x00000006   Code   RO         4036    i.SPI_DMAHalfReceiveCplt  stm32f4xx_hal_spi.o
    0x080043fe   0x080043fe   0x00000006   Code   RO         4038    i.SPI_DMAHalfTransmitReceiveCplt  stm32f4xx_hal_spi.o
    0x08004404   0x08004404   0x00000072   Code   RO         4039    i.SPI_DMAReceiveCplt  stm32f4xx_hal_spi.o
    0x08004476   0x08004476   0x00000060   Code   RO         4042    i.SPI_DMATransmitReceiveCplt  stm32f4xx_hal_spi.o
    0x080044d6   0x080044d6   0x0000008c   Code   RO         4044    i.SPI_EndRxTransaction  stm32f4xx_hal_spi.o
    0x08004562   0x08004562   0x00000002   PAD
    0x08004564   0x08004564   0x00000064   Code   RO         4045    i.SPI_EndRxTxTransaction  stm32f4xx_hal_spi.o
    0x080045c8   0x080045c8   0x000000d8   Code   RO         4050    i.SPI_WaitFlagStateUntilTimeout  stm32f4xx_hal_spi.o
    0x080046a0   0x080046a0   0x00000002   Code   RO          602    i.SVC_Handler       stm32f4xx_it_1.o
    0x080046a2   0x080046a2   0x00000004   Code   RO          603    i.SysTick_Handler   stm32f4xx_it_1.o
    0x080046a6   0x080046a6   0x00000002   PAD
    0x080046a8   0x080046a8   0x00000010   Code   RO          781    i.SystemInit        system_stm32f4xx.o
    0x080046b8   0x080046b8   0x0000000c   Code   RO          604    i.TIM7_IRQHandler   stm32f4xx_it_1.o
    0x080046c4   0x080046c4   0x000000cc   Code   RO         4425    i.TIM_Base_SetConfig  stm32f4xx_hal_tim.o
    0x08004790   0x08004790   0x0000001e   Code   RO         4426    i.TIM_CCxChannelCmd  stm32f4xx_hal_tim.o
    0x080047ae   0x080047ae   0x00000002   PAD
    0x080047b0   0x080047b0   0x00000070   Code   RO         4438    i.TIM_OC1_SetConfig  stm32f4xx_hal_tim.o
    0x08004820   0x08004820   0x00000078   Code   RO         4439    i.TIM_OC2_SetConfig  stm32f4xx_hal_tim.o
    0x08004898   0x08004898   0x00000078   Code   RO         4440    i.TIM_OC3_SetConfig  stm32f4xx_hal_tim.o
    0x08004910   0x08004910   0x00000058   Code   RO         4441    i.TIM_OC4_SetConfig  stm32f4xx_hal_tim.o
    0x08004968   0x08004968   0x00000084   Code   RO         4442    i.TIM_ResetCallback  stm32f4xx_hal_tim.o
    0x080049ec   0x080049ec   0x0000000c   Code   RO         5376    i.UART_DMAAbortOnError  stm32f4xx_hal_uart.o
    0x080049f8   0x080049f8   0x0000004c   Code   RO         5377    i.UART_DMAError     stm32f4xx_hal_uart.o
    0x08004a44   0x08004a44   0x0000007e   Code   RO         5378    i.UART_DMAReceiveCplt  stm32f4xx_hal_uart.o
    0x08004ac2   0x08004ac2   0x00000014   Code   RO         5380    i.UART_DMARxHalfCplt  stm32f4xx_hal_uart.o
    0x08004ad6   0x08004ad6   0x0000004e   Code   RO         5386    i.UART_EndRxTransfer  stm32f4xx_hal_uart.o
    0x08004b24   0x08004b24   0x0000001a   Code   RO         5387    i.UART_EndTransmit_IT  stm32f4xx_hal_uart.o
    0x08004b3e   0x08004b3e   0x0000001c   Code   RO         5388    i.UART_EndTxTransfer  stm32f4xx_hal_uart.o
    0x08004b5a   0x08004b5a   0x00000002   PAD
    0x08004b5c   0x08004b5c   0x0000004c   Code   RO         5389    i.UART_InitCallbacksToDefault  stm32f4xx_hal_uart.o
    0x08004ba8   0x08004ba8   0x000000c8   Code   RO         5390    i.UART_Receive_IT   stm32f4xx_hal_uart.o
    0x08004c70   0x08004c70   0x000000fc   Code   RO         5391    i.UART_SetConfig    stm32f4xx_hal_uart.o
    0x08004d6c   0x08004d6c   0x00000094   Code   RO         5392    i.UART_Start_Receive_DMA  stm32f4xx_hal_uart.o
    0x08004e00   0x08004e00   0x0000005e   Code   RO         5394    i.UART_Transmit_IT  stm32f4xx_hal_uart.o
    0x08004e5e   0x08004e5e   0x00000002   PAD
    0x08004e60   0x08004e60   0x0000000c   Code   RO          605    i.USART1_IRQHandler  stm32f4xx_it_1.o
    0x08004e6c   0x08004e6c   0x0000000c   Code   RO          606    i.USART3_IRQHandler  stm32f4xx_it_1.o
    0x08004e78   0x08004e78   0x0000000c   Code   RO          607    i.USART6_IRQHandler  stm32f4xx_it_1.o
    0x08004e84   0x08004e84   0x00000002   Code   RO          608    i.UsageFault_Handler  stm32f4xx_it_1.o
    0x08004e86   0x08004e86   0x0000000c   Code   RO         1160    i._Z10flash_readjPjj  bmi088.o
    0x08004e92   0x08004e92   0x00000002   PAD
    0x08004e94   0x08004e94   0x0000007c   Code   RO          819    i._Z12Duolun_angletPftS_  function.o
    0x08004f10   0x08004f10   0x00000194   Code   RO          820    i._Z12Tar_analysisv  function.o
    0x080050a4   0x080050a4   0x00000060   Code   RO          822    i._Z13TIM7_Functionv  function.o
    0x08005104   0x08005104   0x00000022   Code   RO         1705    i._Z14IFR_Can_ID_GetP19__CAN_HandleTypeDef  ifr_can.o
    0x08005126   0x08005126   0x000000c6   Code   RO         2446    i._Z14IFR_TIM_ID_GETP19__TIM_HandleTypeDef  ifr_tim.o
    0x080051ec   0x080051ec   0x00000080   Code   RO          824    i._Z14RXCAN_AnalysisPhj  function.o
    0x0800526c   0x0800526c   0x00000088   Code   RO         1161    i._Z14cali_data_readv  bmi088.o
    0x080052f4   0x080052f4   0x00000048   Code   RO         1162    i._Z14cali_gyro_hookPjh  bmi088.o
    0x0800533c   0x0800533c   0x00000024   Code   RO         1163    i._Z14cali_head_hookPjh  bmi088.o
    0x08005360   0x08005360   0x000000a4   Code   RO         1164    i._Z14imu_cali_slovePfS_P16BMI088_REAL_DATA  bmi088.o
    0x08005404   0x08005404   0x0000005a   Code   RO         2502    i._Z15IFR_Uart_ID_GetP20__UART_HandleTypeDef  ifr_usart.o
    0x0800545e   0x0800545e   0x00000002   PAD
    0x08005460   0x08005460   0x00000070   Code   RO         1165    i._Z15cali_data_writev  bmi088.o
    0x080054d0   0x080054d0   0x000000a8   Code   RO         1166    i._Z15imu_cmd_spi_dmav  bmi088.o
    0x08005578   0x08005578   0x0000002a   Code   RO          825    i._Z15uint16_to_floattffi  function.o
    0x080055a2   0x080055a2   0x00000002   PAD
    0x080055a4   0x080055a4   0x000000b8   Code   RO         1167    i._Z16imu_temp_controlf  bmi088.o
    0x0800565c   0x0800565c   0x00000098   Code   RO          826    i._Z17RXCAN_Analysis_LZPhj  function.o
    0x080056f4   0x080056f4   0x00000284   Code   RO         1168    i._Z18GyroAngle_Analysisv  bmi088.o
    0x08005978   0x08005978   0x00000098   Code   RO           14    i._Z18SystemClock_Configv  main.o
    0x08005a10   0x08005a10   0x000000e0   Code   RO          827    i._Z19Calculate_excursionv  function.o
    0x08005af0   0x08005af0   0x00000018   Code   RO          828    i._Z19InitializeRxCanDataP11Rx_can_data  function.o
    0x08005b08   0x08005b08   0x00000026   Code   RO         1169    i._Z20BMI088_read_muli_reghPhh  bmi088.o
    0x08005b2e   0x08005b2e   0x00000016   Code   RO         1170    i._Z22BMI088_read_single_reghPh  bmi088.o
    0x08005b44   0x08005b44   0x00000012   Code   RO         1171    i._Z23BMI088_write_single_reghh  bmi088.o
    0x08005b56   0x08005b56   0x00000002   PAD
    0x08005b58   0x08005b58   0x00000210   Code   RO          829    i._Z23Wheel_analytic_functionfff  function.o
    0x08005d68   0x08005d68   0x0000001e   Code   RO         1172    i._Z25BMI088_gyro_read_muli_reghPhh  bmi088.o
    0x08005d86   0x08005d86   0x00000002   PAD
    0x08005d88   0x08005d88   0x00000018   Code   RO         1706    i._Z25IFR_CAN_Recevice_CallbackP19__CAN_HandleTypeDef  ifr_can.o
    0x08005da0   0x08005da0   0x00000018   Code   RO         1707    i._Z25IFR_CAN_Transmit_CallbackP19__CAN_HandleTypeDef  ifr_can.o
    0x08005db8   0x08005db8   0x00000018   Code   RO         2447    i._Z25IFR_TIM_Overflow_CallbackP19__TIM_HandleTypeDef  ifr_tim.o
    0x08005dd0   0x08005dd0   0x00000050   Code   RO          830    i._Z25Motor_tar_optimize_changefPfS_  function.o
    0x08005e20   0x08005e20   0x00000026   Code   RO         1173    i._Z26BMI088_accel_read_muli_reghPhh  bmi088.o
    0x08005e46   0x08005e46   0x0000001a   Code   RO         1174    i._Z27BMI088_gyro_read_single_reghPh  bmi088.o
    0x08005e60   0x08005e60   0x00000028   Code   RO         1175    i._Z28BMI088_accel_read_single_reghPh  bmi088.o
    0x08005e88   0x08005e88   0x0000001a   Code   RO         1176    i._Z28BMI088_gyro_write_single_reghh  bmi088.o
    0x08005ea2   0x08005ea2   0x0000001a   Code   RO         1177    i._Z29BMI088_accel_write_single_reghh  bmi088.o
    0x08005ebc   0x08005ebc   0x000002d4   Code   RO          831    i._Z8ALL_initv      function.o
    0x08006190   0x08006190   0x0000012c   Code   RO          832    i._Z9Motor_setv     function.o
    0x080062bc   0x080062bc   0x00000068   Code   RO          833    i._Z9Set_all_0v     function.o
    0x08006324   0x08006324   0x000000c4   Code   RO         1178    i._Z9get_anglePfS_S_S_  bmi088.o
    0x080063e8   0x080063e8   0x00000006   Code   RO         1914    i._ZN12IFR_DM_Motor14Get_DMMotor_IdEv  ifr_dmmotor.o
    0x080063ee   0x080063ee   0x00000002   PAD
    0x080063f0   0x080063f0   0x00000140   Code   RO         1917    i._ZN12IFR_DM_Motor17DM_Motor_AnalysisEPhj  ifr_dmmotor.o
    0x08006530   0x08006530   0x00000004   Code   RO         2129    i._ZN13IFR_DJI_Motor16Get_DJIMotor_NumEv  ifr_motor.o
    0x08006534   0x08006534   0x00000072   Code   RO         2130    i._ZN13IFR_DJI_Motor18DJI_Motor_AnalysisEPhj  ifr_motor.o
    0x080065a6   0x080065a6   0x00000006   Code   RO         2131    i._ZN13IFR_DJI_Motor19Get_DJIMotor_OutputEv  ifr_motor.o
    0x080065ac   0x080065ac   0x00000004   Code   RO         2132    i._ZN13IFR_DJI_Motor19Set_DJIMotor_OutputEs  ifr_motor.o
    0x080065b0   0x080065b0   0x0000000a   Code   RO         2133    i._ZN13IFR_DJI_MotorC1Et  ifr_motor.o
    0x080065ba   0x080065ba   0x0000007a   Code   RO         2134    i._ZN13IFR_Pos_Motor13Motor_Pos_SetEi  ifr_motor.o
    0x08006634   0x08006634   0x00000004   Code   RO         2138    i._ZN13IFR_Pos_MotorC1Et  ifr_motor.o
    0x08006638   0x08006638   0x00000030   Code   RO         2139    i._ZN15IFR_Speed_Motor15Motor_Speed_SetEs  ifr_motor.o
    0x08006668   0x08006668   0x00000004   Code   RO         2140    i._ZN15IFR_Speed_MotorC1Et  ifr_motor.o
    0x0800666c   0x0800666c   0x00000094   Code   RO         1708    i._ZN16IFR_CAN_ClassDef12CAN_ReceviceEv  ifr_can.o
    0x08006700   0x08006700   0x000000b0   Code   RO         1709    i._ZN16IFR_CAN_ClassDef12CAN_TransmitEP19CAN_TxHeaderTypeDefPh  ifr_can.o
    0x080067b0   0x080067b0   0x000000ac   Code   RO         1710    i._ZN16IFR_CAN_ClassDef13CAN_Base_InitEP19__CAN_HandleTypeDef  ifr_can.o
    0x0800685c   0x0800685c   0x00000214   Code   RO         1712    i._ZN16IFR_CAN_ClassDef20CAN_TransmitForMotorEv  ifr_can.o
    0x08006a70   0x08006a70   0x00000042   Code   RO         1715    i._ZN16IFR_CAN_ClassDef25CAN_MultiMessage_TransmitEv  ifr_can.o
    0x08006ab2   0x08006ab2   0x0000001a   Code   RO         1721    i._ZN16IFR_CAN_ClassDef8CAN_InitEP19__CAN_HandleTypeDefP13IFR_DJI_Motor  ifr_can.o
    0x08006acc   0x08006acc   0x00000034   Code   RO         2449    i._ZN16IFR_TIM_ClassDef11TIM_ITStartEP19__TIM_HandleTypeDefPFvvE  ifr_tim.o
    0x08006b00   0x08006b00   0x0000000a   Code   RO         2450    i._ZN16IFR_TIM_ClassDef17TaskFunction_CallEv  ifr_tim.o
    0x08006b0a   0x08006b0a   0x0000004a   Code   RO         2504    i._ZN18IFR_UDBRx_ClassDef12Uart_RestartEv  ifr_usart.o
    0x08006b54   0x08006b54   0x00000110   Code   RO         2367    i._ZN7IFR_PID14Positional_PIDEff  ifr_pid.o
    0x08006c64   0x08006c64   0x0000001e   Code   RO         2369    i._ZN7IFR_PID8PID_InitEfffffff  ifr_pid.o
    0x08006c82   0x08006c82   0x00000030   Code   RO         5994    i.__ARM_fpclassify  m_wm.l(fpclassify.o)
    0x08006cb2   0x08006cb2   0x00000026   Code   RO         5918    i.__ARM_fpclassifyf  m_wm.l(fpclassifyf.o)
    0x08006cd8   0x08006cd8   0x0000012c   Code   RO         5752    i.__hardfp_asinf    m_wm.l(asinf.o)
    0x08006e04   0x08006e04   0x000002ac   Code   RO         5764    i.__hardfp_atan2f   m_wm.l(atan2f.o)
    0x080070b0   0x080070b0   0x000000c8   Code   RO         5776    i.__hardfp_cos      m_wm.l(cos.o)
    0x08007178   0x08007178   0x00000150   Code   RO         5788    i.__hardfp_cosf     m_wm.l(cosf.o)
    0x080072c8   0x080072c8   0x000000c8   Code   RO         5800    i.__hardfp_sin      m_wm.l(sin.o)
    0x08007390   0x08007390   0x00000190   Code   RO         5812    i.__hardfp_sinf     m_wm.l(sinf.o)
    0x08007520   0x08007520   0x0000003a   Code   RO         5824    i.__hardfp_sqrtf    m_wm.l(sqrtf.o)
    0x0800755a   0x0800755a   0x00000006   PAD
    0x08007560   0x08007560   0x00000438   Code   RO         5934    i.__ieee754_rem_pio2  m_wm.l(rred.o)
    0x08007998   0x08007998   0x00000170   Code   RO         5901    i.__kernel_cos      m_wm.l(cos_i.o)
    0x08007b08   0x08007b08   0x000000f8   Code   RO         5996    i.__kernel_poly     m_wm.l(poly.o)
    0x08007c00   0x08007c00   0x00000130   Code   RO         5942    i.__kernel_sin      m_wm.l(sin_i.o)
    0x08007d30   0x08007d30   0x00000014   Code   RO         5905    i.__mathlib_dbl_infnan  m_wm.l(dunder.o)
    0x08007d44   0x08007d44   0x00000004   PAD
    0x08007d48   0x08007d48   0x00000020   Code   RO         5907    i.__mathlib_dbl_invalid  m_wm.l(dunder.o)
    0x08007d68   0x08007d68   0x00000020   Code   RO         5910    i.__mathlib_dbl_underflow  m_wm.l(dunder.o)
    0x08007d88   0x08007d88   0x00000006   Code   RO         5921    i.__mathlib_flt_infnan  m_wm.l(funder.o)
    0x08007d8e   0x08007d8e   0x00000006   Code   RO         5922    i.__mathlib_flt_infnan2  m_wm.l(funder.o)
    0x08007d94   0x08007d94   0x00000010   Code   RO         5923    i.__mathlib_flt_invalid  m_wm.l(funder.o)
    0x08007da4   0x08007da4   0x00000010   Code   RO         5926    i.__mathlib_flt_underflow  m_wm.l(funder.o)
    0x08007db4   0x08007db4   0x00000154   Code   RO         5939    i.__mathlib_rredf2  m_wm.l(rredf.o)
    0x08007f08   0x08007f08   0x00000078   Code   RO          834    i.__sti___12_function_cpp_Motor_LF  function.o
    0x08007f80   0x08007f80   0x000000a0   Code   RO         1179    i.bmi088_accel_init  bmi088.o
    0x08008020   0x08008020   0x000000a0   Code   RO         1180    i.bmi088_gyro_init  bmi088.o
    0x080080c0   0x080080c0   0x00000074   Code   RO         1181    i.cali_param_init   bmi088.o
    0x08008134   0x08008134   0x00000018   Code   RO         5990    i.fabs              m_wm.l(fabs.o)
    0x0800814c   0x0800814c   0x0000002a   Code   RO         1182    i.flash_erase_address  bmi088.o
    0x08008176   0x08008176   0x00000002   PAD
    0x08008178   0x08008178   0x0000006c   Code   RO         1183    i.flash_write_single_address  bmi088.o
    0x080081e4   0x080081e4   0x000000d4   Code   RO         1184    i.ger_sector        bmi088.o
    0x080082b8   0x080082b8   0x000000f4   Code   RO         1185    i.get_next_flash_address  bmi088.o
    0x080083ac   0x080083ac   0x0000004c   Code   RO         1186    i.gyro_offset_calc  bmi088.o
    0x080083f8   0x080083f8   0x0000002c   Code   RO         1187    i.invSqrt           bmi088.o
    0x08008424   0x08008424   0x00000058   Code   RO           15    i.main              main.o
    0x0800847c   0x0800847c   0x0000003e   Code   RO         5826    i.sqrtf             m_wm.l(sqrtf.o)
    0x080084ba   0x080084ba   0x00000018   Code   RO         5890    x$fpl$basic         fz_wm.l(basic.o)
    0x080084d2   0x080084d2   0x00000002   PAD
    0x080084d4   0x080084d4   0x00000062   Code   RO         5740    x$fpl$d2f           fz_wm.l(d2f.o)
    0x08008536   0x08008536   0x00000002   PAD
    0x08008538   0x08008538   0x00000150   Code   RO         5742    x$fpl$dadd          fz_wm.l(daddsub_clz.o)
    0x08008688   0x08008688   0x000002b0   Code   RO         5973    x$fpl$ddiv          fz_wm.l(ddiv.o)
    0x08008938   0x08008938   0x0000005e   Code   RO         5976    x$fpl$dfix          fz_wm.l(dfix.o)
    0x08008996   0x08008996   0x0000002e   Code   RO         5981    x$fpl$dflt          fz_wm.l(dflt_clz.o)
    0x080089c4   0x080089c4   0x00000026   Code   RO         5980    x$fpl$dfltu         fz_wm.l(dflt_clz.o)
    0x080089ea   0x080089ea   0x00000002   PAD
    0x080089ec   0x080089ec   0x00000154   Code   RO         5748    x$fpl$dmul          fz_wm.l(dmul.o)
    0x08008b40   0x08008b40   0x0000009c   Code   RO         5892    x$fpl$dnaninf       fz_wm.l(dnaninf.o)
    0x08008bdc   0x08008bdc   0x0000000c   Code   RO         5894    x$fpl$dretinf       fz_wm.l(dretinf.o)
    0x08008be8   0x08008be8   0x00000016   Code   RO         5743    x$fpl$drsb          fz_wm.l(daddsub_clz.o)
    0x08008bfe   0x08008bfe   0x00000002   PAD
    0x08008c00   0x08008c00   0x000001d4   Code   RO         5744    x$fpl$dsub          fz_wm.l(daddsub_clz.o)
    0x08008dd4   0x08008dd4   0x00000056   Code   RO         5750    x$fpl$f2d           fz_wm.l(f2d.o)
    0x08008e2a   0x08008e2a   0x0000008c   Code   RO         5896    x$fpl$fnaninf       fz_wm.l(fnaninf.o)
    0x08008eb6   0x08008eb6   0x0000000a   Code   RO         5986    x$fpl$fpinit        fz_wm.l(fpinit.o)
    0x08008ec0   0x08008ec0   0x0000000a   Code   RO         5898    x$fpl$fretinf       fz_wm.l(fretinf.o)
    0x08008eca   0x08008eca   0x00000000   Code   RO         5900    x$fpl$usenofp       fz_wm.l(usenofp.o)
    0x08008eca   0x08008eca   0x00000010   Data   RO          782    .constdata          system_stm32f4xx.o
    0x08008eda   0x08008eda   0x00000008   Data   RO          783    .constdata          system_stm32f4xx.o
    0x08008ee2   0x08008ee2   0x00000010   Data   RO         1238    .constdata          bmi088.o
    0x08008ef2   0x08008ef2   0x00000008   Data   RO         3341    .constdata          stm32f4xx_hal_dma.o
    0x08008efa   0x08008efa   0x00000006   PAD
    0x08008f00   0x08008f00   0x00000030   Data   RO         5902    .constdata          m_wm.l(cos_i.o)
    0x08008f30   0x08008f30   0x000000c8   Data   RO         5936    .constdata          m_wm.l(rred.o)
    0x08008ff8   0x08008ff8   0x00000020   Data   RO         5940    .constdata          m_wm.l(rredf.o)
    0x08009018   0x08009018   0x00000028   Data   RO         5943    .constdata          m_wm.l(sin_i.o)
    0x08009040   0x08009040   0x00000020   Data   RO         6092    Region$$Table       anon$$obj.o
    0x08009060   0x08009060   0x00000004   Data   RO          858    .init_array         function.o
    0x08009064   0x08009060   0x00000000   Data   RO         5735    .init_array         c_w.l(init_aeabi.o)


    Execution Region RW_IRAM2 (Exec base: 0x10000000, Load base: 0x080090e0, Size: 0x00000000, Max: 0x00010000, ABSOLUTE)

    **** No section assigned to this execution region ****


    Execution Region RW_IRAM1 (Exec base: 0x20000000, Load base: 0x08009064, Size: 0x00001d08, Max: 0x00020000, ABSOLUTE, COMPRESSED[0x0000007c])

    Exec Addr    Load Addr    Size         Type   Attr      Idx    E Section Name        Object

    0x20000000   COMPRESSED   0x00000004   Data   RW          363    .data               can.o
    0x20000004   COMPRESSED   0x00000004   Data   RW          784    .data               system_stm32f4xx.o
    0x20000008   COMPRESSED   0x00000040   Data   RW          855    .data               function.o
    0x20000048   COMPRESSED   0x000000fc   Data   RW         1239    .data               bmi088.o
    0x20000144   COMPRESSED   0x00000008   Data   RW         1240    .data               bmi088.o
    0x2000014c   COMPRESSED   0x00000004   Data   RW         1742    .data               ifr_can.o
    0x20000150   COMPRESSED   0x0000000c   Data   RW         3763    .data               stm32f4xx_hal.o
    0x2000015c        -       0x000000c8   Zero   RW          362    .bss                can.o
    0x20000224        -       0x00000140   Zero   RW          437    .bss                spi.o
    0x20000364        -       0x00000168   Zero   RW          481    .bss                tim.o
    0x200004cc        -       0x0000021c   Zero   RW          535    .bss                usart.o
    0x200006e8        -       0x00000d28   Zero   RW          852    .bss                function.o
    0x20001410        -       0x00000199   Zero   RW         1232    .bss                bmi088.o
    0x200015a9   COMPRESSED   0x00000003   PAD
    0x200015ac        -       0x00000014   Zero   RW         1234    .bss                bmi088.o
    0x200015c0        -       0x00000018   Zero   RW         1235    .bss                bmi088.o
    0x200015d8        -       0x00000018   Zero   RW         1236    .bss                bmi088.o
    0x200015f0        -       0x0000000c   Zero   RW         1739    .bss                ifr_can.o
    0x200015fc        -       0x0000003c   Zero   RW         2456    .bss                ifr_tim.o
    0x20001638        -       0x0000004c   Zero   RW         2517    .bss                ifr_usart.o
    0x20001684        -       0x00000020   Zero   RW         2995    .bss                stm32f4xx_hal_flash.o
    0x200016a4        -       0x00000060   Zero   RW         5999    .bss                c_w.l(libspace.o)
    0x20001704   COMPRESSED   0x00000004   PAD
    0x20001708        -       0x00000200   Zero   RW            2    HEAP                startup_stm32f407xx.o
    0x20001908        -       0x00000400   Zero   RW            1    STACK               startup_stm32f407xx.o


==============================================================================

Image component sizes


      Code (inc. data)   RO Data    RW Data    ZI Data      Debug   Object Name

      5000        378         16        260        477     672760   bmi088.o
       444         42          0          4        200       2554   can.o
       108          4          0          0          0        830   dma.o
      3050        378          4         64       3368     656759   function.o
       296         20          0          0          0     722119   gpio.o
      1202         38          0          4         12     586940   ifr_can.o
       326         36          0          0          0       5848   ifr_dmmotor.o
       316          0          0          0          0       8168   ifr_motor.o
       302          4          0          0          0       1536   ifr_pid.o
       284         14          0          0         60       3722   ifr_tim.o
       204          8          0          0         76       3873   ifr_usart.o
       244         10          0          0          0      69316   main.o
       336         40          0          0        320       1919   spi.o
        64         26        392          0       1536        852   startup_stm32f407xx.o
       188         30          0         12          0       9493   stm32f4xx_hal.o
      2390         78          0          0          0      18377   stm32f4xx_hal_can.o
       244         16          0          0          0      34429   stm32f4xx_hal_cortex.o
      1378         18          8          0          0       8399   stm32f4xx_hal_dma.o
       568         74          0          0         32       6190   stm32f4xx_hal_flash.o
       380         24          0          0          0       3406   stm32f4xx_hal_flash_ex.o
       934         42          0          0          0       4049   stm32f4xx_hal_gpio.o
        52         10          0          0          0        854   stm32f4xx_hal_msp.o
      1722        104          0          0          0       6596   stm32f4xx_hal_rcc.o
      1884         74          0          0          0      14432   stm32f4xx_hal_spi.o
      2350        162          0          0          0      18490   stm32f4xx_hal_tim.o
       160          0          0          0          0       3208   stm32f4xx_hal_tim_ex.o
      1998         66          0          0          0      17491   stm32f4xx_hal_uart.o
       194         78          0          0          0      11763   stm32f4xx_it_1.o
        16          4         24          4          0       1139   system_stm32f4xx.o
       356         38          0          0        360       2955   tim.o
       832        102          0          0        540       4191   usart.o

    ----------------------------------------------------------------------
     27862       1918        482        348       6984    2902658   Object Totals
         0          0         32          0          0          0   (incl. Generated)
        40          0          6          0          3          0   (incl. Padding)

    ----------------------------------------------------------------------

      Code (inc. data)   RO Data    RW Data    ZI Data      Debug   Library Member Name

        90          0          0          0          0          0   __dczerorl2.o
         8          0          0          0          0         68   __main.o
         0          0          0          0          0          0   __rtentry.o
        12          0          0          0          0          0   __rtentry2.o
         6          0          0          0          0          0   __rtentry4.o
        52          8          0          0          0          0   __scatter.o
        28          0          0          0          0          0   __scatter_zi.o
        22          0          0          0          0        100   _rserrno.o
        18          0          0          0          0         80   exit.o
         6          0          0          0          0        152   heapauxi.o
         0          0          0          0          0          0   indicate_semi.o
        36         10          0          0          0         80   init_aeabi.o
         2          0          0          0          0          0   libinit.o
        10          0          0          0          0          0   libinit2.o
         2          0          0          0          0          0   libshutdown.o
         2          0          0          0          0          0   libshutdown2.o
         8          4          0          0         96         68   libspace.o
       238          0          0          0          0        100   lludivv7m.o
         8          4          0          0          0         68   rt_errno_addr_intlibspace.o
       138          0          0          0          0         68   rt_memcpy_v6.o
       100          0          0          0          0         80   rt_memcpy_w.o
         2          0          0          0          0          0   rtexit.o
        10          0          0          0          0          0   rtexit2.o
        12          4          0          0          0         68   sys_exit.o
        74          0          0          0          0         80   sys_stackheap_outer.o
         2          0          0          0          0         68   use_no_semi.o
        24          0          0          0          0        164   basic.o
        98          4          0          0          0        140   d2f.o
       826         16          0          0          0        492   daddsub_clz.o
       688        140          0          0          0        256   ddiv.o
        94          4          0          0          0        140   dfix.o
        84          0          0          0          0        232   dflt_clz.o
       340         12          0          0          0        152   dmul.o
       156          4          0          0          0        140   dnaninf.o
        12          0          0          0          0        116   dretinf.o
        86          4          0          0          0        132   f2d.o
       140          4          0          0          0        132   fnaninf.o
        10          0          0          0          0        116   fpinit.o
        10          0          0          0          0        116   fretinf.o
         0          0          0          0          0          0   usenofp.o
       300         42          0          0          0        176   asinf.o
       684         90          0          0          0        208   atan2f.o
       200         20          0          0          0        164   cos.o
       368         46         48          0          0        200   cos_i.o
       336         56          0          0          0        136   cosf.o
        84         16          0          0          0        372   dunder.o
        24          0          0          0          0        124   fabs.o
        48          0          0          0          0        124   fpclassify.o
        38          0          0          0          0        116   fpclassifyf.o
        44         12          0          0          0        464   funder.o
       248          0          0          0          0        152   poly.o
      1080        142        200          0          0        188   rred.o
       340         24         32          0          0        160   rredf.o
       200         20          0          0          0        164   sin.o
       304         24         40          0          0        208   sin_i.o
       400         56          0          0          0        212   sinf.o
       120          0          0          0          0        272   sqrtf.o

    ----------------------------------------------------------------------
      8300        766        320          0        100       6848   Library Totals
        28          0          0          0          4          0   (incl. Padding)

    ----------------------------------------------------------------------

      Code (inc. data)   RO Data    RW Data    ZI Data      Debug   Library Name

       886         30          0          0         96       1080   c_w.l
      2568        188          0          0          0       2328   fz_wm.l
      4818        548        320          0          0       3440   m_wm.l

    ----------------------------------------------------------------------
      8300        766        320          0        100       6848   Library Totals

    ----------------------------------------------------------------------

==============================================================================


      Code (inc. data)   RO Data    RW Data    ZI Data      Debug   

     36162       2684        802        348       7084    2879938   Grand Totals
     36162       2684        802        124       7084    2879938   ELF Image Totals (compressed)
     36162       2684        802        124          0          0   ROM Totals

==============================================================================

    Total RO  Size (Code + RO Data)                36964 (  36.10kB)
    Total RW  Size (RW Data + ZI Data)              7432 (   7.26kB)
    Total ROM Size (Code + RO Data + RW Data)      37088 (  36.22kB)

==============================================================================

